80/20 Thinking
8vo
Above the Title Productions
Accident Advice Helpline
Acorn Media UK
Acrylicize
Adastra Minerals
Addison Lee
Adfonic
Agatha Christie Ltd.
Agricultural & General Engineers
Ahrends, Burton and Koralek
Ainsworths
Alferon Management
Alfred McAlpine
Allied Carpets
Angel Trains
Anglo Arab Alliance
Anglo Pacific Group
Antal International Ltd
Antenna International
The Antique Wine Company
AnyJunk
Aon plc
ApplianSys
Arcadia Group
Arcadis UK
Arenapal
Aricom
Armajaro
Art Loss Register
Artech House
Artists' Collecting Society
ASC Finance for Business
Ashmore Group
Ashtead Group
AstraZeneca
Atelier One
Atlantic Books
Atomic Antelope
Augere
Autoquake
Avenue 32
Aviva
Avocet Mining
Avolites
Babcock International
Backes & Strauss
Bad Press
Balderton Capital
Balfour Beatty
Balkan Dream Properties
Base One Group
BBA Aviation
BBC
BBC Records
Bedlam Productions
Bejam
Belen Echandia
Bell Pottinger Private
George Bell & Sons
Bentley & Skinner
Berendsen
Berry Brothers & Rudd
Berwin Leighton Paisner
Bespoke Henna
Bestinvest
Bestway
Beta 2 Limited
Beyond Retro
Bioline Reagents
BioMed Central
A & C Black
Bleep.com
Blue Inc
Blue Rubicon
Blue Whale Systems
Bluebay Asset Management
BMCE Bank International
BMJ Group
Boden
Bodyamr
Boltfish Recordings
Boosey & Hawkes
BP
The Brand Union
Brent Community Transport
Brewin Dolphin
Bridgeman Art Library
Bridgepoint Capital
BrightTALK
Briglin Pottery
Brit Insurance
British Airways
British Airways Limited
British American Tobacco
British and Commonwealth Holdings
British Energy
British Home Stores
British Land
British Youth Council
Brixton plc
Brogan Group
Bromcom
Brompton Bicycle
BSkyB
BTG
BT Group
BTR plc
Bulgarian Dreams
BullGuard
Bunzl
Bupa
BUPA
Cad & the Dandy
Cadbury
Cake Entertainment
Caparo
Cape plc
Capita Group
Capita Symonds
Capital Economics
Carlisle Managed Solutions
Carlton Carriage Co
Carter Jonas
Cartoon Network Development Studio Europe
Cassell
Centaur Media
CeX
Chamberlin, Powell and Bon
ChangeGroup
Charter International
Cheapflights
Chelsea Foods
Chesham Amalgamations
Cheyne Capital Management
CHI Records
The Children's Investment Fund Management
Chloride Group
ChoiceOdds
Churchill Insurance Company
Clément-Talbot
CLS Holdings
CMG
Coats PLC
The Cobra Group
Coin Street Community Builders
College of Public Speaking
Communicaid
CompAir
ComRes
Concentrate Design
Consumer Choices
Conville and Walsh
Cosmos Holidays
Cox & King
Cox & Kings
Creek Audio
CronLab
Current Publishing (UK)
DAC Beachcroft
Dade2
Daejan Holdings
Dagenham Motors
Dahabshiil
Daily Mail and General Trust
Dalgety plc
Darty plc
DataCash
Datamonitor
DataWind
Davenport Lyons
Davis Langdon
De Vere Group
Dealogic
Derwent Capital Markets
Dexion
Diploma plc
Direct Ferries
Diversified Global Graphics Group
Djhistory.com
Dods (Group) PLC
Dopplr
Dot2Dot
Double Negative (VFX)
Dunnhumby
E-Clear
Eastern Electricity
Ebiquity
ECA International
Ecoigo
Ecourier
Ede & Ravenscroft
EDF Energy
Electronic Music Studios
Elementis
Elix-IRR
Emap International Limited
Emerald Energy
EMI
EMI Music Publishing
Empresaria Group
Endemol UK
Enders Analysis
The Energy Group
English Eccentrics
Enodis
Ensco plc
Enso Group
Eon Digital Entertainment
Erased Tapes Records
Ergo ID
Ernst & Young
Eterniti Motors
ETF Securities
ETX Capital
Euroffice
Eurotherm
Euromonitor International
Evolution Group
Evraz
Exco International
Expedition Engineering
Eyevine
Family Law in Partnership
Fever Media
FilmFair
FilmOn
First Intuition
First Solution Money Transfer
First Student UK
Floris of London
Forte Group
Frances Lincoln Publishers
Frankham Consultancy Group
Freeplay Energy
Freestone and Webb
Fresnillo plc
Future Shorts
Galliford Try
Gapforce
Gas Light and Coke Company
GCM Resources
George Wimpey
Gem Diamonds
General Eyewear
Generation Investment Management
Gestetner
GfK NOP
GFMS
Antony Gibbs & Sons
GlaxoSmithKline
Glaxo Wellcome
GlobalCampus
GMW Architects
Theodore Goddard
Goldgenie
The Goldsmiths' Company Assay Office
Good Relations
Graff Diamonds
Grahams Hi-Fi
Greenwich Leisure Limited
Greycon
Grosvenor Group
Freddie Grubb
Gulland Padfield
Gunter's Tea Shop
Hammerson
Hammonds
Hand in Hand Fire & Life Insurance Society
Hanne & Co
Hanson plc
Hardy Amies Ltd
Hardy Oil and Gas
Hart, Son, Peard and Co.
Havas Digital
Hays plc
Heathrow Airport Holdings
Henderson Group
Henyep Investment
Heron International
Hetchins
HHCL
Hi-Gen Power
Higgs and Hill
Hinduja Group
Hirst Research Centre
Hodge Jones & Allen
Hogan Lovells
Holdsworth
Holland, Hannen & Cubitts
Holloway Brothers (London)
Hooper's Telegraph Works
Horniman's Tea
House of Fraser
Houlihan Lokey
Howden Joinery
HSBC
Humphrys, Tennant and Dykes
Hungryhouse.co.uk
Hunter Plastics Limited
Hunting plc
Huntsworth
Hyperoptic
ICAP
ICM Research
IG Group
Imagini
Imperial Chemical Industries
Imperial Continental Gas Association
Imperial Innovations
Ince & Co.
Inchcape plc
Inflexion Private Equity
Information Security Forum
Inmarsat
Intermediate Capital Group
International Computers Limited
International Power
International Tea Co. Stores
Intertek
Invensys
Investis
Iona Capital
IP Group
Ipsos MORI
Isokon
ITE Group
Iwoca
J & A Beare
J. and G. Rennie
Jardine Lloyd Thompson
Jean Machine
Jessica Kingsley Publishers
Jestico + Whiles
JKX Oil & Gas
John Laing plc
John Penn and Sons
Johnson banks
Johnson Matthey
JUDGEnergy
Julia Burness
Justgiving
J&W Nicholson & Co
K[edit]
Kantar Worldpanel
Kaplan Financial Ltd
Kaupthing Singer & Friedlander
Keith Prowse
Keller Group
Kesslers International Group
Kind Consumer Limited
Kingfisher plc
Jessica Kingsley Publishers
Kold Sweat Records
Krum Corporate
L.K.Bennett
Ladbrokes
Laird plc
Lamson Engineering Company Ltd
Lane Clark & Peacock
Language Connect
Lasmo
LatinNews
Lattice Group
Law Debenture
Leading Edge Forum
Lebrecht Photo Library
Legal & General
Levitt Bernstein
Lewis & Co
Lewis Leathers
Lewis Recordings
LIDA
Limmer Holdings
Linklaters
Lledo
Lloyds Banking Group
LLM Communications
Lloyd Johnson
Logica
LondonMetric Property
London Climate Change Agency
London Stock Exchange Group
The London Distillery Company
London Necropolis Company
Long Tall Sally Clothing
Lonmin
Loose Music
Lucas Brothers, Builders
Luther Pendragon
Man Group
Marex Spectron
Marjan Television Network
Markit
Marks & Clerk
Marks & Spencer
Mathmos
Maxwell Communications Corporation
McBride plc
Mecom Group
Medical Research Council Technology
Melrose plc
Andrew Melrose
MEPC plc
Mercury Asset Management
Metaswitch
Methuen Publishing
Metropolis International
MFI Group
MHP Communications
Microplas
Millennium & Copthorne Hotels
Millhouse Capital
Minerva
Mintel
Misys
Mitre Sports International
Molton Brown
Mondi Group
Monex Europe
Moneycorp
Monington and Weston
Morgan Crucible
Morgan Sindall Group
Morrison Facilities Services
Moss Empires
Mousebreaker
Moving Brands
MJP Architects
Viacom International Media Networks
Mushroom TV
MWB Group Holdings
My Family Care
MySociety
Nails Inc.
Nannyshare.co.uk
Nathaniel Lichfield and Partners
National Benzole
National Express Group
National Freight Corporation
National Grid plc
National Westminster Bank
NBNK
Nelsons
News UK
Nimax Theatres
N M Rothschild & Sons
Nobrow Press
North West London Credit Union
Norton Rose Fulbright
Notion Capital
NTT Europe Ltd
Oak Futures
OB10
Ocean Group plc
Odyssey Airlines
Old London Underground Company
Old Mutual
OmniCompete
Omnifone
OnePoll
OpenBet
Ophir Energy
Opinium Research LLP
Optimax
ORC International
Organic Monitor
Organisation and Technology Research
Orsu Metals
OSTC
Outsights
Ovum Ltd.
H.R. Owen
PA Consulting Group
PACE Sports Management
Palace Software
Panmure Gordon & Co.
Pantheon Ventures
Park Royal Partnership
Pearn, Pollinger & Higham
Pearson PLC
Peek Freans
Perenco
Peruvian Corporation
Phaidon Press
Phillips & Drew
Pimlico Plumbers
Pinchin Johnson & Associates
Playfish
Plus500
Henry Poole & Co
Portland Communications
Position Ignition
Pottermore
Premier Farnell
Premier Model Management
Premier Oil
Pressparty
Progressive Digital Media
PricewaterhouseCoopers
Prudential plc
The Pyrene Company Limited
Qube Software
Quercus
R. A. Rooney & Sons
Railtrack
Ralph & Co
Rapha
Rara.com
Rare Tea Company
Rathbone Brothers
Reaktion Books
Reed Elsevier
Reliance Globalcom
Rentokil Initial
Resolution plc
Restaurant Group
Retro-juice productions
Rexam
Reynolds Porter Chamberlain
Rigby & Peller
Rio Tinto Group
RjDj
Robert Fleming & Co.
Robert Walters plc
Roberson Wine
Rockstar London
Rolls-Royce Group PLC
Rothmans International
Roots&Choice
Royal Dutch Shell
Royal Exchange Assurance Corporation
Royal London Asset Management
Royal Mail
RSA Insurance Group
Rushes Postproduction
RusPetro
Russell & Bromley
S. G. Warburg & Co.
SABMiller
Safeway
Sainsbury's
Salamander Energy
Salviati
Samuel Enderby & Sons
Samvo Group
Santander UK
Satellite Information Services
Scarlet Blade Theatre
Dr. Scholl's
Schroders
Science Photo Library
Science Projects Limited
Sears plc
Securicor
Sedgwick Group
See Tickets
Select Model Management
Sellar Property Group
Senceive
Sense Worldwide
Service in Informatics and Analysis
Shaftesbury plc
Sharps Pixley
Shazam (service)
Shed Media
Shutl
Siebe Gorman
Siebe plc
Siemens Brothers
Signet Jewelers
Signwave
Silence Therapeutics
Silver Circle
SilverDoor
Simmons & Simmons
Sinclair Research
Sir Robert McAlpine
Skinny Candy
Slaughter and May
Smith & Nephew
Smiths Gore
Smiths Group
Sobranie
SOCO International
Sony Mobile Communications
Southern Fried Chicken
Speedo International Limited
Spire Healthcare
Splash Damage
Sporting Index
Spotware
Spread Co
Square Enix Europe
SSL International
Stainer & Bell
Standard Chartered
Standard Telephones and Cables
Stanton Williams
StatPro Group
Stemcor
SThree
Storage Made Easy
Storehouse plc
Sun Life & Provincial Holdings
Survation
SVG Capital
Swaine Adeney Brigg
Swan Song Records
System Simulation
Syswear
Takeover/Cloud 9
Takeover Entertainment
TalkTalk Group
Tamar.com
Tanner Krolle
Tata Steel Europe
Tate & Lyle
Tate Publishing Ltd
Taxi Media
Taylor Nelson Sofres
Taylor Wimpey
Taylor Woodrow
TD Tom Davies
TelecityGroup
Telecom Plus
Telewest
TestPlant
Thames & Hudson
Thames Water Authority
The Bedford Estate
THG Sports
Thomas Cook & Son
Thomsons Online Benefits
Thorn Electrical Industries
Thorn EMI
Three Six Zero Group
Thurleigh Investment Managers
Tilda
Tomkins plc
Tower Hamlets Summer University
TowerBrook Capital Partners
TPP Law Limited
Tradus
Transmeridian Air Cargo
Transmission Recordings
TransTales Entertainment
Travers Smith
Tribal Group
Trinity Mirror
Trowers & Hamlins
Trustee Savings Bank
Tullett Prebon
Tullow Oil
TV Pixie
Ubiquity Press
UBM plc
UCB Home Loans
UCL Business
Ugly Models
UK Youth Parliament
UKstreetsounds
UKTV
Ultramar plc
Underbelly Limited
Unilever
Union Hand-Roasted Coffee
United Biscuits
United Kingdom Accreditation Service
Unity Capital
Urturn
Userfarm
Vanco
Varsity Express
Vedanta Resources
Venturethree
Versailles Group
Very Nearly Almost
Vesuvius plc
Viagogo
VideoGamer.com
Virgin EMI Records
Virtual Internet
VistaScreen
Ward & Company of London
Waring Brothers
Watney Combe & Reid
Web Technology Group
Webb Ellis
White Line Hotels
Whitehead Mann
Whyte Chemicals
Wildsmith Shoes Ltd.
William Hill
Williams Lea
William Watkins Ltd
Willis Group
Wogdon & Barton
The Woolwich
Woolworths Group
Workspace Group
World First
World Television
WPP plc
Wright & Teague
WSP Group
Wynndel Property Management
Xchanging
Yazino
Yogscast Ltd
YossarianLives!
Z/Yen
Zavvi Entertainment Group Ltd
Zeneca
