20-20
20TH CENTURY FOX
3I
3M
AA
ABACUS
ABBEY
ABBOTT
ABB ROBOTICS
ABC
ABF
AB VOLVO
AB. VOLVO
ACADEMIC MEDICINE DEVELOPMENT COMPANY
ACADEMY OF SCIENCES
ACCO
ACER
ACHILLES
ACME
ACUSTAR
ADAM OPEL
ADAN KHASHOGGI
ADB
ADETEX
ADOLPH COORS
ADVANCED DISPLAY
ADVANCED MICRO DEVICES
ADVO
AEAECHNOLOGY
AEG
AEKYUNG
AEMSA
AENEAS
AERITALIA
AEROCOMPLEX
AEROFIRST
AEROFLOT
AEROLEASING
AEROMAR
AER RIANTA
AFFYMAX RESEARCH INST
AFIC
AFL-CIO
AG ASSOCIATES
AG. ASSOCIATES
AGIP
AGPOL
AG PROCESSING
AGRISENSE
AGWAY
AIRBUS
AIRBUS INDUSTRIE
AIR CANADA
AIRCEL DIGILINK
AIR FRANCE
AIR LANKA
AIR LIBERTE
AIR MICRONESIA
AIR MIKE EXPRESS
AIRTOURS
AIR TREADS
AJINOMOTO
AKZO
ALAS HELAU
ALBERTO CULVER
ALCAN ALUMINUM
ALCATEL
ALCATEL-BELL
ALCATEL BELL TELEPHONE
ALCHEM
ALCOA
ALCOM
ALDYL
ALEX. BROWN
ALG
ALGSU
ALITALIA
ALLEGHENY LUDLUM
ALLEN-BRADLEY
ALLERGAN
ALLIANT TECHSYSTEMS
ALLIANZ
ALLIED BREWERIES NEDERLAND
ALLIED PROPERTIES
ALLIED-SIGNAL
ALLIED-SIGNAL ENGINEERED PLASTICS
ALL NEWS CHANNEL
ALOHA TOWER ASSOCIATES
ALTA GOLD
ALTAIR TECHNOLOGIES GMBN
ALTERA
ALUJAIN
ALUSIT
AMAX
AMAZON
AMAZON.COM
AMB
AMC
AMCOL
AMD
AMDAHL
AMDEC
AMERADA HESS
AMERICAN BRANDS
AMERICAN CHEMICAL SOCIETY
AMERICAN CONTINENTAL PROPERTIES
AMERICAN CYANAMID
AMERICAN EXPRESS
AMERICAN EXPRESS VACATIONS
AMERICAN GREETINGS
AMERICAN HOME PRODUCTS
AMERICAN MAIZE-PRODUCTS
AMERICAN STANDARD
AMERICAN STOCK EXCHANGE
AMERICAN TELEPHONE AND TELEGRAPH
AMERICA ONLINE
AMERIHOST
AMETEK
AMGEN
AMMANN YANMAR
AMOCO
AMOCO.
AMOCO CHEMICAL
AMOCO CHEMICAL COMPANY
AMOSKEAG
AMP
AMPER
AMSC
AMT
AMTRAK
ANA
ANACOMP
ANALOG DEVICES
ANALOGIC
ANCHOR GLASS CONTAINER
ANDERS WILHELMSEN
ANELVA
ANHEUSER-BUSCH
ANSALDO
ANTON KAJRICH
ANZCO
ANZCO.
AOKI
AOL
AP
APHTON
AP MOELLER
APPLE
APPLE COLLEGE INFORMATION NETWORK
APPLE COMPUTER
APPLE COMPUTERS
APPLIED MATERIALS
ARBITRON
ARC
ARCADIAN
ARCHER-DANIELS-MIDLAND
ARCHER TECHNICOAT
ARGONNE
ARGOS
ARIANESPACE
ARIZONA MICROCHIP
ARLINGTON
ARLINGTON SECURITIES
ARMCO
ARMCO STEEL
ARMSTORNG
ARMSTRONG INDUSTRIES SINGAPORE PTE
ARMSTRONG INDUSTRIES SINGAPORE PTE.
ARMSTRONG WORLD INDUST.
ARTHUR ANDERSEN
ASAHI
ASAHI GLASS
ASARCO
ASARCO.
ASC
ASCII
ASEA
ASEA BROWN
ASEA BROWN BOVER
ASEA BROWN BOVERI
ASEA-BROWN BOVERI
ASEAN
ASEAN BINTULU FERTILIZER
ASETCO
ASETCO.
ASHLAND
ASHLAND OIL
ASHURST
ASHURST MORRIS CRISP
ASIAN DEVELOPMENT BANK
ASIA PACIFIC PIPE INVESTMENT
ASIASAT
ASM
ASM EPITAXY
ASM LITHOGRAPHY
ASPEN SEMI-CONDUCTOR
ASSOCIATED FINANCE
ASSOCIATED FINANCE SHANGHAI
ASSOCIATED PRESS
AST
ASTRA
AST RESEARCH
ASTROPIZZA
AT &AMP; T
AT&AMP ; T
AT &AMP; T MICROELECTRONICS
AT&AMP ; T MICROELECTRONICS
AT AND T
ATEQ
ATLANTIC RICHFIELD
ATOCHEM
AT & T
AT&T
AT & T MICROELECTRONICS
AT&T MICROELECTRONICS
AUGAT
AU PRINTEMPS
AUTOEXPORTIMPORT
AUTOKONSZERN
AUTOLATINA
AUTOMOBILE PEUGEOT
AUTOMOBILES PEUGEOT
AUTOMOBILE WORKS EISENACH
AUTOMOBIL-WERK EISENACH
AUTO VAZ SERVICE
AVERY DENNISON
AVIALAT
AVIONS DE TRANSPORT REGIONAL
AVON IEC
AVON PRODUCTS
AYALA
AYER
BA
BABCOCK &AMP; WILCOX
BABCOCK & WILCOX
BABOLNA
BAIN VENTURE CAPITAL
BAKER &AMP; MCKENZIE
BAKER HUGHES
BAKER & MCKENZIE
BAKRIE BROTHERS
BALSHINE FOUNDATION AND GEORGE THE THIRD AND SON
B&AMP ; W
BANANA REPUBLIC
BANCO SANTANDER
BANDAG
BANDO
BANDO CHEMICAL
BANGKOK BANK
BANK
BANK BUANA
BANK CENTRAL ASIA
BANK DAGANG NEGARA
BANK INTERNATIONAL INDONESIA
BANK NEGARA INDONESIA
BANK OF CHINA
BANK OF CHINA SHANGHAI TRUST AND CONSULTANCY
BANK OF COMMUNICATIONS
BANK OF EAST ASIA
BANK PEMBANGUNAN INDONESIA
BANQUE INDOSUEZ
BANTA
BAPINDO
BARCLAYS
BARD
BARLASTON
BAROID
BARUM
BARUM-OTROKOVICE
BARUM PUCHOV
BARUM TYRES
BASF
BAT
BAUMANIERE
BAUSCH &AMP; LOMB
BAUSCH & LOMB
BAXTER
BAYER
BBC
BBDO
BBDO WORLDWIDE
BCA
BCBS
BCE
BECHTEL
BECKMAN INSTRUMENTS
BECTON DICKINSON
BEEFEATER
BEIJING AMERICAN EXPRESS CENTER
BEIJING FIRST COMMERCIAL BUREAU
BEIJING MUNICIPALITY
BELL &AMP; HOWELL
BELLA PASTA
BELL ATLANTIC
BELLCORE
BELL & HOWELL
BELLSOUTH
BELL SYSTEM
BELL TELEPHONE
BEMIS
BENNETT REISEBUREAU
BENZ
BERISFORD
BERKSHIRE HATHAWAY
BERLIAN INTERNIAGA
BERLINER BANK
BERTELSMANN AG
BETHANY MEDICAL CENTER
BETHLEHEM STEEL
BFGOODRICH
B F GOODRICH
B.F. GOODRICH
BF GOODRICH
BHC
BHP
BIG BOARD
BII
BIIN
BILLY HARGIS
BIRDS EYE
BIRGENAIR
BITIC
BLACK &AMP; DECKER
BLACK CAUCUS
BLACK & DECKER
BLOCKBUSTER
BLOCKBUSTER VIDEO
BLOCK DRUG
BLOOMBERG BUSINESS NEWS
BLOOMINGDALE
BLOOMINGDALE'S
BLOUNT
BLUE CROSS BLUE SHIELD
BMI
BMI BRITISH MIDLAND
BMW
BNFL
BNI
BNP PARIBAS
BOC
BOCTC
BOEING
BOEING AEROSPACE AND ELECTRONICS
BOISE CASCADE
BOMBARDIER
BON MARCHE
BOOKHAM
BOONE
BOOTS
BORDEN
BOSCH
BOSTON GLOBE
BOVIS
BOWATER
BOZELL
BP
BP COAL
BR
BRAINTREE
BRAMBLES
BRASPETRO
BRATISLAVA AUTOMOBILE ZAVODI
BRATISLAVA AUTO WORKS
BRATISLAVSKE AUTOMOBILOVE ZAVODY
BRAZIL PETROLEUM
BRENT WALKER
BRIDGESTONE
BRIGGS &AMP; STRATTON
BRIGGS & STRATTON
BRINA
BRINSON
BRINSON PARTNERS
BRISTOL-MYERS SQUIBB
BRITISH AEROSPACE
BRITISH AIRWAYS
BRITISH BROADCASTING CORPORATION
BRITISH GAS
BRITISH NUCLEAR FUELS
BRITISH PETROLEUM
BRITISH RAIL
BRITISH SKY BROADCASTING
BRITISH TELECOM
BRITISH TELECOMMUNICATIONS
BROOKS BROTHERS CELLAR
BROWN &AMP; ROOT
BROWN-FORMAN
BROWN & ROOT
BRUNSWICK
BSKYB
BT
BT CELLNET
BT CONERT
BT FUTURE
BTI
BT IGNITE
BT RETAIL
BTR NYLEX
BT WIRELESS
BUFFALO BILLS
BUNDESBANK
BURDA
BURDINES
BURLINGTON INDUST. CAPITAL
BURLINGTON RESOURCES
BURMAH
BURNET
BURNET REALTY
BURNS FRY
BURR-BROWN
BURROUGHS
BUSINESS STRATEGIES
BUTTERWORTH
B & W
CABLE &AMP; WIRELESS
CABLE AND WIRELESS
CABLE NEWS NETWORK
CABLE & WIRELESS
CABOT
CAHNERS
CALIFORNIA JAMAR
CALL INTERACTIVE
CALMIT INDUSTRIAL LTDA
CALMIT INDUSTRIAL LTDA.
CALSETE EMPRESS
CAMBELL SOUP
CAMBRIDGE UNIVERSITY PRESS
CAMERON
CAMPEAU
CANADIAN HUNTER
CANDELA
CANDELA LASER
CANFOR
CANON
CANON USA
CANON U.S.A.
CAPITAL ECONOMICS
CAPITAL INDUSTRY
CARBIDE
CARENA
CARL ZEISS
CAROLCO
CAROLCO.
CAROLCO PARAVISION TELEVISION INTERNATIONAL VOF
CAROLCO PARAVISION TELEVISION INTERNATIONAL V.O.F.
CARRIAN
CARRIAN NOMINEE
CARTERS
CARTER-WALLACE
CARTIER
CASA LA FEMME
CASCADES
CASTROL
CATERPILLAR
CATHAY
CATIC
CATOLEUM
CBS
CCI
CDI TRANSPORTATION
CELMAR INDUSTRIA DE CELULOSE
CELULOSA ARAUCO
CELULOSA ARAUCO.
CENIBRA
CENTEL
CENTEL INFORMATION SYSTEMS DIVISION
CENTER FOR ADVANCED MICROSTRUCTURES AND DEVICES
CENTRAL RESEARCH INSTITUTE FOR PHYSICS
CENTRAL SARI METROPOLITAN LEASING
CENTRICA
CENTUNION
CENTURION
CENTURION MINES
CEP
CESSNA
CFP-TOTAL
CHANEL
CHANNAR JOINT VENTURE PROJECT PILBARA REGION
CHAPELLE DARBLAY
CHARMANT
CHAROEN POKHPAND
CHEMISCHE WERKE BUNA
CHERRY SEMICONDUCTOR
CHEUNG KONG
CHEVRON
CHICAGO BEARS
CHICAGO BOARD OF TRADE
CHICAGO BOARD OPTIONS EXCHANGE
CHICAGO MERCANTILE EXCHANGE
CHICAGO WHITE SOX
CHINA DISTILLERY
CHINA GENERAL PLASTICS
CHINA GREAT WALL
CHINA LIGHT AND POWER
CHINA NATIONAL
CHINA NATIONAL CHEMICALS IMPORT
CHINA RESOURCES
CHINESE ACADEMY OF SCIENCE
CHINESE MINISTRY OF ELECTRONICS INDUSTRY
CHING FONG
CHIQUITA BRANDS INTL.
CHIYODA
CHIYODA CHEMICAL ENGINEERING AND CONSTRUCTION
CHOCOLATE AMERICAS
CHORI
CHRYSLER
CHUGAI
CHUJITSUYA
CHUNGHWA
CHUNGHWAAK
CIA
CIA VALE DO RIO DOCE
CIBA CORNING
CIBA GEIGY
CIBA-GEIGY
CIE FINANCIERE MICHELIN
CIE. FINANCIERE MICHELIN
CIE GENERALE D' ELECTRICITIE
CIE GENERALE DES ESTABLISSEMENTS MICHELIN
CIE. GENERALE DES ESTABLISSEMENTS MICHELIN
CIGATAM
CINCINNATI MILACRON
CINCINNATI STOCK EXCHANGE
CIPUTRA
CISCO
CITGO PETROLEUM
CITIBANK
CITICORP
CITICORP.
CITIZEN
CITIZEN WATCH
C ITOH
C. ITOH
CITROEN
CITY OF LENINGRAD
CLAIBORNE
CLAIMS DIRECT
CL AIR
CL AIR LEASING COOPERATIVE ASSOCIATION
CLARION
CLARK EQUIPMENT
CLESID
CLIFFORD CHANCE
CLIFFS
CLOROX COASTAL
CLUFF MINERALS
CMS
CMS ENERGY
CNAIC
CNB
CNBC
CNBC SPORTS
CNCDC
CNHTC
CNN
COALPORT
COASTAL
COCA COLA
COCA-COLA
COCA-COLA ENTERPRISES
COLGATE
COLGATE-PALMOLIVE
COLLAGEN
COLT
COLUMBIA SCHOOL OF PUBLIC HEALTH
COMALCO
COMALCO.
COMBELLGA
COMINCOM
COMMERCE CLEARING HOUSE
COMMERCIAL MEXICANA
COMMERZBANK
COMMODITY EXCHANGE
COMMODORE
COMMODORE CRUISE LINE
COMPAGNIE FRANCAISE DES PETROLES
COMPANHIA VALE DO RIO DOCE
COMPANHIA VALE DO RIO DOCE-CVRD
COMPANIA MANUFACTURERA DE PAPELES Y CARTONES
COMPANIA SIDERURGICA DE TUBARAO
COMPANNIA VALE DO RIO DOCE
COMPAQ COMPUTER
COMPUSERVE
COMPUTER CITY
COMPUTER SCIENCES
COMTRAIN
CONAGRA
CONCERT
CONDUCTUS
CONE MILLS
CONNECTICUT MUTUAL
CONNER PERIPHERALS
CONRAIL
CONSERVE ITALIA
CONSOLIDATED PAPERS
CONSORZIO SURGELATI ITALIA
CONSUMER NEWS AND BUSINESS CHANNEL
CONSUMERS DISTRIBUTING
CONTINENTAL
CONTINENTAL CABLEVISION
CONTROL DATA
CONUS
CONUS COMMUNICATIONS
CONVESCO
CONVESCO.
COOPER
COOPER ROLLS
COOPERS &AMP; LY-BRAND DELOITTE
COOPERS & LY-BRAND DELOITTE
COOPER TIRE &AMP; RUBBER
COOPER TIRE & RUBBER
COORS
CORNING
CORNING ASAHI VIDEO PRODUCTS
CORNING GLASS
CORNING GLASS WORKS
CORPORATE DIRECTIONS
CORYO
COURAGE
COURIER
COURTAULDS GRAFIL
COX
COX NEWS SERVICES
CRA
CRANGE
CRAY RESEARCH
C.R. BARD
CREDIT LYONNAIS
CREDIT SUISSE
CREDIT SUISSE FIRST BOSTON
CREUSOT LOIRE
CRIMSON
CRMI
CROWN
CROWN CENTRAL PETROLEUM
CROWN CORK &AMP; SEAL
CROWN CORK & SEAL
CROWN CRUISE LINE
CRYSTAL BRANDS
CSA
CSC
CSFB
CSPA
C.S.P.A.
CULLUM
CUMMINS
CUMMINS ENGINE
CUREE
CURZON
CUSHMAN &AMP; WAKEFIELD
CUSHMAN & WAKEFIELD
CUSTOMERS
CVC PRODUCTS
CVRD
CYANCO
CYANCO.
CYPRESS
CYPRESS SEMICONDUCTOR
CYPRESS SEMICONDUCTORS
CYPRUS MINERALS
DACTEX INDONESIA
DAEWOO
DAF
DAICEL
DAIDO STEEL
DAIHATSU
DAIHATSU PHRANAKORN
DAI-ICHI KANGYO BANK
DAIICHI KANGYO BANK
DAI-ICHI KATEI DENKI
DAIICHI KATEI DENKI
DAIICHI SENKO
DAIMLER
DAIMLER-BENZ
DAI NIPPON
DAISHINKU
DAIWA
DAIWA BANK
DAIWA EUROPE
DAIWA LIPPO
DAIWA-MKB
DAIWA SECURITIES
DALE LANG
DALE W LANG
DALE W. LANG
DALLAS COWBOYS
DALLAS TIMES HERALD
D &AMP; S PLASTICS
DANA
DANAHER
DANIELI
DARCHIN
DARPA
DATACUBE
DATA GENERAL
DATA I
DAVID LLOYD
DAVID LLOYD LEISURE
DDB NEEDHAM WORLDWIDE
DEAN FOODS
DEBARTOLO
DECISIONBASE RESOURCES
DEERE
DEGUSSA
DELCO
DELL
DELL COMPUTER
DEL MONTE
DELTA
DELUXE
DENKI KOGYO
DENTSU
DENTSU, YOUNG &AMP; RUBICAM PARTNERSHIPS
DENTSU, YOUNG & RUBICAM PARTNERSHIPS
DESARU
DETROIT DIESEL
DETROIT LIONS
DEUTSCH BUNDESPOST TELEKOM
DEUTSCHE BUNDESPOST TELEKOM
DEUTSCHE TELEKOM
DEVELOPMENT BANK
DEVILS LAKE SIOUX
DEVILS LAKE SIOUX MANUFACTURING
DEXCO POLYMERS
DEXTER
DEXTER PLASTICS
DHL
DIAFOIL
DIAMOND SHAMROCK
DIAMOND STAR
DIAMOND-STAR
DIAMOND WASTE
DIBRELL BROTHERS
DIC
DIEBOLD
DIGITAL EQUIPMENT
DINA
DIRSB
DISETRONIC
DISNEY
DIXONS
DKP ELECTRONICS
DOFASCO
DOFASCO.
DOME
DOMINION
DOMINION TEXTILE
DOMINO PIZZA
DOMINO'S PIZZA
DOMINO SUGAR
DOMTAR
DONER &AMP; CO. DONNELLEY
DONER & CO. DONNELLEY
DONNELLEY DIRECTORIES
DONNELLEY DIRECTORY
DONNELLEY & SONS
DONOHUE
DOSKOCIL
DOV RIGER
DOW
DOW CHEMICAL
DOW CORNING
DOW ELANCO
DOW ELANCO.
DOW JONES
DOW-UNITED TECHNOLOGIES COMPOSITE PRODUCTS
DRESDNER
DRESDNER KLEINWORT WASSERSTEIN
DRESSER
DRESSER-RAND
DR HOLDINGS INC OF DEL
DR HOLDINGS INC. OF DEL
DR PEPPER / SEVEN-UP
DSM
D & S PLASTICS
DUKE
DUKE POWER
DUN &AMP; BRADSTREET
DUN & BRADSTREET
DUNHILL
DUNLOP
DUPONT
DU PONT
DU PONT DE NEMOURS
DU PONT MERCK
DU PONT MERCK PHARM.
DUPONT MERCK PHARMACEUTICALS
DURABLE ELECTRICAL
DUTCH STATE MINES
DWG
DYNAIRE
DYNASTY WINERY
EAGLE
EAGLE STAR
EARTH LEASE
EARTHWINDS
EASTERN AIR
EASTERN AIRWAYS
EASTERN STEEL DIVISION
EASTMAN
EASTMAN KODAK
EASYJET
EATON
ECHLIN
ECUADOR NGK SPARK PLUG
EDARAN OTOMOBIL NASIONAL
EDISON
EDWARD J DEBARTOLO
EDWARD J. DEBARTOLO
EFFJOHN
EFFOA
EFISA
EG &AMP; G
EG&AMP ; G
EG & G
EG&G
E I DU PONT DE NEMOURS
E.I. DU PONT DE NEMOURS
EJIP
EJV
ELASTOGRAN
ELAZ
ELDERS
ELECTROLUX
ELECTRONICA CLARION SA DU CV
ELECTRONICA CLARION SA. DU. CV.
ELECTRONIC JOINT VENTURE
ELECTROTECH EQUIPMENTS
ELETTRORAVA
ELF AQUITAINE
ELI LILLY
ELION
ELISA
ELSCINT
ELSEVIER
ELXSI
EMCORE
E MERCK
E. MERCK
EMERSON ELECTRIC
EMPIRE STATE PIPELINE
EMPRESAS GAMESA
ENASA
ENCERATEC
ENERGIS
ENGELHARD
ENI
ENICHEM
ENICHEM ELASTOMERI
ENICHEM FIBRE
ENIMONT
ENRIQUE ZOBEL
ENTE NAZIONALE IDROCARBURI
ENTREE
ENZO
EPICOR
EPITRONICS
EQUITABLE
EQUITABLE LIFE
ERICSSON
ERICSSON-GE MOBILE COMMUNICATIONS
ERNEST JONES
ESAT DIGIFONE
ESPORTA
EST SURGELATI
E-SYSTEMS
ETEC
ETHYL
ETONWOOD
ETONWOOD HONG KONG
ETX
EUROCOM
EURODYNAMICS
EUROFIGHTER
EUROJET TURBO
EUROPEAN LITHOGRAPHY INNOVATION
EUROPEAN SILICON STRUCTURES
EVC
EVERGREEN
E.W. SCRIPPS
EXIDE
EXIM BANK
EXPERIEN
EXPLONAFT
EXXON
FABRYKA SAMOCHODOW MALOLITRAZOWYCH
FABRYKA SAMOCHODOW OSBOWYCH
FABRYKA SAMOCHODOW OSOBOWYCH
FAIRCHILD
FAIRCHILD DEFENSE
FAMILYMART
FANNIE MAE
FANUC
FAR EAST OIL AND TRADING
FAR EAST OIL TRADING
FCIE
FCMI
FEDERAL HOME LOAN MORTGAGE CORP
FEDERAL HOME LOAN MORTGAGE CORPORATION
FEDERAL-MOGUL
FEDERAL NATIONAL MORTGAGE ASSOCIATION
FEDEX
FERRO
FESCO
FESCO.
FHI
FIAT
FIATALLIS
FIDELITY
FIDELITY COMMUNICATIONS
FIDELITY INVESTMENTS
FIELD PUBLICATIONS
FIMA
FINA
FINANCIAL NEWS NETWORK
FINMECCANICA
FINNAIR
FINSIDER
FIRESTONE
FIRST AUTOMOBLE WORKS
FIRST BOSTON
FIRST BRANDS
FIRST CHOICE
FIRST FIDELITY
FIRST MISSISSIPPI
FIRST NATIONAL BANK
FISONS
FITCH
FITNESS FIRST
FIVE STAR BEEF
FLEETWOOD ENTERPRISES
FLUOR
FLUOROCARBON
FMC
FNN
FOKKER
FORD
FORD LIO HO
FORD MICROELECTRONICS
FORD MOTOR
FOREIGN TRADE BANK
FORENINGS-SPARBANKEN
FORT HOWARD
FORT WORTH STAR-TELEGRAM
FOX
FPD SAVILLS
FRAMATOME
FRANCE TELECOM
FRANCO-CANADIENNE
FRASER &AMP; NEAVE
FRASER & NEAVE
FREDDIE MAC
FREEPORT-MCMORAN
FREEPORT-MCMORAN ENERGY PARTNERS
FRIENDSHIP SIMULATION CENTRE
FRIENDS PROVIDENT LIFE
FRITO-LAY
FRUIT OF THE LOOM
FSM
FSO
FTI
FUJI
FUJI BANK
FUJI ELECTRIC
FUJIKOSHI
FUJISAWA
FUJITSU
FUJITSU GENERAL
FULLER
FURMAN SELZ
FURUKAWA
FURUKAWA ELECTRIC
FUTURE BT
FUZTFU CONSTRUCTION
GAF
GAMESA
GANNETT
GANZ-ANSALDO
GANZ ELECTRICAL WORKS
GAP
GASONICS
GATX
GATX CAPITAL
GATX LEASING
GAYLORD CONTAINER
GAZPROM
GCA
GCA ULTRATECH
GE
G E
G.E.
G E AMERICOM
G.E. AMERICOM
GEC
GEC ALSTROM
GE CAPITAL
GEC PLESSEY
GEC PLESSEY SEMICONDUCTORS
GEFINOR
GENCORP
GENERAL DYNAMICS
GENERAL ELECTRIC
GENERAL ELECTRIC SILICONES
GENERAL FOODS
GENERAL INSTRUMENT
GENERAL MILLS
GENERAL RAILWAY SIGNAL COMPANY
GENERAL SIGNAL
GENESIS MICROCHIP
GENETICS INSTITUTE
GENIE
GENRAD
GENUS
GEO. A. HORMEL
GEORGIA GULF
GEORGIA PACIFIC
GEORGIA-PACIFIC
GEORGIA TECH
GE PLASTICS
GERBER PRODUCTS
GERRARD'S
GE SILICONES
GETAC
GIKEN SAKATA
GILLETTE
GINNIE MAE
GIVENCHY
GKN
GLACIER
GLASS HOUSE
GLATFELTER
GLAXO
GLAXOSMITHKLINE
GLOBEX
GM
G M
G.M.
GMB
G M B
G. M. B.
GMFANUC
GMO
GODDARD
GOGO TOURS
GOLD COAST SUNS
GOLDEN VALLEY
GOLDEN VALLEY MICROWAVE FOODS
GOLD KIST
GOLDMAN SACHS
GOLDMAN , SACHS
GOLDSTAR
GOLDSTAR INDUSTRIAL
GOLDWELL
GOODMAN FIELDER
GOODRICH
GOODYEAR
GOODYEAR TIRE &AMP; RUBBER
GOODYEAR TIRE & RUBBER
GOULD AMI
GOULD NATIONAL
GOULDS PUMPS
GOVERNMENTAL OVERSEAS ECONOMIC COOPERATION FUND
GOVERNMENT NATIONAL MORTGAGE ASSOCIATION
GPA
GRACE COCOA
GRACE COCOA WORLD PRESS DIVISION
GRACE ENERGY
GRAFIL
GRANDMET
GRAND-MET
GRAND METROPOLITAN
GRANT
GREAT AMER. MGMT. &AMP; INVEST.
GREAT AMER. MGMT. & INVEST.
GREAT LAKES CHEMICAL
GREAT LAKES MORTGAGE
GREENPEACE
GREYHOUND
GROUPE DE LA CITE
GROUP OF SEVEN
GRUMMAN
GRUNDSTAD MARITIME OVERSEAS
GRUPO TRASCO
GRUPPO
GRUPPO GFT
GSK
GTE
GUANGZHOU ECONOMIC &AMP; TECHNOLOGICAL DEVELOPMENT DISTRICT
GUANGZHOU ECONOMIC & TECHNOLOGICAL DEVELOPMENT DISTRICT
GUANGZHOU SOAP FACTORY
GUARDIAN IT
GUCCI
GUILFORD MILLS
GUINNESS PEAT
GUINNESS PEAT AVIATION
GULF CANADA PRODUCTS
GULF OIL
GUNUNGCERMAI
GWSC
HADEN MACLELLAN
HAJDUSAJ
HAKUHODO
HALIFAX
HALLIBURTON
HAMON SOBELCO
HAMPHSIRE INSTRUMENTS
HAMPSHIRE
HAMPSHIRE INSTRUMENTS
HANAE MORI
HANIL
HANIL STAINLESS STEEL
HANNA
HANSON INDUSTRIES NA
HAPAG-LLOYD
HARCOURT
HARLEY-DAVIDSON
HARRIS EDA
HARRIS SEMICONDUCTOR
HARRY CULLEN
HARSCO
HARTLEYS
HARTMARX
HARVARD
HASBRO
HAU TUNG
HAVAS CONSEIL
HAVAS VOYAGES
HAWAIIAN ELECTRIC
H.B. FULLER
HBOS
HCM
HDM
HDM WORLDWIDE DIRECT
HEALEY &AMP; BAKER
HEALEY & BAKER
HEARST NEWSPAPERS
HEAVY INDUSTRIES CORP OF MALAYSIA
HEAVY INDUSTRY CORP OF MALAYSIA
HEINEMAN
HEINZ
HELLER
HEM
HEMLO
HEMODYNAMICS
HEM RESEARCH
HENDERSON LAND
HENKEL
HENKEL HAKUSUI
HENKEL KGAA
HERBERT SMITH
HERMAN MILLER
HERMES
HERSHEY FOODS
HERTZ
HERTZ PENSKE
HEWLETT-PACKARD
HEXATEC
HEXATEC POLYMERS
HICOM
HIMONT
HINO
HIRONDELLE
HISPANICA DE PETROLEOS
HITACHI
HITACHI MAXELL
HITACHI METALS
HITACHI ZOSEN
H.J. HEINZ
HNSX
HODOGAYA ASHLAND
HOECHEST CELANESE
HOECHST
HOECHST CELANESE
HOFFMANN-LA ROCHE
HOGG-ROBINSON
HOGG ROBINSON TRAVEL
HOLIDAY INN
HOLIDAY INN CROWNE
HOLIDAY INN WORLDWIDE
HOLLAND SWEETENER
HOLNAM
HONDA
HONDA MOTOR
HONEYWELL
HONEY WELL
HONGKONG LAND
HONGKONG LAND AND GREAT EAGLE
HONG KONG TELECOM
HORMEL
HOTELECOPY
HOUGHTON
HOUSTON CHRONICLE
HOWMET TURBINE COMPONENTS
HOYA
HP
H SAMUEL
HSBC
HUA TUNG
HUBBARD
HUBBELL
HUDSON CONWAY
HUDSON FOODS
HUELS
HUFFY
HUGHES
HUGHES AIRCRAFT
HUGHES RESEARCH LABS
HUGHES SPACE AND COMMUNICATIONS
HUMPUSS
HUNGARHOTELS
HUNGARIAN ACADEMY OF SCIENCES
HUNGARIAN FOREIGNRADE BANK
HUNGARIAN FOREIGN TRADE BANK
HUNGARIA-OBEROI
HUON
HUSSMAN
HUTCHISON
HUTCHISON WHAMPOA
HYBRID MEMORY PRODUCTS
HYPERMART USA
HYPOVEREINZBANK
HYPRES
HYUNDAI
IAF BIOCHEM
IBC VEHICLES
IBM
IBM CORPORATION
IBM DEUTSCHLAND
IBUSZ
ICEM
ICI
ICI FILMS
IC MANUFACTURING EQUIPMENT DIVISION
IDEMITSU
IDEMITSU KOSAN
IFA-KOMBINAT NUTZFAHRZEUGE
IGNITE
IKARUS
ILLNOIS TOOL WORKS
ILVA
IMEC
IMER NISSEI
IMMUNEX
IMMUNOLOGY VENTURES
IMPERIAL
IMPERIAL HOLLY
INACOMP
INCACAO
INCHCAPE
INDOMOBIL SUZUKI
INDONESIAN DEVELOPMENT BANK
INDUSTRIAL BANK
INDUSTRIAL BANK OF JAPAN
INDUSTRIAL RECOVERED MATERIALS
INDUSTRIAL TECHNOLOGY RESEARCH INSTITUTE
INDUSTRIAS MAMMI CA
INDUSTRIAS MAMMI CA. INDUSTRIAS NIPOMEX DEL CENTRO
INDUSTRIE MOTORNIH VOZIL
ING BARINGS CHARTERHOUSE
INGERSOLL-RAND
INJENER
INLAND STEEL
INNOGY
INNOVPHARM
INOCO
INOUE MTP
INOUE RUBBER INDONESIA
INSILCO
INSPIRATION RESOURCES
INSTITUTE OF PHYSICAL AND CHEMICAL RESEARCH
INSTITUTES OF THE U.S.S.R. ACADEMY OF SCIENCES
INSTITUTES OF THE USSR ACADEMY OF SCIENCES
INTEGRALINTORG FOREIGN TRADE FIRM INTEGRAL SPC
INTEGRAL SPC
INTEL
INTERAMICS
INTERBOLD
INTERCO
INTERGRAPH
INTERLAKE
INTERLINK COOPERATIVE
INTERMET
INTERNATIONAL ADVERTISING SALES
INTERNATIONAL BUSINESS MACHINES
INTERNATIONAL CONTROLS
INTERNATIONAL MERCHANDISE MART
INTERNATIONAL MICROELECTRONIC PRODUCTS
INTERNATIONAL MULTIFOOD
INTERNATIONAL PAPER
INTERNATIONAL RECTIFIER
INTERNATIONAL TISHMAN SPEYER PROPERTIES
INTERPORE
INTERSERV
INTERSTATE BAKERIES
INTER-UNIVERSITY MICRO ELECTRONICS CENTER
INT. FLAVORS &AMP; FRAGRANCES
INT. FLAVORS & FRAGRANCES
INVESTEC
INVESTOR'S DAILY
INVEXCO
INVEXCO.
IPO
IPOH GARDEN
IRVINE SENSORS
IRVING AZOFF
ISETAN
ISHIBASHI FAMILY
ISLAND CREEK COAL
ISLAND DEVELOPMENT BANK
ISTITUTO PER LA RICOSTRUZIONE INDUSTRIALE
ISUZU
ITOHAM FOODS
ITRI
ITT
ITT RAYONIER
IVACO
IVECO
I WAXMAN &AMP; SONS
I. WAXMAN &AMP; SONS
I WAXMAN & SONS
I. WAXMAN & SONS
JACOBS , VISCONSI &AMP; JACOBS
JACOBS , VISCONSI & JACOBS
JAGUAR
JAIDO
JAL
J &AMP; B SCOTCH
J&AMP ; B SCOTCH
JAPAN LINE
JAPAN OPTICAL
JAPAN STORAGE
JAPAN STORAGE BATTERY
JAPEX
JARED
JARVIS
JAYA NUSA
JAYA NUSA PRADANA
J & B SCOTCH
J&B SCOTCH
J.C. PENNEY
JEFFERSON SMURFIT
JELCZ
JELCZANSKIE ZAKLADY SAMOCHODOWE
JEOL
J.E. SEAGRAM
JESSI
JETBORNE
JINDO
JINDO RUS COOPERATIVE
JOHN BROWN
JOHN DEERE
JOHNSON &AMP; JOHNSON
JOHNSON BROTHERS
JOHNSON CONTROLS
JOHNSON & JOHNSON
JOHNSON LINE
JOINT CONSUMER HEALTH
JOINT EUROPEAN SUB-MICRON SILICON INITIATIVE
JOINT EUROPEAN SUBMICRON SILICON INITIATIVE
JOINT EUROPEAN SUBMICRON SILICON PROGRAM
JONES LANG WOOTTON
JOSHIN
JOSTENS
J.P. MORGAN
JP MORGAN
JP MORGAN CHASE
JUDICIAL CONFERENCE OF THE U.S.
JUI LI
JVC
J.V. DIALOGUE
JV DIALOGUE
J. WALTER THOMPSON
KAJIMA
KALIMANTAN STEEL
KAMAN
KANEBO
KANEMATSU GOSHO
KANSAI ELECTRIC
KANSAI PAINT
KARL SUSS AMERICA
KAUFMAN &AMP; BROAD
KAUFMAN & BROAD
KAWASAKI AND NISSHO IWAI PARTNERSHIP
KAWASAKI STEEL
KAY
KAYEX
KDD
KEENER
KELLOGG
KELLWOOD
KELLY
KENMARE
KENMARE RESOURCES
KENNAMETAL
KENTUCKY FRIED CHICKEN
KERR-MCGEE
KEWILL
KEY TECHNOLOGY RESEARCH CENTER
KFC
KFTCIC
KGB
KHASHOGGI
KHMER ROUGE
KIDS ' R ' US
KIDS " R " US
KIIC
KIMBERLY-CLARK
KITAGAWA
KITAGAWA USA
K K YEUNG
K.K. YEUNG
KLINE
KMART
K MART
KNIGHT RIDDER
KNIGHT-RIDDER
KNIGHT-RIDDER-TRIBUNE
KNIGHT RIDDER-TRIBUNE VENTURE
KNT NEWS WIRE
KOBE MILL
KOBE STEEL
KODAK
KODARNA
KOMATSU
KOMATSUBARA
KOMATSU INDONESIA
KONOIKE
KOPIN
KOYO SELKO
KPMG
KPMG PEAT MARWICK
KPN
KRAKATAU
KRAKATAU STEEL
KRASNAYA ZARYA
KRUPP
KRYPTON
K-SWISS
KUBOTA
KUFPEC
KUHLMAN
KUMPULAN PERANGSANG
KUONI
KUOZOI
KUOZOI MOTORSONS AND CHASSIS
KUREHA CHEMICAL INDUSTRY
KWANTAM
KYOCERA
KYOWA
KYOWO HAKKO
LACHEMA
LACUFA
LAFARGE
LA FRANCO-CANADIENNE DES PAPIERS
LAID BACK ENTERPRISES
LAMBDA
LAMBDA PHYSIK
LAMBDA PHYSILK
LAMB-WESTON
LA MODERNA
LAM RESEARCH
LAND O' LAKES
LAND ROVER SANTANA
LARGO
LARGO ENTERTAINMENT
LATVIA DIRECTORATE OF CIVIL AVIATION
LAUGA
LAWRENCE GORDON
LAWRENCE LIVERMORE LAB
LAWSON MARDON
LA-Z-BOY CHAIR
LCAC
LEE KOVEL
LEGGETT &AMP; PLATT
LEGGETT & PLATT
LEICA
LEICA CAMBRIDGE
LEITI
LEPTON
LESIEUR-COTELLE
LESLIE FAY
LEVI STRAUSS
LEVI STRAUSS ASSOCIATES
LEXIS
LEXISNEXIS
LEXIS/NEXIS
LIBBEY OWENS FORD
LIBERTY PUBLIC
LICENSINTORG
LIEM
LIEM SIOE LIONG
LIEN HWA
LILLY
LINCOLN ELECTRIC
LISA ENTERPRISES
LIZ CLAIBORNE
LLOYDS
LLOYD'S
LM ERICSSON
LOCAL INTERESTS
LOCKHEED
LOCKHEED COMMERCIAL AIRCRAFT CENTER
LOCTITE
LOGICA
LOGOVAZ
LONE STAR
LONE STAR NORTHWEST
LONG ISLAND RAIL ROAD
LONGMAN
LONGMANS
LONG TERM CREDIT BANK
LONG-TERM CREDIT BANK
LONGVIEW FIBRE
LONRHO
LOOT
LORAL
LORD &AMP; TAYLOR
L' OREAL
LOS ANGELES DAILY NEWS
LOS ANGELES TIMES
LOUIS DREYFUS
LOUISIANA LAND &AMP; EXPLOR.
LOUISIANA LAND & EXPLOR.
LOUISIANA-PACIFIC
LOUIS PIANCONE
LSI LOGIC
LSS HOLDINGS
LTCB
LTV STEEL
LUBRIZOL
LUCKY-GOLDSTAR
LUFTHANSA
LUKENS
LUXOTTICA
LUZON PETROCHEMICAL
LYONDELL PETROCHEMICAL
MACAO TOYS
MACHINE ISUZU INDONESIA
MACON IRON &AMP; PAPER STOCK
MACON IRON & PAPER STOCK
MACY'S
MAERSK
MAGMA
MAGMA COPPER
MAGYAR KUELKERESKEDELMI BANK
M.A. HANNA
MAINSTREAM
MAKRO
MALAYSIAN FIBREBOARD
MALAYSIAN HEAVY INDUSTRY PUBLIC CORPORATION
MAMMI
M&AMP ; G
M&AMP ; T HARSHAW
MANDO MACHINERY
MANETEK
MANIX MANUFACTURING
MANNESMANN
MAN NUTZFAHRZEUGE
MANVILLE
MAPCO
MAPLE LEAF SPORTS AND ENTERTAINMENT
MARCONI
MARCONI ELECTRONIC DEVICES
MARFLET
MARIETTA
MARINE MIDLAND
MARINE MIDLAND AUTOMOTIVE
MARINES
MARINES CORPS
MARKS AND SPENCER
MARKS & SPENCER
MARRIOTT
MARSTELLAR
MARSTON, THOMPSON & EVERSHED
MARTIN MARIETTA
MARUBENI
MARUTI UDYOG
MARY KAY
MASCO
MASERATI
MASON'S IRONSTONE
MASSPORT
MASTERCARD
MATERIALS RESEARCH
MATILDA PUBLICATIONS
MATRA
MATRA COMMUNICATION
MATSUHSITA
MATSUSHITA
MATSUSHITA ELECTRIC
MATSUSHITA ELECTRIC INDUSTRIAL
MATTEL
MATTEL USA
MATTRA
MAXELL
MAXICARE
MAXTOPIX
MAXTOR
MAXUS ENERGY
MAXWELL
MAXWELL SATELLITE COMMUNICATIONS
MAXXAM
MAYER STEEL PIPE
MAYO FOUNDATION
MAYTAG
MAZDA
MAZDA TOOLING
MCALPINE
MCA TV
MCCORMICK
MCDERMOTT
MCDONALDS
MCDONALD'S
MCDONNELL DOUGLAS
MCDONNELL-DOUGLAS
MCGRAW HILL
MCGRAW-HILL
MCI
MCNC
MEAD
MECHANICS WAREHOUSE
MEDIA GENERAL
MEDSERV
MEDTRONIC
MEGADATA
MELLON
MENTRIX
MERCEDES
MERCEDES-BENZ
MERCK
MERCOSUR
MERCURY MARINE
MEREDITH
MERIDIAN
MERRILL LYNCH
MERRILL LYNCH REALTY
MESSERSCHMITT-BOLKOW-BLOHM
METALLGESELLSCHAFT
METAPHOR
METBELOSA
METHODE
METRIKA
METRO AIR CARGO
METRO AIR MOSCOW
MEXICO NISSHO-IWAI
M & G
MG ROVER
MIAMI INDIAN TRIBE
MICHAEL PAGE
MICHELIN
MICRON TECHNOLOGY AND ADVANCED MICRO DEVICES
MICROSOFT
MICROTEL
MICROTEST
MID-AMERICA DAIRYMEN
MIKROELEKTRONIK UND TECHNOLOGIE GESELLSCHAFT
MILLER ANDERSON
MILLER , ANDERSON &AMP; SHERRERD
MILLER , ANDERSON & SHERRERD
MILLIPORE
MINEBEA
MINE SAFETY
MINIMED
MINNESOTA MINING
MINNESOTA MINING &AMP; MFG.
MINNESOTA MINING & MFG.
MINORCO
MINTEL
MIPS
MISYS
MITAC
MITAS
MITCHELL ENERGY &AMP; DEVEL.
MITCHELL ENERGY & DEVEL.
MITI
MITSUBISH ELECTRIC
MITSUBISHI
MITSUBISHI BANK
MITSUBISHI BUANA BANK
MITSUBISHI ELECTRIC
MITSUBISHI ELECTRIC UK
MITSUBISHI ELECTRONICS
MITSUBISHI ELECTRONICS AMERICA
MITSUBISHI KASEI
MITSUBISHI MINING
MITSUBISHI MOTOR
MITSUI
MITSUI BANK
MITSUI MINING
MITSUI PETROCHEMICAL
MITSUI TRUST AND BANKING
MOBIL
MOHEBI TRADING OVERSEAS
MOLEX
MONSANTO
MONTEDISON
MONTOR PERFORMANCE PLASTICS
MOODY'S
MORGAN STANLEY
MORTIMER'S
MORTOROLA
MOSCOW CITY COUNCIL HEALTH DEPARTMENT
MOSSOVIET
MOTOROLA
MOUNT SINAI
MOUNT SINAI MEDICAL CENTER
M & S
M&S
MTEX
MTEX PUERTO RICO
M & T HARSHAW
MTV
MURPHY OIL
MUTIARA TELECOM
NACCO
NA DEGERSTROM
NA. DEGERSTROM
NALCO
NALCO CHEMICAL
NALFLOC
NAMIB AIR
NARONG SEAFOOD
NASCO
NASDAQ
NASDAQ STOCK EXCHANGE
NASDAQ STOCK MARKET
NASTRA
NATHAN'S
NATIONAL AUSTRALIA TRAVEL
NATIONAL AUTO AUCTION ASSOCIATION
NATIONAL AUTOMOBILE DEALERS ASSOCIATION USED CAR GUIDE
NATIONAL BANK
NATIONAL CENTRE FOR TELECOMMUNICATIONS RESEARCH
NATIONAL DIRECTORATE OF MINES
NATIONAL FACTORY FOR CAN ENDS
NATIONAL OILWELL
NATIONAL SEMICONDUCTOR
NATIONAL SERVICE INDUST.
NATIONAL STARCH
NATIONAL STEEL
NATION OF ISLAM
NATIONWIDE
NATL. COOP. REFINERY ASSN.
NATO
NATWEST
NBC
NCHIP
NEC
NEDERLANDSCHE MIDDENSTANDSBANK
NEDERLANDSE COCA-COLA BOTTELMAATSCHAPPIJ
NERCO
NESTE
NESTLE
NESTLE KOREA
NETCOM
NETSCAPE COMMUNICATIONS
NETWORK SOLUTIONS
NETWORLD
NEWBRIDGE
NEW CCI
NEWELL
NEWMONT MINING
NEWS AMERICA PUBLISHING
NEWSCORP
NEWS CORP.
NEWS-CORP.
NEWSWEEK
NEW UNITED MOTOR MANUFACTURING
NEW YORK DAILY NEWS
NEW YORK POST
NEW YORK STOCK EXCHANGE
NEW YORK TIMES
NEW YORK TIMES NEWS SERVICE
NEW YORK TIMES SPECIAL FEATURES
NEW YORK TIMES SYNDICATE
NEW YORK YACHT CLUB
NEXAS
NFL
NGK SPARK PLUG
NHK SPRING
NHK TELEVISION NETWORK
NHS
N H S
N.H.S.
NICHIMEN
NICHIRIN
NICHIRO GYOGYO KAISHA
NIKE
NIKKEI
NIKKON KOKKAN
NIKON
NIKON PRECISION KOREA
NIOC
NIPPON ABS
NIPPONDENSO CAPITAL
NIPPONDENSO CAPITAL SDNDHD
NIPPON ELECTRIC
NIPPON FIRE AND MARINE
NIPPON LIGHT METAL
NIPPON MINING
NIPPON MOTOROLA
NIPPON MOTOROLA MICRO ELECTRONICS
NIPPON OIL
NIPPON SANSO
NIPPON SHEET GLASS
NIPPON STEEL
NIPPON SUISAN KAISHA
NIPPON TELEGRAPH AND TELEPHONE
NIPRO
NISSAN
NISSAN DIESEL
NISSEI
NISSHO IWAI
NISSIN
NISSIN ELECTRIC
NISSIN FOOD
NISSIN SUGAR
NITTA-MOORE
NIVAC
NKK
NMB SEMICONDUCTOR
N M ROTHSCHILD &AMP; SONS
N.M. ROTHSCHILD &AMP; SONS
N M ROTHSCHILD & SONS
N.M. ROTHSCHILD & SONS
NOKIA
NOMURA
NOMURA INDONESIA
NOMURA INVESTMENT BANK HUNGARY
NOMURA SECURITIES
NONGSA PERMAI
NORANDA
NORDIKO
NORDIKO USA
NORDINVEST
NORDSTROM
NORINCO
NORITAKE
NORPLEX
NORRIS COMMUNICATIONS
NORTEK
NORTH AMERICAN PHILIPS
NORTHEAST SEMICONDUCTOR
NORTHERN STAR
NORTHERN TELECOM
NORTHROP
NORTH STAR
NORTH WEST WATER
NORTON
NOVA J V
NOVA J.V.
NOVA-PERMAFAB JV
NOVELLUS
NOVESPACE
NTL
NTT
NUCOR
NUMMI
NURTANIO
N V PHILIPS
N.V. PHILIPS
NV PHILIPS
NVRYAN
NWA
NYNEX
NYNEX INFORMATION RESOURCES
NYSE
NY STATE UNIV
N.Y. TIMES NEWS SERVICE
NYTIMES NEWS SERVICE
OAK-MITSUI
OBAYASHI GUMO
OBEROI
OCCIDENTAL
OCCIDENTAL CHEMICAL
OCCIDENTAL PETROLEUM
OCEAN SPRAY CRANBERRIES
O DATA KIKI
OGILVY
OGILVY &AMP; MATHER
OGILVY &AMP; MATHER WORLDWIDE
OGILVY & MATHER
OGILVY & MATHER WORLDWIDE
OKAMOTO
OKI ELECTRIC
OKI ELECTRIC INDUSTRY
OKI SEMICONDUCTOR
OLAMTEL
OLD MUTUAL
OLD NAVY
O LICENSINTORG
OLIN
OLIVETTI
OMNICOM
OMNIREL CORPORTION
OMNITEL
OMRON
OMRON TATEISI
ONE2ONE
ONEX
ONODA
ONODA NORTHWEST
OPEC
OPEL
OPEN SYSTEMS SATELLITE
OPTICAL COATING
ORANGE
ORBIS
ORENSTEIN AND KOPPEL
ORIOLES
OROGEL
OROGIL
ORTHO
ORYX ENERGY
OSAKA GAS
OTIS
OTSUKA SHOKAI
OUTBOARD MARINE
OVERSEAS ECONOMIC COOPERATION FUND
O VNESHTORGREKLAMA
OWENS
OWENS-CORNING FIBERGLAS
OWENS-CORNING FIBERGLASS
OXFAM
OXFORD INSTRUMENTS
OXFORD UNIVERSITY COMPUTING SERVICES
OXFORD UNIVERSITY PRESS
OXIQUIMICA
OXYCHEM
PACCAR
PACIFIC DUNLOP
PACIFIC INDUSTRIAL
PACIFIC MICROELECTRONICS CENTRE
PACIFICORP
PACTEL
PAINEWEBBER
PAINE WEBBER
PAKTANK EUROPE
PAKTANK INTERNATIONAL
PAKTANK SINGAPORE TANK STORAGE
PALL
PALMCO
PALMCO.
PALMO HOLDINGS
P&AMP ; G
P&AMP ; O
PAN AM
PAN AMERICAN
PANAMSAT
PANASONIC
PANAVIA
PAPST
PARAMOUNT
PARAMOUNT DOMESTIC TELEVISION
PARAVISION
PARKER HANNIFIN
PARKWAY REGIONAL MEDICAL CENTER
PARS-DATAS II
PARSYTEC
PARTHUS
PAS
PAUL REVERE
PAUL SCHWALBE
PEAKE
PEARCE DEVELOPMENTS
PEARLE
PEAT MARWICK
PECHINEY
PECHINEY INTERNATIONAL
PECOM-NEC
PEET'S COFFEE
PENINSULAR AND ORIENTAL STEAM NAVIGATION
PENN STATE
PENNZOIL
PENSKE
PENTAIR
PEPSICO
PERKIN-ELMER
PERMODALAN NASIONAL
PERSTORP POLYOLS
PERTAMINA
PERUSAHAAN SEPADU
PERWAJA TRENGGANU SDN BD
PERWAJA TRENGGANU SDN. BD.
PETER K NEVITT
PETER K. NEVITT
PETROKIMIA
PETROLEO BRASILEIRO
PETROLEOSDE VENEZUELA
PETROLEUM NATIONAL
PETRONAS
PETRONAS CARIGARI
PETROSYNTHESE
PEUGEOT
PEUGOT
PFIZER
P & G
PHARMATEC
PHELPS DODGE
P.H. GLATFELTER
PHILIP MORRIS
PHILIP PILEVSKY
PHILIPS
PHILIPS COMPONENTS
PHILIPS COMPONENTS-SIGNETICS
PHILLIPS
PHILLIPS PETROLEUM
PHILLIPS-VAN HEUSEN
PHOENIX SUNS
PHYSICS TECHNOLOGY INSTITUTE
PIAGGIO
PILGRIM'S PRIDE
PILKINGTON
PINAULT
PIRATES
PIRELLI
PITNEY BOWES
PITTSBURGH PIRATE
PITTSBURGH PIRATES
PITTWAY
PIZZA HUT
PLASTIC RECYCLING ALLIANCE
PLASTICS RECYCLING ALLIANCE
PLESSEY
PLY GEM
PMDB
P & O
POHANG
POLAROID
POLISH STATE CAR PRODUCTION CORPORATION
POLYAIR
POLYCON
POLYDEX
POLYLITHICS
POLYPLASTICS
POONG SUNG ELECTRIC
PORT OF SINGAPORE AUTHORITY
POTLATCH
POTOMAC LAKES
POWERGEN
PRAIRIE FARMS DAIRY
PRATT &AMP; WHITNEY
PRATT AND WHITNEY
PRATT & WHITNEY
PRECISION CASTPARTS
PREMIER
PREMIER ADVERTISER SALES
PRESSMAN
PRESSMANS
PRICE WATERHOUSE
PRIMESTAR
PRITZKER
PROCIGO
PROCTER &AMP; GAMBLE
PROCTER & GAMBLE
PRODIGY
PRODOME
PRODOME LTDA
PROLER
PROMUS
PROSPECT MOTOR
PROTON
PROTON CARS
PROTON UK
PRUDENTIAL GLOBAL REAL ESTATE INVESTMENT PROGRAM
PSK TEC
PTA INDONESIA
P T ASURANSI TOKIO MARINE INDONESIA
P.T. ASURANSI TOKIO MARINE INDONESIA
PTK DS INDONESIA
P T MITSUBISHI KRAMA YUDHA MOTORS AND MANUFACTURING
P.T. MITSUBISHI KRAMA YUDHA MOTORS AND MANUFACTURING
PUNA GEOTHERMAL VENTURES
P V WALLCOVERINGS
P.V. WALLCOVERINGS
QANTAS
Q.P.
QUAKER
QUAKER OATS
QUAKER STATE
QUALITY SEMICONDUCTOR
QUALITY SPRING
QUANEX
QUANTUM
QUANTUM CHEMICAL
QUEBECOR
QUEEN'S UNIVERSITY
QUEST
RABA
RABA HUNGARIAN RAILWAY CARRIAGE AND MACHINE WORKS
RACAL ELECTRONICS
RAILTRACK
RAILWAY SYSTEMS DIVISION
RALSTON PURINA
RAMADA
RAMADA RENAISSANCE
RAM BROADCASTING
RAMBUS OF MOUNTAIN VIEW
RANK ORGANIZATION
RANK XEROX
RASSINI
RASSINI-NHK TORSION BARS SA DE CV
RASSINI-NHK TORSION BARS SA. DE. CV.
RASSINI SA DE CV
RASSINI SA. DE. CV.
RAYCHEM
RAYTHEON
RBS
RCA
READER'S DIGEST
READER'S DIGEST ASSN
RED SOX
REEBOK
REED
REED ELSEVIER
REGENCY
REGENEX
REGIE DES TELEGRAPHES ET TELEPHONES
REGIE NATIONALE DES USINES RENAULT
RELIANCE ELECTRIC
REMY MARTIN
RENAULT
REPSOL
REPUBLIC-ASAHI
REPUBLIC GLASS
REUTERS
REVLON
REXFOR
REYNOLDS
REYNOLDS &AMP; REYNOLDS
REYNOLDS METALS
REYNOLDS & REYNOLDS
RHONE-POULENC
RHONE-POULENC RORER
RIBER
RICELAND FOODS
RICOH
RIO DOCE
RIPASA SA CELULOSE E PAPEL
RJR NABISCO HOLDINGS
ROBERT BOSCH
ROBERTSON-CECO
ROBINSONS-MAY
ROCKFORD MEMORIAL
ROCKFORD MEMORIAL HOSPITAL
ROCKWELL
RODNEY STRONG VINEYARDS
ROHM &AMP; HAAS
ROHM & HAAS
ROHR
ROLLERBLADE
ROLLS ROYCE
ROLLS-ROYCE
ROME AIR DEVELOPMENT CENTER
RON ARNOLD
ROTORK
ROVER
ROYAL ADMIRAL
ROYAL SIGNALS &AMP; RADAR ESTABLISHMENT
ROYAL SIGNALS & RADAR ESTABLISHMENT
R.R. DONNELLEY &AMP; SONS
R.R. DONNELLEY & SONS
RTL
RUBBERMAID
RYANAIR
RYOBI
SAAB
SABRELINER
SABRETECH
SAFETY-KLEEN
SAFEWAY
SAGE
SAHLEN
SAILOR
SAINSBURY
SAINSBURYS
SAKATA
SAK'S
SAK'S FIFTH AVENUE
SALGOTARJAN IRON AND STEEL WORKS
SALICK
SALIM
SALMAN
SALVADOR CAETANO
SAMMI
S&AMP ; W BERISFORD
SAMSUNG
SAMSUNG ELECTRONICS
SAMSUNG GENERAL CHEMICAL
SANDIA NATIONAL LABS
SANDOMIERZ
SANDOZ
SAN ESU
SAN FRANCISCO 49 ERS
SAN FRANCISCO CHRONICLE
SAN FRANCISCO EXAMINER
SANFU
SAN-FU
SANLUIS
SANOFI
SANOFI WINTHROP
SANSHIN KOGYO
SANWA BANK
SANWU
SANYANG
SANYO SPECIAL STEEL
SARA LEE
SATIC
SATURAMA
SAUDI REFINING
SAVA KRANJ
SAVANNAH FOODS &AMP; INDUST.
SAVANNAH FOODS & INDUST.
SCANIA
SCHAL
SCHERING-PLOUGH
SCHOTTENSTEIN STORES
SCHOTT GLASWERKE
SCHRODER SALOMON SMITH BARNEY
SCHULMAN
SCHWARZHEIDE
SCOOT
SCOOT.COM
SCOTTISH POWER
SCOTT PAPER
SCRIPPS
SCRIVEN
SEAGRAM
SEALED AIR
SEALY HOLDINGS
SEAMLESS PIPE INDONESIA JAYA
SEARS
SEARS ROEBUCK
SEAT
SEATTLE POST-INTELLIGENCER
SEB
SECIM
SECURITY PACIFIC NATIONAL BANK
SEIBU
SEIKO ELECTRONICS
SEIKO EPSON
SEIKO-EPSON
SEKISUI AMERICA
SELECTRONIK
SELM
SEMATECH
SEMBAWANG SHIPYARD
SEMICOA SEMICONDUCTORS
SEMI-TECH
SEMI-TECH MICROELECTRONICS
SENSHUKAI
SEQUA
SERVICE INTELLIGENCE
SES
SGS-THOMPSON
SGS-THOMSON MICROELECTRONICS
SG WARBURG
SHANGHAI BRANCH OF THE CONSTRUCTION BANK OF CHINA
SHARP
SHEAFFER
SHEARSON
SHEARSON LEHMAN BROTHERS
SHEARSON LEHMAN HUTTON
SHELDAHL
SHELL
SHELL CHEMICALS UK
SHELLEY M ZEIGER
SHELLEY M. ZEIGER
SHELL ITALIA
SHELL OIL
SHELL UK
SHERATON
SHERWIN-WILLIAMS
SHIMADZU
SHINKO ELECTRIC
SHIN LAN
SHIROKI
SHOEI
SHORT BROTHERS
SHOWA DENKO
SHOWA LEASING
SHOWA-SAVOIE
SIAM ELECTRICAL PARTS
SIAM TSUCHIYA
SIDERBRAS
SIDLEY
SIDLEY &AMP; AUSTIN
SIDLEY & AUSTIN
SIEMENS
SIEMENS-ASEA
SIEMENS MEDICAL
SIGNET
SIGNETICS
SILGAN
SILICON GRAPHICS
SILICONIX
SIME
SIME DARBY
SIMPSON PAPER
SINGAPORE TELECOM
SINGTEL
SIN KEAN BOON-SANWA
SINOTRANS
SIOUX MANUFACTURING
SIOUX TRIBE
SIPEX
SKALA-CO OP
SKALA-CO. OP
SKODA
SKY
SKYWAYS
SLHE
SLOVAK STATE SAVINGS BANK
SMEC
SMITH BARNEY
SMITH BARNEY, HARRIS UPHAM
SMITH CORONA ACER
SMITHFIELDS FOODS
SNAP-ON TOOLS
SNECMA
SNKO
SOCIETA AGRO-INDUSTRIALE DI SVILUPPO SRL
SOCIETE EUROPEENE DES SATELLITES
SOCIETE GENERALE
SOL MELIA
SOMERFIELD
SONOCO PRODUCTS
SONY
SORTEC
SOTHEBY'S
SOUTH CHINA MORNING POST
SOUTHERN INTERNATIONAL FILMS
SOUTHWESTERN BELL
SPACE SOFTWARE ITALIA
SPECTRUM CVD
SPEEDFAM
SPHERION
SPININDO
SPININDO MITRADAYA
SPIRENT
SPRINT
SPTI
SPUTTERED FILMS
SRIYUWONO
SRI YUWONO
STAC
STANDARD CHARTERED
STANDARD COMMERCIAL
STANDARD ELEKTRIK LORENZ
STANDARD LIFE
STANDARD MOTOR
STANDARD PRODUCTS
STANDARD REGISTER
STANHOME
STANLEY WORKS
STAR ALLIANCE
STAR ENTERPRISE
STATE OF ISRAEL BONDS
STEIREROBST
STELCO
STERLING DRUG
STERLING ENGINEERED
STERLING ENGINEERING PRODUCTS
STERLING HEALTH
STERLING INOAC
STET
STEWART &AMP; STEVENSON SVCS
STEWART & STEVENSON SVCS
STEYR-DAIMLER-PUCH
STEYR-DAIMLER-PUCH FAHRZEUGTECHNIK
ST. JOE PAPER
ST LUKE'S HOSPITAL
ST. LUKE'S HOSPITAL
STONE BRIDGE
STONE CONTAINER
STORA
STRASCINA
STRASCINA &AMP; PARTNERS
STRASCINA & PARTNERS
STRAUSS ASSOCIATES
SUBARU
SUKAB
SUMITOMO
SUMITOMO BANK
SUMITOMO ELECTRIC
SUMITOMO ELECTRICAL
SUMITOMO METAL
SUMITOMO METAL MINING ELECTRONICS
SUMITOMO MILL
SUMITOMO NAUGATUCK
SUMITOMO RUBBER
SUMMA
SUNBEAM / OSTER
SUN-DIAMOND GROWERS
SUNDSTRAND
SUN HUNG KAI
SUNKEI
SUN MICROSYSTEM
SUN MICROSYSTEMS
SUN-SENTINEL
SUNSET
SUN-TIMES
SUPER OCTANOS
SUPER OCTANOS CA
SUZUKI MOTOR
SVGL
SVG LITHOGRAPHY
S & W BERISFORD
SWEDISHAMERICAN
SWEDISHAMERICAN HOSPITAL
SWEDISH TELECOM
SYNERGY
SYNERGY HEALTHCARE
SZAMILK
TAESONG BANK
TAIGENE
TAIPOWER
TAIWAN ELECTRICAL AND MECHANICAL ENGINEERING SERVICE
TAIWAN FAMILYMART
TAIWAN NISSEI
TAIWAN Q P
TAIWAN Q.P.
TAIWAN SEMICONDUCTOR CONSORTIUM
TAIWAN SEMICONDUCTOR MANUFACTURING
TAIWAN SUBMICRON CONSORTIUM
TAIWAN VESPA
TAIYO
TAIYO COMPUTER CENTER
TAIYO OIL
TAKARABUNE CONFECTIONERY
TAMBRANDS
TAM GOSPODARSKA VOZILA MARIBOR
TANAKA MALAYSIA
TANDEM COMPUTERS
TASAKI
TASS
TATI
TAURUS
TBWA
TBWA ADVERTISING
TCBY
TCBY ENTERPRISES
TCF BANK
TCF BANK SAVINGS FSB
TCI
TEAMSTERS
TECDIS
TECHMARK
TECHNICAL EQUIPMENT SERVICE ASSOCIATES
TECHNICAL UNIVERSITY OF CHEMNITZ
TECHNICAS REUNIDAS
TECUMSEH PRODUCTS
TEIJIN
TEKTRONIX
TELCO
TELECITY
TELECOM
TELECOM AUSTRALIA
TELE-COMMMUNICATIONS
TELEDYNE
TELEFON AB L M ERICSSON
TELEFON AB L.M. ERICSSON
TELEFONICA
TELEFUNKEN
TELEKOM
TELFORT
TEMASEK HOLDINGS
TEMPLE-INLAND
TENNECO
TENNECO SODA ASH
TEREX
TESCO
TESORO PETROLEUM
TEXACO
TEXACO USA
TEXAS INSTRUMENTS
TEXAS PACIFIC
TEXAS RANGERS
TEXTRON
TG SODA ASH
TG SODA ASH.
THE ARIZONA REPUBLIC
THE BOSTON GLOBE
THE FLYING KANGAROO
THE INDEPENDENT
THE NEW YORK TIMES
THE PHOENIX GAZETTE
THE PRITZKER FAMILY
THE PROMUS COS
THERMO ELECTRON
THE ROTARIAN
THIOKOL
THOMAS &AMP; BETTS
THOMAS & BETTS
THOMAS EDISON
THOMSON
THOMSON-CSF
THOMSON WEST
THORN
THORN APPLE VALLEY
THORN EMI
TIAN AN DEVELOPMENT
TIDAR NIAGA KHARISMA
TIG
TIMES MIRROR
TIME WARNER
TIMEX
TIMKEN
TIOXIDE
TISHMAN
TISHMAN DEVELOPMENT & ACQUISITION FUND
TISHMAN DEVELOPMENT &AMP; ACQUISITION FUND
TISHMAN SPEYER
TISHMAN SPEYER PROPERTIES
TISZA
TMMC
T-MOBILE
TNT
TNT AEROFLOT EXPRESS
TOCHIGI FUJI
TOCHIGI FUJI INDUSTRIAL
TOHOKU SEMICONDUCTOR
TOKAI BANK
TOKYO ELECTRON
TOKYO STOCK EXCHANGE
TOKYU
TOMEN
TONG IL
T-ONLINE
TOPIX
TOP NOTCH HEALTH
TORAY
TOSCO
TOSHIBA
TOSHIBA AMERICA
TOTAL PETROLEUM
TOWER RECORDS
TOYODA AUTOMATIC LOOM WORKS
TOYO MENKA
TOYO MENKA KAISHA
TOYOTA
TOYOTA INDUSTRIAL EQUIPMENT
TOYOTA MOTOR
TOYOTA TSUSHO
TOYO TIRE
TOYS 'R' US
TOYS "R" US
TOYS R US
TRABANT
TRADER.COM
TRANS - MEDIA RESOURCES
TRANSVIK
TRASCO
TRASCO.
TRIBUNE
TRIBUNE BROADCASTING
TRIBUNE PRODUCTIONS
TRINOVA
TRIQUINT SEMICONDUCTOR
TRI VALLEY GROWERS
TROPEL
TROPICANA
TRUST ARKTIC UGOL
TRUSTHOUSE FORTE
TRW
TSMC
TUC
T U C
TUNGSRAM
TURBO-UNION
TWA
TWENTIETH CENTURY FOX
TYLAN
TYSON FOODS
UAL
UBS WARBURG
UCB-JSR ELECTRONICS
UCC INVESTORS HOLDING
UHDE
UK AEA
U-LITE
ULTRA
ULTRATECH
ULTRATECH STEPPER
UMW
UNICAO
UNICEF
UNICREDITO
UNIDEN
UNILEVER
UNILEVER U.S.
UNILOT
UNION CAMP
UNION CARBIDE
UNION CARBIDE SILICONES
UNION OFFSHORE EXPLORATION
UNION OIL
UNION PACIFIC
UNION TEXAS PETROLEUM
UNION TEXTILE ENTERPRISE
UNIROYAL
UNIROYAL-GOODRICH TIRE
UNISTAR RADIO NETWORKS
UNISYS
UNITED AIRLINES
UNITED BISCUITS
UNITED MOTOR WORKS
UNITED NEWSPAPERS
UNITED RAIL CAR PARTNERSHIP
UNITED SILICON STRUCTURES
UNITED STATES ADVANCED BATTERY CONSORTIUM
UNITED STATES SURGICAL
UNITED TELECOM
UNITED TRACTOR
UNITED VERTICAL BLINDS
UNIVERSAL
UNIVERSAL FOODS
UNIVERSAL HEALTH
UNIVERSAL LEAF TOBACCO
UNIVERSAL PRESS SYNDICATE
UNOCAL
UNVIERSAL TOYS
UPJOHN
UPS
URENCO
USAIR
USA TODAY
USG
USI FAR EAST
USINOR
USINOR-SACILOR
U.S. MEMORIES
U.S. NEWS &AMP; WORLD REPORT
U.S. NEWS & WORLD REPORT
U.S. PRECIOUS METALS
USS-POSCO
US SPRINT
UST
USX
UTA
UTE
VACUUM METALLURGICAL
VALERO ENERGY
VALHI
VALUJET
VAN OMMEREN OIL TERMINAL
VAN OMMEREN TERMINAL SINGAPORE
VARIAN
VARIAN ASSOC
VARIAN ASSOCIATES
VARTA
VEB IFA-KOMBINAT PERSONENKRAFTWAGEN
VEECO INSTRUMENTS
VENTURE CAPITAL FUND
VENTURE ONE
VESPA
VETCO GRAY
VF
VIACOM
VIACOM SATELLITE NEWS
VIAG INTERKOM
VIDEOTON
VIKAY
VIRGIN
VISA
VISCODRIVE
VISTA
VISTA CHEMICAL
VITESSE SEMICONDUCTOR
VITKOVICE
VITRO
VITRO HOUSEHOLD PRODUCTS
VITROMATIC
VITROMATIC SADECV
VIVENDI
VNESHTORGIZDAT
VNESHTORGREKLAMA
VODAFONE
VODAPHONE
VOICESTREAN
VOLGA AUTOMOTIVE WORKS
VOLKSWAGEN
VOLVO
VULCAN MATERIALS
VW
WABCO WESTINGHOUSE
WACOAL
WALLPAPERS TO GO
WALMART
WAL-MART
WALTERS
WALTON COMPUTERS
WARNER BROS
WARNER BROS INTERNATIONAL THEATRES
WARNER BROS. INTERNATIONAL THEATRES
WARNER BROS RECORDS
WARNER BROS. RECORDS
WARNER CONTROL TECHNIQUES
WARNER ELECTRIC
WARNER-LAMBERT
WARTBURG
WASCHMITTELWORK GENTHIN
WASHINGTON POST
WASHINGTON POST NEWS SERVICE
WASHINGTON POST SERVICE
WASHINGTON REDSKINS
WASTE MANAGEMENT
WATERFORD WEDGWOOD
WATKINS-JOHNSON
WAVEMAT
WAXMAN
WEBCOR
WEDGWOOD
WEI MIN MACHINERY FACTORY
WEIRTON STEEL
WELLMAN
WESPEC
WESSEX WATER
WESTDEUTSCHE LANDESBANK GIROZENTRALE
WESTERN DIGITAL
WESTERN MINING
WESTERN MOTOR HOLDINGS
WESTERN UNION
WESTFIELD
WESTINGHOUSE
WESTINGHOUSE BROADCASTING
WESTINGHOUSE ELECTRIC
WESTINGHOUSE SCIENCE &AMP; TECHNOLOGY CENTER
WESTINGHOUSE SCIENCE & TECHNOLOGY CENTER
WESTLB
WEST LB
WESTMORELAND COAL
WEST PALM BEACH TROPICS
WEST POINT
WEST POINT-PEPPERELL
WESTVACO
WEYERHAEUSER
WHIRLPOOL
WHIRPOOL
WHITBREAD
WHITE SOX
WHITEWATER
WHITEWATER WEST
WHITMAN
WICKES
WICKES COS
WICKES MANUFACTURING
WILLIAMS-SONOMA
WIMPEY
WINARYO SULISTYO
WINBOND ELECTRONICS
WINDBOND
WISCONSIN DAIRIES
WITCO
WM. JR. WRIGLEY
WNYW-TV
WOOLCO
WOOLWORTH
WORKING WOMAN
WORLD BANK
WORLD INTERNATIONAL NETWORK
WORLD PRESS
WORLD PRESS DIVISION
W.R. GRACE
WRIGLEY
WURNS
WURNS TECHNOLOGY
XEROX
YAKULT
YAMAHA
YAMAHA MOTOR
YAMANOUCHI PHARMACEUTICAL
YAMASHITA-SHINNIHON STEAMSHIP
YAMATAKE
YAMATAKE-HONEYWELL
YAMATO TRANSPORT
YANKEES
YANMAR
YAOHAN
Y E DATA
Y.E. DATA
YELAZ
YELL
YEU TYAN
YOKOGAWA
YOKOHAMA RUBBER
YOUNG &AMP; RUBICAM
YOUNG & RUBICAM
YS LINE
YUELOONG
YUE LOONG
ZALES
ZASTAVA
ZASTAVA KAMIONI
ZAVODI CRVENA ZASTAVA
ZENITH ELECTRONICS
ZHANG JIA BIAN TOY FACTORY
ZHONGSHAN ELECTRONICS PLANT
