AFGHANISTAN
ALBANIA
ALDERNEY
ALGERIA
AMERICA
AMERICAN SAMOA
ANDORRA
ANGOLA
ANGUILLA
ANTIGUA AND BARBUDA
ANTILLES
ARGENTINA
ARUBA
ATOLL DE JOHNSTON
ATOLL DE PALMYRA
AUSTRALIA
AUSTRIA
AZERBAIDJAN
BAHAMAS
BAHRAIN
BANGLADESH
BARBADOS
BASSAS
BASSAS DA INDIA
BELARUS
BELAU
BELGIUM
BELIZE
BENIN
BERMUDA
BHUTAN
BOLIVIA
BORA
BOSNIA
BOTSWANA
BRAZIL
BRITAIN
BRITISH INDIAN OCEAN TERRITORY
BRUNEI
BULGARIA
BURKINA
BURKINA FASO
BURMA
BURUNDI
CAMBODIA
CAMEROON
CANADA
CAPVERT
CAPE VERDE
CENTRAL AFRICAN REPUBLIC
CHAD
CHILE
CHINA
COLOMBIA
COMORES
COMOROS
CONGO
COSTA RICA
CROATIA
CUBA
CYPRUS
CZECHOSLOVAKIA
DENMARK
DJIBOUTI
DOMINICA
DOMINICAN REPUBLIC
EAST GERMANY
ECUADOR
EGYPT
EL SALVADOR
EMIRATES
EQUATORIAL GUINEA
ESTONIA
ETHIOPIA
FEDERAL REPUBLIC OF GERMANY
FEDERATED STATES OF MICRONESIA
FIJI
FINLAND
FRANCE
FRENCH GUIANA
FRENCH POLYNESIA
FRENCH SOUTHERN AND ANTARCTIC LANDS
GABON
GAMBIA
GAZA STRIP
GERMAN DEMOCRATIC REPUBLIC
GERMANY
GHANA
GIBRALTAR
GREAT BRITAIN
GREECE
GREENLAND
GRENADA
GROENLAND
GUADELOUPE
GUAM
GUATEMALA
GUERNSEY
GUINEA
GUYANA
HAITI
HAïTI
HERM
HOLLAND
HONDURAS
HONG KONG
HONGKONG
HUNGARY
ICELAND
INDIA
INDONESIA
IRAK
IRAN
IRAQ
IRELAND
ISLE OF MAN
ISRAEL
ITALY
IVORY COAST
JAMAICA
JAN MAYEN
JAPAN
JERSEY
JOHNSTON ATOLL
JORDAN
KATAR
KAZAKHSTAN
KENYA
KINGMAN REEF
KIRGHIZISTAN
KIRIBATI
KOREA
KUWAIT
LAOS
LATIN AMERICA
LATVIA
LEBANON
LESOTHO
LETTONIE
LIBAN
LIBERIA
LIBYA
LIECHTENSTEIN
LITHUANIA
LUXEMBOURG
MACAO
MACAU
MADAGASCAR
MALAWI
MALAYSIA
MALDIVES
MALI
MALTA
MAROC
MARTINIQUE
MAURITANIA
MAURITIUS
MAYOTTE
MEXICO
MIQUELON
MOLDAVIA
MONACO
MONGOLIA
MONTENEGRO
MONTSERRAT
MOROCCO
MOZAMBIQUE
MYANMAR
NZ
NAMIBIA
NAMIBIE
NAURU
NEPAL
NETHERLANDS
NETHERLANDS ANTILLES
NEVIS
NEW CALEDONIA
NEW ZEALAND
NICARAGUA
NIGER
NIGERIA
NIUE
NORTH KOREA
NORWAY
NéPAL
OMAN
PAKISTAN
PALAU
PALESTINE
PALMYRA ATOLL
PANAMA
PAPOUA
PAPOUASIE
PAPUA NEW GUINEA
PARAGUAY
PERU
PHILIPPINES
POLAND
PORTO RICO
PORTUGAL
PUERTO RICO
QATAR
REUNION
ROMANIA
ROYAUME
RUANDA
RUSSIA
RWANDA
SAINT KITTSET
SAINT VINCENT
SAINT-PIERREET
SAINTE-HLèNE
SAINTE-LUCIE
SAMOA
SAN MARINO
SAO TOME AND PRINCIPE
SAUDI ARABIA
SENEGAL
SEYCHELLES
SIERRA LEONE
SINGAPORE
SOMALIA
SOUTH AFRICA
SOUTH KOREA
SOVIET UNION
SPAIN
SRI LANKA
SRILANKA
ST.BARTHéLEMY
SUDAN
SURINAM
SURINAME
SVALBARD
SWAZILAND
SWEDEN
SWITZERLAND
SYRIA
TADJIKISTAN
TAIWAN
TANZANIA
TAïWAN
TCHAD
THAILAND
THE NETHERLANDS
TIBET
TOGO
TOKELAU
TONGA
TRINIDAD AND TOBAGO
TRUST TERRITORY OF THE PACIFIC
TUNISIA
TURKEY
TURKMENISTAN
TUVALU
U K
U.K.
U S
U.S.
U S A
U.S.A.
U S S R
U.S.S.R.
UAE
UK
US
USA
USSR
UGANDA
UKRAINE
UNITED ARAB EMIRATES
UNITED KINGDOM
UNITED STATES
UNITED STATES OF AMERICA
URUGUAY
VANUATU
VATICAN
VATICAN CITY
VENEZUELA
VIETNAM
WALLIS & FUTUNA
WALLIS AND FUTUNA
WEST BANK
WEST GERMANY
WESTERN SAHARA
WESTERN SAMOA
YUGOSLAVIA
YéMEN
ZAIRE
ZAMBIA
ZAïRE
ZIMBABWE
THE NETHERLANDS
ÎLE CLIPPERTO
ÎLE EUROPA
ÎLE HOWLAND
ÎLE JARVIS
ÎLE JUAN DE NOVA
ÎLE NAVASSA
ÎLE TROMELIN
MUNCKINLAND
SLOVENIA
SLOVAKIA
SERBIA
CZECH REPUBLIC
UZBEKISTAN
TAJIKISTAN
BRITISH ISLES
N. KOREA
S. KOREA
CHECHNYA
MOLDOVA
AZERBAIJAN
TRINIDAD
TOBAGO
KAZAKSTAN
RUSSIAN FEDERATON
