Advanced Research Projects Agency
Aeronautica Civil
Air Force
AIR FORCE
Army
ARMY
Army Corps
Army Corps of Engineers
A.S.I.
ASI
Cabinet
Canada Post
Canadian Space Agency
Chamber of Commerce
Chamber of Commerce and Industry
Chamber of Deputies
Circuit Court of Appeals
Coast Guard
Congress
Congressional Black Caucus
Congress party
Congress Party
Conservative Party
Conservatives
Court of Appeals
C.S.A.
CSA
DARPA
Defense Advanced Research Projects Agency
DOT
DTI
FAA
FBI
FDIC
Federal Aviation Administration
Federal Bureau of Investigation
Federal Communications Commission
Federal Emergency Management Agency
Federal Energy Regulatory Commission
Federal Government
Federal Mediation and Conciliation Service
Federal Reserve
Federal Reserve Bank
Financial Accounting Standards Board
Foreign Office
GCHQ
Goddard Space Flight Center
GOP
Government
Home Office
House
House of Commons
House of Representatives
Housing and Urban Development
HUD
Inland Revenue
Internal Revenue Service
IRA
Irish Republican Army
IRS
Italian Space Agency
Jet Propulsion Laboratories
Jet Propulsion Laboratory
Jet Propulsion Labs
JPL
Labour Government
Labour Party
Liberal Democrat Party
Liberal Democrats
NASA
N.A.S.D.A.
NASDA
National Aeronautics and Space Administration
National Bureau of Economic Research
National Conference of State Legislators
National Conference of State Legislatures
National Guard
National Labor Relations Board
National Mediation Board
National Mediation Service
National Ocean Service
National Space Development Agency of Japan
National Space Development Agency Of Japan
National Transportation Safety Board
National Weather Service
Naval
Naval Academy
Naval Operations
Naval Research Lab
Naval Research Laboratories
Naval Research Laboratory
Naval Research Labs
Navy
NAVY
NCSL
NRL
NTSB
Parliament
Pentagon
PENTAGON
Police
Postal Service
Republican
Sandia
Sandia National Laboratories
Sandia National Laboratory
Sandia National Labs
S D P
SDP
S E C
SEC
Secret Service
Securities and Exchange Commission
Senate
Small Business Administration
State Senate
the Fed
The Fed
the House
the Police
the Police
Tories
Tory Government
Tory Party
Transport and Health Departments
Unicef
United Front
United States Government
United States Senate
UNSCUM
US House of Representatives
U.S. Naval Academy
White House
European Parliament
