ABBOT:KIND=AMBIG
ARCHER:KIND=AMBIG
ART:KIND=AMBIG
ASH:KIND=AMBIG
AUSTIN:KIND=AMBIG
BANE:KIND=AMBIG
BARON:KIND=AMBIG
BASIL:KIND=AMBIG
BEAU:KIND=AMBIG
BENT:KIND=AMBIG
BENTLEY:KIND=AMBIG
BING:KIND=AMBIG
BORG:KIND=AMBIG
BRAND:KIND=AMBIG
BRENT:KIND=AMBIG
CAM:KIND=AMBIG
CESAR:KIND=AMBIG
CHAD:KIND=AMBIG
CHRETIEN:KIND=AMBIG
CHRISTIAN:KIND=AMBIG
CHUCK:KIND=AMBIG
CLARK:KIND=AMBIG
CLAY:KIND=AMBIG
CLERK:KIND=AMBIG
CLIFF:KIND=AMBIG
CLYDE:KIND=AMBIG
COSMO:KIND=AMBIG
DALE:KIND=AMBIG
DARLING:KIND=AMBIG
DEAN:KIND=AMBIG
DEVON:KIND=AMBIG
DEW:KIND=AMBIG
DICK:KIND=AMBIG
DODGE:KIND=AMBIG
DON:KIND=AMBIG
DRAKE:KIND=AMBIG
DREW:KIND=AMBIG
DUD:KIND=AMBIG
DUDE:KIND=AMBIG
DUFF:KIND=AMBIG
DUG:KIND=AMBIG
DUKE:KIND=AMBIG
DUNK:KIND=AMBIG
EARL:KIND=AMBIG
EGG:KIND=AMBIG
FABER:KIND=AMBIG
FABIAN:KIND=AMBIG
FERRIS:KIND=AMBIG
FIN:KIND=AMBIG
FLETCHER:KIND=AMBIG
FORESTER:KIND=AMBIG
FOUNTAIN:KIND=AMBIG
FRANK:KIND=AMBIG
GARNET:KIND=AMBIG
GORGEOUS:KIND=AMBIG
GRAM:KIND=AMBIG
GRANT:KIND=AMBIG
GRAY:KIND=AMBIG
GRIFFIN:KIND=AMBIG
GROVE:KIND=AMBIG
GUN:KIND=AMBIG
GUNNER:KIND=AMBIG
GUY:KIND=AMBIG
HALLEY:KIND=AMBIG
HAM:KIND=AMBIG
HEATH:KIND=AMBIG
HEINZ:KIND=AMBIG
HERB:KIND=AMBIG
HERO:KIND=AMBIG
HERON:KIND=AMBIG
HOOD:KIND=AMBIG
HOOP:KIND=AMBIG
HUDSON:KIND=AMBIG
HUNG:KIND=AMBIG
HUNTER:KIND=AMBIG
HUTCH:KIND=AMBIG
IRVINE:KIND=AMBIG
JARVIS:KIND=AMBIG
JOCK:KIND=AMBIG
JORDAN:KIND=AMBIG
KALE:KIND=AMBIG
KELVIN:KIND=AMBIG
KENT:KIND=AMBIG
LANCE:KIND=AMBIG
LEAF:KIND=AMBIG
LEE:KIND=AMBIG
LEFTY:KIND=AMBIG
LEO:KIND=AMBIG
LEVY:KIND=AMBIG
LINCOLN:KIND=AMBIG
MARK:KIND=AMBIG
MARSH:KIND=AMBIG
MARSHAL:KIND=AMBIG
MAT:KIND=AMBIG
MATT:KIND=AMBIG
MATTE:KIND=AMBIG
MAX:KIND=AMBIG
MAXIM:KIND=AMBIG
MAYO:KIND=AMBIG
MIC:KIND=AMBIG
MORRIS:KIND=AMBIG
MORSE:KIND=AMBIG
MORT:KIND=AMBIG
NATTY:KIND=AMBIG
NED:KIND=AMBIG
NEPTUNE:KIND=AMBIG
NOD:KIND=AMBIG
NOEL:KIND=AMBIG
NORM:KIND=AMBIG
NORMAN:KIND=AMBIG
ORION:KIND=AMBIG
OSCAR:KIND=AMBIG
OTTOMAN:KIND=AMBIG
PADDINGTON:KIND=AMBIG
PEREGRINE:KIND=AMBIG
PHILANDER:KIND=AMBIG
PIERCE:KIND=AMBIG
PIP:KIND=AMBIG
RAG:KIND=AMBIG
REED:KIND=AMBIG
RICH:KIND=AMBIG
ROAR:KIND=AMBIG
ROB:KIND=AMBIG
ROCKY:KIND=AMBIG
ROD:KIND=AMBIG
ROMANCE:KIND=AMBIG
ROYALE:KIND=AMBIG
RUSSELL:KIND=AMBIG
RUSTY:KIND=AMBIG
SCOT:KIND=AMBIG
SIDNEY:KIND=AMBIG
SILVER:KIND=AMBIG
SHIN:KIND=AMBIG
SIM:KIND=AMBIG
SLADE:KIND=AMBIG
STEWARD:KIND=AMBIG
SULTAN:KIND=AMBIG
TAD:KIND=AMBIG
TATE:KIND=AMBIG
TEDDY:KIND=AMBIG
TELLY:KIND=AMBIG
THAN:KIND=AMBIG
TOR:KIND=AMBIG
TRAVIS:KIND=AMBIG
TRENT:KIND=AMBIG
TROY:KIND=AMBIG
URBAN:KIND=AMBIG
UZI:KIND=AMBIG
VAN:KIND=AMBIG
VICTOR:KIND=AMBIG
WEED:KIND=AMBIG
WILL:KIND=AMBIG
WINTER:KIND=AMBIG
WOLF:KIND=AMBIG
WOOD:KIND=AMBIG
YALE:KIND=AMBIG
YEN:KIND=AMBIG