ABBEY:KIND=AMBIG
ACACIA:KIND=AMBIG
ADORABLE:KIND=AMBIG
AKA:KIND=AMBIG
ALBA:KIND=AMBIG
ALLIE:KIND=AMBIG
ALLY:KIND=AMBIG
ALPHA:KIND=AMBIG
AMBER:KIND=AMBIG
AMBROSIA:KIND=AMBIG
AMETHYST:KIND=AMBIG
ANATOLIA:KIND=AMBIG
ANDROMEDA:KIND=AMBIG
ANEMONE:KIND=AMBIG
ANGEL:KIND=AMBIG
APPLE:KIND=AMBIG
ARAN:KIND=AMBIG
AURORA:KIND=AMBIG
AUTUMN:KIND=AMBIG
BAMBI:KIND=AMBIG
BAT:KIND=AMBIG
BELLA:KIND=AMBIG
BET:KIND=AMBIG
BLISS:KIND=AMBIG
BRANDY:KIND=AMBIG
BRITTANY:KIND=AMBIG
BUNNY:KIND=AMBIG
CANDY:KIND=AMBIG
CAT:KIND=AMBIG
CHARISMA:KIND=AMBIG
CHARITY:KIND=AMBIG
CHASTITY:KIND=AMBIG
CHELSEA:KIND=AMBIG
CHERRY:KIND=AMBIG
CINNAMON:KIND=AMBIG
CLARE:KIND=AMBIG
CORAL:KIND=AMBIG
CORN:KIND=AMBIG
CORONA:KIND=AMBIG
CRYSTAL:KIND=AMBIG
DAFFODIL:KIND=AMBIG
DAHLIA:KIND=AMBIG
DAISY:KIND=AMBIG
DIXIE:KIND=AMBIG
DOMINO:KIND=AMBIG
EBONY:KIND=AMBIG
EIREANN:KIND=AMBIG
EMERALD:KIND=AMBIG
FAITH:KIND=AMBIG
FANG:KIND=AMBIG
FAWN:KIND=AMBIG
FEDORA:KIND=AMBIG
FILIPINA:KIND=AMBIG
FLORENCE:KIND=AMBIG
FLOWER:KIND=AMBIG
GALA:KIND=AMBIG
GALE:KIND=AMBIG
GAY:KIND=AMBIG
GAZELLE:KIND=AMBIG
GEORGIA:KIND=AMBIG
GIN:KIND=AMBIG
GINGER:KIND=AMBIG
GLORY:KIND=AMBIG
GRACE:KIND=AMBIG
GYPSY:KIND=AMBIG
HALCYON:KIND=AMBIG
HANG:KIND=AMBIG
HARMONY:KIND=AMBIG
HAZEL:KIND=AMBIG
HEATHER:KIND=AMBIG
HIND:KIND=AMBIG
HONOUR:KIND=AMBIG
HUE:KIND=AMBIG
HYACINTH:KIND=AMBIG
IO:KIND=AMBIG
IRA:KIND=AMBIG
IRIS:KIND=AMBIG
ISA:KIND=AMBIG
JADE:KIND=AMBIG
JAIN:KIND=AMBIG
JAN:KIND=AMBIG
JASMINE:KIND=AMBIG
JELLYBEAN:KIND=AMBIG
JOY:KIND=AMBIG
JUNE:KIND=AMBIG
KARMA:KIND=AMBIG
KES:KIND=AMBIG
KITTY:KIND=AMBIG
LARK:KIND=AMBIG
LILY:KIND=AMBIG
LUNA:KIND=AMBIG
LUTE:KIND=AMBIG
MAMA:KIND=AMBIG
MARGARITA:KIND=AMBIG
MARGHERITA:KIND=AMBIG
MEAD:KIND=AMBIG
MEADOW:KIND=AMBIG
MELODY:KIND=AMBIG
MERCY:KIND=AMBIG
MERRY:KIND=AMBIG
MISTY:KIND=AMBIG
NAN:KIND=AMBIG
ODE:KIND=AMBIG
OLIVE:KIND=AMBIG
OLYMPIA:KIND=AMBIG
OPAL:KIND=AMBIG
PANSY:KIND=AMBIG
PAT:KIND=AMBIG
PATIENCE:KIND=AMBIG
PEARL:KIND=AMBIG
PEBBLES:KIND=AMBIG
PEG:KIND=AMBIG
PENNY:KIND=AMBIG
PEPPER:KIND=AMBIG
PETA:KIND=AMBIG
POCAHONTAS:KIND=AMBIG
POPPY:KIND=AMBIG
PRAIRIE:KIND=AMBIG
PRIMROSE:KIND=AMBIG
PRUDENCE:KIND=AMBIG
PSYCHE:KIND=AMBIG
QUEEN:KIND=AMBIG
ROSE:KIND=AMBIG
ROSEMARY:KIND=AMBIG
ROSETTA:KIND=AMBIG
RUBY:KIND=AMBIG
SABLE:KIND=AMBIG
SAGA:KIND=AMBIG
SAGE:KIND=AMBIG
SAHARA:KIND=AMBIG
SAPPHIRE:KIND=AMBIG
SARI:KIND=AMBIG
SAVANNAH:KIND=AMBIG
SCARLET:KIND=AMBIG
SCOUT:KIND=AMBIG
SERENITY:KIND=AMBIG
SHEBA:KIND=AMBIG
SIERRA:KIND=AMBIG
SKY:KIND=AMBIG
SKYE:KIND=AMBIG
SLOAN:KIND=AMBIG
SOCKS:KIND=AMBIG
SOLIEL:KIND=AMBIG
STELLA:KIND=AMBIG
STORMY:KIND=AMBIG
SUMMER:KIND=AMBIG
SUNG:KIND=AMBIG
SUNSHINE:KIND=AMBIG
TAB:KIND=AMBIG
TALLY:KIND=AMBIG
TAWNY:KIND=AMBIG
TAYLOR:KIND=AMBIG
TEAL:KIND=AMBIG
TEDDIE:KIND=AMBIG
TEMPEST:KIND=AMBIG
TIGRIS:KIND=AMBIG
TREASURE:KIND=AMBIG
TRINIDAD:KIND=AMBIG
TULIP:KIND=AMBIG
VELVET:KIND=AMBIG
VENETIA:KIND=AMBIG
VENUS:KIND=AMBIG
VERITY:KIND=AMBIG
VICTORIA:KIND=AMBIG
VIOLET:KIND=AMBIG
VIRGINIA:KIND=AMBIG
WILLOW:KIND=AMBIG
