Gaugin:gender=male
Gauguin:gender=male
George Bush:gender=male
Hillary Clinton:gender=female
Hillary Rodham Clinton:gender=female
John the Baptist:gender=male
Margaret Thatcher:gender=female
Messiaen:gender=male
Mozart:gender=male
Nixon:gender=male
Pope John Paul II:gender=male
Richard Nixon:gender=male
Ronald Reagan:gender=male
Saddam Hussain:gender=male
Saint-Saens:gender=male
Shostakovich:gender=male
Strauss:gender=male
Thatcher:gender=female
The Clintons
The Queen:gender=female
the Queen:gender=female
Van Gogh:gender=male
Virgin Mary:gender=female
Vivaldi:gender=male
the Clintons
van Gogh:gender=male
Carl Marx:gender=male
Lenin:gender=male
Stalin:gender=male
George W. Bush:gender=male
Mitt Romney:gender=male
Barack Obama:gender=male
Romney:gender=male
Obama:gender=male
Lady Gaga:gender=female
Kanye West:gender=male
Abu Hamza:gender=male
Abu Hamza Al-Masri:gender=male
Osama bin Laden:gender=male
Osama Bin Laden:gender=male
Mubarek:gender=male
Muhammad Ali:gender=male
Jennifer Aniston:gender=female
Tyra Banks:gender=female
Mario Batali:gender=male
David Beckham:gender=male
Halle Berry:gender=female
Tom Brady:gender=male
Matthew Broderick:gender=male
Nathan Lane:gender=male
Mel Brooks:gender=male
Dan Brown:gender=male
Jerry Bruckheimer:gender=male
Kobe Bryant:gender=male
Gisele Bundchen:gender=female
Jim Carrey:gender=male
Dave Chappelle:gender=male
Sean Combs:gender=male
Katie Couric:gender=female
Simon Cowell:gender=male
Tom Cruise:gender=male
Johnny Depp:gender=male
Cameron Diaz:gender=female
Leonardo DiCaprio:gender=male
Celine Dion:gender=female
50 Cent:gender=male
Jodie Foster:gender=female
John Grisham:gender=male
Tom Hanks:gender=male
Paris Hilton:gender=female
Eric Idle:gender=male
Mike Nichols:gender=male
Peter Jackson:gender=male
LeBron James:gender=male
Derek Jeter:gender=male
Scarlett Johansson:gender=female
Elton John:gender=male
Angelina Jolie:gender=female
Michael Jordan:gender=male
Nicole Kidman:gender=female
Heidi Klum:gender=female
Emeril Lagasse:gender=male
Jay Leno:gender=male
David Letterman:gender=male
Adriana Lima:gender=female
Rush Limbaugh:gender=male
George Lopez:gender=male
Jennifer Lopez:gender=female
George Lucas:gender=male
Paul McCartney:gender=male
Dr. Phil McGraw:gender=male
Phil Mickelson:gender=male
Kate Moss:gender=female
Neil Diamond:gender=male
Bill O'Reilly:gender=male
Shaquille O'Neal:gender=male
Carson Palmer:gender=male
James Patterson:gender=male
Ty Pennington:gender=male
Regis Philbin:gender=male
Brad Pitt:gender=male
Wolfgang Puck:gender=male
Rachael Ray:gender=female
Nicole Richie:gender=female
Alex Rodriguez:gender=male
Ray Romano:gender=male
Ronaldinho:gender=male
Valentino Rossi:gender=male
J.K. Rowling:gender=female
Adam Sandler:gender=male
Diane Sawyer:gender=female
Michael Schumacher:gender=male
Ryan Seacrest:gender=male
Jerry Seinfeld:gender=male
Maria Sharapova:gender=female
Jessica Simpson:gender=female
Will Smith:gender=male
Annika Sorenstam:gender=female
Steven Spielberg:gender=male
Bruce Springsteen:gender=male
Howard Stern:gender=male
Rod Stewart:gender=male
Kiefer Sutherland:gender=male
Donald Trump:gender=male
Rick Warren:gender=male
Denzel Washington:gender=male
Andrew Lloyd Webber:gender=male
Michelle Wie:gender=female
Serena Williams:gender=female
Venus Williams:gender=female
Oprah Winfrey:gender=female
Reese Witherspoon:gender=female
Dick Wolf:gender=male
Tiger Woods:gender=male
Renee Zellweger:gender=female
Whitney Houston:gender=female
Adolf Hitler:gender=male
Shania Twain:gender=female
Hulk Hogan:gender=male
Michelle Obama:gender=female
Ashton Kutcher:gender=male
Cardinal Wolsey:gender=male
Fulgencia Batista:gender=male
Slobodan Milosevic:gender=male
