Antrim
Ards
Armagh
Avon
Ayrshire
Ballymena
Ballymoney
Banbridge
Bedfordshire
Belfast
Berks
Berkshire
Borders
Buckinghamshire
Bucks
Cambridgeshire
Carrickfergus
Castlereagh
Cheshire
Cleveland
Clwyd
Coleraine
Cookstown
Cornwall
County Antrim
County Ards
County Armagh
County Ballymena
County Ballymoney
County Banbridge
County Belfast
County Carrickfergus
County Castlereagh
County Coleraine
County Cookstown
County Craigavon
County Down
County Dungannon
County Fermanagh
County Larne
County Limavady
County Lisburn
County Londonderry
County Magherafelt
County Moyle
County Newry and Mourne
County Newtownabbey
County North Down
County Omagh
County Strabane
Craigavon
Cumbria
Dartmoor
Derbyshire
Devon
Dorset
Dumfries and Galloway
Dungannon
Durham
Dyfed
East Anglia
East Riding
East Sussex
Essex
Exmoor
Fermanagh
Fife
Gloucestershire
Grampian
Greater London
Greater Manchester
Gwent
Gwynedd
Hampshire
Hants
Hereford
Hereford and Worcester
Hertfordshire
Herts
Highland
Humberside
Isle of Wight
Isle Of Wight
Kent
Lancashire
Lancs
Larne
Leicestershire
Limavady
Lincolnshire
Lisburn
Londonderry
Lothian
Magherafelt
Merseyside
Mid Glamorgan
Middlesex
Midlands
Moyle
Newry and Mourne
Newtownabbey
Norfolk
Northamptonshire
Northants
North Down
Northumberland
Northumbria
North Yorks
North Yorkshire
Nottinghamshire
Omagh
Orkney
Oxfordshire
Oxon
Perthshire
Powys
Royal Berks
Royal Berkshire
Rutland
Shetland
Shropshire
Somerset
South Glamorgan
South Yorks
South Yorkshire
Staffordshire
Strabane
Strathclyde
Suffolk
Surrey
Sussex
Tayside
Tyne and Wear
Vale of Glamorgan
Warwickshire
Western Isles
West Glamorgan
West Midlands
West Sussex
West Yorks
West Yorkshire
Wiltshire
Worcestershire
Yorkshire
