University of Aberdeen
University of Abertay Dundee
Aberystwyth University
Anglia Ruskin University
The Arts University Bournemouth
University of the Arts London
Camberwell College of Arts
Central Saint Martins College of Art and Design
Chelsea College of Art and Design
London College of Communication
London College of Fashion
Wimbledon College of Art
Aston University
Bangor University
University of Bath
Bath Spa University
University of Bedfordshire
University of Birmingham
Birmingham City University
Birmingham Conservatoire
University College Birmingham
Bishop Grosseteste University
University Centre at Blackburn College
University of Bolton
Bournemouth University
BPP University
University of Bradford
University of Brighton
Brighton and Sussex Medical School
University of Bristol
Brunel University
University of Buckingham
Buckinghamshire New University
University of Cambridge
Canterbury Christ Church University
Cardiff University
Cardiff International Academy of Voice
Cardiff University School of Medicine
Cardiff Metropolitan University
University of Central Lancashire
University of Chester
University of Chichester
City University London
Cass Business School
City Law School
Coventry University
Cranfield University
University for the Creative Arts
University of Cumbria
De Montfort University
University of Derby
University of Dundee
Durham University
University of East Anglia
University of East London
University of East London School of Law
Edge Hill University
University of Edinburgh
Edinburgh Napier University
University of Essex
University of Exeter
Camborne School of Mines
Falmouth University
Dartington College of Arts
University of Glasgow
Glasgow Caledonian University
University of Gloucestershire
University of Greenwich
Glyndŵr University
Harper Adams University
Heriot-Watt University
University of Hertfordshire
University of the Highlands & Islands
University of Huddersfield
University of Hull, Hull and Scarborough
Hull York Medical School
Imperial College London
Imperial College at Wye
Royal School of Mines
Keele University
University of Kent
Kingston University
Lancaster University
University of Leeds
Leeds Metropolitan University
Leeds Trinity University
University of Leicester
University of Lincoln
University of Liverpool
Liverpool School of Tropical Medicine
Liverpool Hope University
Liverpool John Moores University
University of London
Birkbeck, University of London
Central School of Speech and Drama
Courtauld Institute of Art
Goldsmiths, University of London
Heythrop College
King's College London
London Business School
London School of Economics and Political Science
London School of Hygiene and Tropical Medicine
Queen Mary, University of London
Royal Academy of Music
The Founder's Building of Royal Holloway
Royal Holloway, University of London, Egham
Royal Veterinary College
St George's, University of London
Institute for the Study of the Americas
Institute of Advanced Legal Studies
Institute of Classical Studies
Institute of Commonwealth Studies
Institute of English Studies
Institute of Germanic & Romance Studies
Institute of Historical Research
Institute of Musical Research
Institute of Philosophy
Warburg Institute
School of Oriental and African Studies
School of Pharmacy, University of London
University College London
Eastman Dental Institute
Institute of Archaeology
Institute of Child Health
Institute of Neurology
School of Slavonic and East European Studies
University Marine Biological Station
London Metropolitan University
London South Bank University
Loughborough University
University of Manchester
Manchester Metropolitan University
Middlesex University
Newcastle University
Newman University
University of Northampton
Northumbria University
Norwich University of the Arts
University of Nottingham
Nottingham Trent University
The Open University
The Radcliffe Camera, University of Oxford
University of Oxford
Oxford Brookes University
University of Plymouth
University of Portsmouth
Queen's University Belfast
St Mary's University College
Stranmillis University College
Queen Margaret University
University of Reading
The Robert Gordon University
Roehampton University
Royal Agricultural University
Royal College of Art
University of St Andrews
University of St Mark & St John
University of Salford
University of Sheffield
Sheffield Hallam University
University of Southampton
Southampton Solent University
University of South Wales
Staffordshire University
University of Stirling
University of Strathclyde
University of Sunderland
University of Surrey
University of Sussex
Swansea Metropolitan University
Swansea University
Teesside University
University of Ulster
University of Wales, Trinity St David
University of Wales
University of Warwick
University of West London
London College of Music
University of Westminster
University of the West of England
University of the West of Scotland
University of Winchester
University of Wolverhampton
University of Worcester
University of York
York St John University
