AFP
IG Metall
Indosuez
M6
OLP
Pathé
Telepiù
TF1
Vivendi
Accor
Airbus Group
Airtag
Alcatel-Lucent
Ales Groupe
Alstom
Altran
Anovo
Areva
Arianespace
Arkane Studios
Astrium
AT Internet
Atisreal
Atos
Auchan
AXA
Babolat
Baccarat
BIC
BNP Paribas
BNP Paribas Hong Kong
Bolloré
Bouygues
Bouygues Télécom
Brittany Ferries
Bugatti Automobiles
Bugatti
Bull
Buzzinbees
Canal+
Capgemini
Sogeti
Carrefour
Cartier S.A.
Casino Guichard-Perrachon
Celio
Chanel
Chantelle
Christian Dior
Citroën
CMA CGM
Crédit Agricole
CLSA
Calyon
Crédit Lyonnais
Criteo
Crédit Foncier de France
Danone
Evian
Dassault Group
Dassault Aviation
Dassault Systèmes
Dassault
DCNS
Decathlon
Dexia
Diptyque
Éditions Philippe Amaury
Amaury Sport Organisation
Eisenberg Paris
Électricité de France
EDF
Essilor
Eurotunnel
Eutelsat
Fnac
Galeries Lafayette
Gameloft
Gandi
Gaumont
Havas
Hermès
Hutchinson SA
Iliad
JCDecaux
Jean-Paul Gaultier
Keolis
La Poste
Laboratoires Pierre Fabre
Lacoste
Lactalis
Lafarge
Lafuma
Oxbow
Lagardère Group
Hachette
Hachette Filipacchi Médias
Hachette Livre
LOOK
L'Oréal
Lancôme
LVMH
Louis Vuitton
Mandriva
MC2 France
Michelin
Montagut
MoonScoop Group
NicOx
Norauto
NYCO
Official Board
Orange S.A.
Parrot SA
Pathé
Pentalog
Pernod Ricard
PPR
PSA Peugeot Citroën
Citroën
Peugeot
Publicis
Quantic Dream
RATP
RATP Group
Renault
Rexel
Rhodia
Safran
Snecma
Saint-Gobain
Salomon Group
Salomon
Mavic
Sanofi
SDV International Logistics
Sephora
SFR
Sigfox
SNCF
SNCM
Société Générale
Sodexo
Sopra Group
Schneider Electric
Technicolor SA
Technip
TF1 Group
Thales Group
Theam
Ubisoft
Venturi Automobiles
Veolia Environnement
Vinci
Vivendi
Yoplait
VF
Europe1
