Andorre-la-Vieille
Abou Dhabi
Kaboul
Saint John's
The Valley
Tirana
Erevan
Willemstad
Luanda
Buenos Aires
Pago Pago
Vienne
Canberra
Oranjestad
Bakou
Sarajevo
Bridgetown
Dacca
Bruxelles
Ouagadougou
Sofia
Manama
Bujumbura
Porto-Novo
Hamilton
Bandar Seri Begawan
La Paz
Sucre
Brasilia
Nassau
Thimphou
Gaborone
Minsk
Belmopan
Ottawa
Bantam
Kinshasa
Bangui
Brazzaville
Berne
Yamoussoukro
Avarua
Santiago
Yaoundé
Pékin
Santa Fe de Bogota
Bogota
San José
La Havane
Praia
Flying Fish Cove
Nicosie
Prague
Berlin
Djibouti
Copenhague
Roseau
Saint-Domingue
Alger
Quito
Tallin
Le Caire
El Aiun
Asmara
Madrid
Addis-Abeba
Helsinki
Suva
Stanley
Palikir
Torshavn
Paris
Libreville
Londres
Saint-Georges
Saint George's
Tbilissi
Cayenne
Accra
Gibraltar
Nuuk
Banjul
Conakry
Basse-Terre
Malabo
Athènes
Guatemala
Ciudad de Guatemala
Agaña
Bissao
Bissau
Georgetown
Tegucigalpa
Zagreb
Port-au-Prince
Budapest
Jakarta
Dublin
New Delhi
Bagdad
Téhéran
Reykjavik
Rome
Kingston
Amman
Tokyo
Nairobi
Bichkek
Phnom-Penh
Phnom Penh
Bairiki
Moroni
Basseterre
Pyongyang
Séoul
Koweït
George Town
Astana
Vientiane
Beyrouth
Castries
Vaduz
Colombo
Monrovia
Maseru
Vilnius
Luxembourg
Riga
Tripoli
Rabat
Monaco
Chisinau
Antananarivo
Dalap-Uliga-Darrit
DUD
Skopje
Bamako
Rangoun
Oulan-Bator
Macao
Garapan
Fort-de-France
Nouakchott
Plymouth
La Valette
Port-Louis
Malé
Lilongwe
Mexico
Kuala Lumpur
Maputo
Windhoek
Nouméa
Niamey
Kingston
Abuja
Managua
Amsterdam
La Haye
Oslo
Katmandou
Yaren
Alofi
Wellington
Mascate
Panama
Lima
Papeete
Port Moresby
Manille
Islamabad
Varsovie
Saint-Pierre
Adamstown
San Juan
Lisbonne
Koror
Assomption
Asunción
Doha
Saint-Denis
Bucarest
Moscou
Kigali
Riyad
Honiara
Victoria
Khartoum
Stockholm
Singapour
Jamestown
Ljubljana
Longyearbyen
Bratislava
Freetown
Saint-Marin
Dakar
Mogadiscio
Muqdisho
Paramaribo
Sao Tomé
São Tomé
San Salvador
Damas
Mbabane
Cockburn Town
Ndjamena
N'Djamena
Lomé
Bangkok
Douchanbé
Fakaofo
Dili
Achgabat
Tunis
Nuku'alofa
Ankara
Port d'Espagne
Port of Spain
Fongafale
Taipei
Dodoma
Kiev
Kampala
Washington
Montevideo
Tachkent
Cité du Vatican
Kingstown
Caracas
Road Town
Charlotte Amalie
Hanoï
Port-Vila
Port Vila
Mata-Utu
Apia
Sanaa
Mamoudzou
Belgrade
Pretoria
Lusaka
Harare