Afghanistan
Afrique
Albania
Albanie
Alderney
Algeria
Algérie
Allemagne
America
Amérique
Amériques
American Samoa
Andorra
Andorre
Angleterre
Anglo-Normandes
Angola
Anguilla
Antigua and Barbuda
Antigua et Barbuda
Antilles
Antilles Néerlandaises
Arabie Saoudite
Argentina
Argentine
Arménie
Aruba
Atoll de Johnston
Atoll de Palmyra
Australia
Australie
Austria
Autriche
Azerbadjan
Bahamas
Bahrain
Bahreïn
Bangladesh
Barbade
Barbados
Bassas
Bassas da India
Belarus
Belau
Belgique
Belgium
Belize
Benin
Bermuda
Bermudes
Bhoutan
Bhutan
Bhutan
Bielorussie
Birmanie
Bolivia
Bolivie
Bora
Bosnia
Bosnie
Botswana
Brazil
Britain
British Indian Ocean Territory
Brunei
Brésil
Bulgaria
Bulgarie
Burkina
Burkina Faso
Burma
Burundi
Bélarus
Bénin
Cambodge
Cambodia
Cameroon
Cameroun
Canada
CapVert
Cape Verde
Centrafricaine
Central African Republic
Chad
Chile
Chili
China
Chine
Chypre
Colombia
Colombie
Comores
Comoros
Congo
Corée
Costa Rica
Croatia
Croatie
Cuba
Cyprus
Czechoslovakia
Côte
Danemark
Denmark
Djibouti
Dominica
Dominicaine
Dominican Republic
Dominique
East Germany
Ecuador
Egypt
El Salvador
Emirates
Equatorial Guinea
Espagne
Estonia
Estonie
Ethiopia
Federated States of Micronesia
Fidji
Fiji
Finland
Finlande
France
French Guiana
French Polynesia
French Southern and Antarctic Lands
Gabon
Gambia
Gambie
Gaza Strip
German Democratic Republic
Germany
Ghana
Gibraltar
Gibraltar
Great Britain
Greece
Greenland
Grenada
Grenade
Groenland
Grèce
Guadeloupe
Guam
Guatemala
Guernesey
Guernsey
Guinea
Guinée
Guinée équatoriale
Guinée-Bissau
Guyana
Guyane
Guyane Française
Géorgie
Haiti
Haïti
Herm
Hexagone
Holland
Honduras
Hong Kong
Hongkong
Hongrie
Hungary
Iceland
Inde
India
Indonesia
Indonésie
Irak
Iran
Iraq
Iraq - Saudia Arabia Neutral Zone
Ireland
Irlande
Islande
Isle of Man
Israel
Israël
Italie
Italy
Ivory Coast
Jamaica
Jamaïque
Jan Mayen
Japan
Japon
Jersey
Jersey (UK) voir Jersey
Johnston Atoll
Jordan
Jordanie
Katar
Kazakhie
Kazakhstan
Kenya
Kingman Reef
Kingman Reef
Kirghizie
Kirghizistan
Kiribati
Korea
Koweït
Kuwait
Laos
Latin America
Latvia
Lebanon
Lesotho
Lettonie
Liban
Liberia
Libya
Libye
Libéria
Liechtenstein
Lithuania
Lithuanie
Lituanie
Luxembourg
Macao (PO)
Macau
Macédoine
Madagascar
Malaisie
Malawi
Malaysia
Maldives
Mali
Malta
Malte
Maroc
Martinique
Maurice
Mauritania
Mauritanie
Mauritius
Maurétanie
Mayotte
Mexico
Mexique
Micronésie
Miquelon
Moldavie
Monaco
Mongolia
Mongolie
Montenegro
Montserrat
Morocco
Mozambique
Myanmar
NZ
Namibia
Namibie
Nauru
Nepal
Netherlands
Netherlands Antilles
Nevis
New Caledonia
New Zealand
Nicaragua
Niger
Nigeria
Niue
Normandes
North Korea
Norvège
Norway
Nouvelle-Calédonie
Nouvelle-Guinée
Nouvelle-Zélande
Népal
Oman
Ouganda
Ouzbékistan
Pakistan
Palau
Palestine
Palmyra Atoll
Panama
Papoua
Papouasie
Papua New Guinea
Paraguay
Peru
Philippines
Poland
Pologne
Polynésie
Polynésie Française
Polynésie française
Porto Rico
Portugal
Puerto Rico
Pérou
Qatar
Reunion
Romania
Rouanda
Roumanie
Royaume
Royaume-Uni
Ruanda
Russia
Russie
Rwanda
République Tchèque
Sahara Occidental
Saint Kittset
Saint Vincent
Saint-Pierreet
Sainte-Hlène
Sainte-Lucie
Samoa
Samoa américaines
Samoa occidentales
San Marino
Sao Tome and Principe
Sao Tomé et  Principe
Saudi Arabia
Senegal
Serbie et Monténégro
Seychelles
Sierra Leone
Singapore
Singapour
Slovaquie
Slovénie
Somalia
Somalie
Souaziland
Soudan
South Africa
South Korea
Soviet Union
Spain
Sri Lanka
SriLanka
St.Barthélemy
Sudan
Suisse
Surinam (Guyane
Suriname
Suède
Svalbard
Svalbard (NO)
Swaziland
Sweden
Switzerland
Syria
Syrie
Sénégal
Tadjikistan
Taiwan
Tanzania
Tanzanie
Taïwan
Tchad
Tchècoslovaquie
Thailand
Thaïlande
The Netherlands
Tibet
Togo
Tokelau
Tonga
Trinidad and Tobago
Trinité et Tobago
Trust Territory of the Pacific
Tunisia
Tunisie
Tunésie
Turkey
Turkménistan
Turquie
Tuvalu
U K
U.K.
U S
U.S.
U S A
U.S.A.
U S S R
U.S.S.R.
UAE
UK
US
USA
USSR
Uganda
Ukraine
United Arab Emirates
United Kingdom
United States
United States of America
Uruguay
Vanuatu
Vatican
Vatican City
Venezuela
Vietnam
Viètnam
Wallis & Futuna
Wallis and Futuna
West Bank
West Germany
Western Sahara
Western Samoa
Yougoslavie
Yugoslavia
Yémen
Zaire
Zambia
Zambie
Zaïre
Zimbabwe
the Netherlands
Égypte
Équateur
États-Unis
Éthiopie
Île Clipperto
Île Europa
Île Howland
Île Jarvis
Île Juan de Nova
Île Navassa
Île Norfolk
Île Tromelin
Île de Man
Île de Noël
Île de Pâque
Île de Wake
Île de la Réunion
Îles
Îles Ashmore et Cartier
Îles Baker et Howland
Îles Bouvet
Îles Caïmans
Îles Cocos
Îles Cook
Îles Féroé
Îles Glorieuses
Îles Heard et  McDonald
Îles Malouines
Îles Marianne du nord
Îles Marshall
Îles Midway
Îles Pitcairn
Îles Salomon
Îles Spratly
Îles Turks et Caicos
Îles Vierges américaines
Îles Vierges britanniques
Îles de la mer de  Corail
Îles françaises
Andorre
les émirats arabes unis
l'Afghanistan
Antigua-et-Barbuda
Anguilla
l'Albanie
l'Arménie
les Antilles néerlandaises
l'Angola
l'Antarctique
l'Argentine
les Samoa américaines
l'Autriche
l'Australie
Aruba
l'Azerbaédjan
la Bosnie-Herzégovine
la Bosnie-et-Herzégovine
la Barbade
bande de Gaza
le Bangladesh
la Belgique
le Burkina Faso
la Bulgarie
Bahreén
le Burundi
le Bénin
les Bermudes
le Brunei
la Bolivie
le Brésil
les Bahamas
le Bhoutan
l'Ile Bouvet
le Botswana
la Biélorussie
le Belarus
Belize
le Canada
les Iles des Cocos
les Iles des Cocos Keeling
la République démocratique du Congo
la République centrafricaine
le Congo
la Suisse
la Céte d'Ivoire
les Iles Cook
le Chili
le Cameroun
la Chine
la Colombie
Costa Rica
Cuba
le Cap-Vert
l'Ile Christmas
Chypre
la République tchéque
l'Allemagne
Djibouti
le Danemark
la Dominique
la République dominicaine
l'Algérie
l'équateur
l'Estonie
l'égypte
le Sahara occidental35
l'érythrée
l'Espagne
l'éthiopie
Finlande
les éles Fidji
les Iles Falkland
la Micronésie
les Iles Féroé
la France
le Gabon
le Royaume-Uni
Grenade
la Géorgie
la Guyane franéaise
le Ghana
Gibraltar
le Groenland
la Gambie
la Guinée
la Guadeloupe
la Guinée équatoriale
la Gréce
les Iles Géorgie du Sud et Sandwich du Sud
le Guatemala
Guam
la Guinée-Bissao
la Guinée-Bissau
la Guyana
Hong Kong
les Iles Heard et McDonald
le Honduras
la Croatie
Haéti
la Hongrie
l'Indonésie
l'Irlande
Israél
l'Inde
le Territoire britannique de l'Océan Indien
l'Iraq
l'Iran
l'Islande
l'Italie
la Jamaéque
la Jordanie
le Japon
le Kenya
le Kirghizistan
le Kirghizstan
le Cambodge
Kiribati
les Comores
Saint-Christophe-et-Niévés
Saint-Christophe-et-Nevis
la Corée du Nord
la Corée du Sud
le Koweét
les Iles Cayman
le Kazakhstan
le Laos
le Liban
Sainte-Lucie
le Liechtenstein
le Sri Lanka
le Liberia
le Lesotho
la Lituanie
le Luxembourg
la Lettonie
la Libye
le Maroc
Monaco
la Moldavie
la Moldova
Madagascar
les éles Marshall
l'ex-République yougoslave de Macédoine
l'ancienne République yougoslave de Macédoine
le Mali
la Birmanie
le Myanmar
la Mongolie
Macao
les Mariannes du Nord
la Martinique
la Mauritanie
Montserrat
Malte
Maurice
les Maldives
le Malawi
le Mexique
la Malaisie
le Mozambique
la Namibie
la Nouvelle-Calédonie
le Niger
l'Ile Norfolk
le Nigeria
le Nicaragua
les Pays-Bas
la Norvége
le Népal
Nauru
Nioué
la Nouvelle-Zélande
Oman
le Panama
le Pérou
la Polynésie franéaise
la Papouasie-Nouvelle-Guinée
les Philippines
le Pakistan
la Pologne
Saint-Pierre-et-Miquelon
les Iles Pitcairn
Porto Rico
le Portugal
Belau
Palau
le Paraguay
le Qatar
la Réunion
la Roumanie
la Russie
le Rwanda
l'Arabie saoudite
les Iles Salomon
les Seychelles
le Soudan
la Suéde
Singapour
Sainte-Héléne
la Slovénie
les Iles Svalbard et Jan Mayen
la Slovaquie
la Sierra Leone
Saint-Marin
le Sénégal
la Somalie
le Suriname
Sao Tomé-et-Principe
Séo Tomé e Préncipe
le Salvador
l'El Salvador
la Syrie
le Swaziland
les Iles Turks-et-Caicos
le Tchad
les Terres australes franéaises
le Togo
la Thaélande
le Tadjikistan
Tokélaou
Timor Oriental
le Turkménistan
la Tunisie
les Tonga
la Turquie
la Trinité-et-Tobago
Trinidad-et-Tobago
Tuvalu
Taéwan
la Tanzanie
l'Ukraine
l'Ouganda
les Iles mineures éloignées des états-Unis
les états-Unis
l'Uruguay
l'Ouzbékistan
le Saint-Siége; le Vatican146
Saint-Vincent-et-les-Grenadines
le Venezuela
les Iles Vierges britanniques
les Iles Vierges américaines
le Viét Nam
Vanuatu
Wallis-et-Futuna
le Samoa
le Yémen
Mayotte
la Serbie-et-Monténégro
l'Afrique du Sud
la Zambie
le Zimbabwe
la Principauté d'Andorre
les émirats arabes unis
l'Afghanistan
Antigua-et-Barbuda
Anguilla
la République d'Albanie
la République d'Arménie
les Antilles néerlandaises
la République d'Angola
l'Antarctique
la République argentine
le Territoire des Samoa américaines
la République d'Autriche
l'Australie
le Commonwealth d'Australie
Aruba
la République d'Azerbaédjan
la Bosnie-Herzégovine
la Bosnie-et-Herzégovine
la Barbade
la République populaire du Bangladesh
le Royaume de Belgique
le Burkina Faso
la République de Bulgarie
le Royaume de Bahreén
la République du Burundi
la République du Bénin
les Bermudes
le Negara Brunei Darussalam
la République de Bolivie
la République fédérative du Brésil
le Commonwealth des Bahamas
le Royaume du Bhoutan
l'Ile Bouvet
la République du Botswana
la République de Biélorussie
la République du Belarus
Belize
le Canada
le Territoire des éles des Cocos
la République démocratique du Congo
la République centrafricaine
la République du Congo
la Confédération suisse
la République de Céte d'Ivoire
les Iles Cook
la République du Chili
la République du Cameroun
la République populaire de Chine
la République de Colombie
la République du Costa Rica
la République de Cuba
la République du Cap-Vert
le Territoire de l'éle Christmas
la République de Chypre
la République tchéque
la République fédérale d'Allemagne
la République de Djibouti
le Royaume du Danemark
le Commonwealth de Dominique
la République dominicaine
la République algérienne démocratique et populaire
la République de l'équateur
la République d'Estonie
la République arabe d'égypte
l'état d'érythrée
le Royaume d'Espagne
République fédérale démocratique d'éthiopie
République de Finlande
la République des éles Fidji
les Iles Falkland
les états fédérés de Micronésie
les Iles Féroé
la République franéaise
la République gabonaise
le Royaume-Uni de Grande-Bretagne et d'Irlande du Nord
Grenade
la Géorgie
le département de la Guyane franéaise
la République du Ghana
Gibraltar
le Groenland
la République de Gambie
la République de Guinée
le département de la Guadeloupe
la République de Guinée équatoriale
la République hellénique
les Iles Géorgie du Sud et Sandwich du Sud
la République du Guatemala
le Territoire de Guam
la République de Guinée-Bissao
la République de Guinée-Bissau
la République coopérative de Guyana
Région administrative spéciale de Hong Kong
le Territoire des éles Heard et McDonald
la République du Honduras
la République de Croatie
la République d'Haéti
la République de Hongrie
la République d'Indonésie
l'Irlande
l'état d'Israél
la République de l'Inde
le Territoire britannique de l'Océan Indien
la République d'Iraq
la République islamique d'Iran
la République d'Islande
la République italienne
la Jamaéque
le Royaume hachémite de Jordanie
le Japon
la République du Kenya
la République du Kirghizistan
la République kirghize
le Royaume du Cambodge
la République de Kiribati
l'Union des Comores
Fédération de Saint-Christophe-et-Niévés
Saint-Christophe-et-Nevis
la République populaire démocratique de Corée
la République de Corée
l'état du Koweét
les Iles Cayman
la République du Kazakhstan
la République démocratique populaire lao
la République libanaise
Sainte-Lucie
la Principauté de Liechtenstein
la République démocratique socialiste de Sri Lanka
République socialiste démocratique de Sri Lanka
la République du Liberia
le Royaume du Lesotho
la République de Lituanie
le Grand-Duché de Luxembourg
la République de Lettonie
la Grande Jamahiriya arabe libyenne populaire et socialiste
le Royaume du Maroc
la Principauté de Monaco
la République de Moldavie
la République de Moldova
la République de Madagascar
la République des éles Marshall
l'ex-République yougoslave de Macédoine
l'ancienne République yougoslave de Macédoine
la République du Mali
l'Union de Birmanie
l'Union du Myanmar
la Mongolie
Région administrative spéciale de Macao
le Commonwealth des Iles Mariannes du Nord
le département de la Martinique
la République islamique de Mauritanie
Montserrat
la République de Malte
la République de Maurice
la République des Maldives
la République du Malawi
les états-Unis du Mexique
les états-Unis mexicains
la Malaisie
la République du Mozambique
la République de Namibie
le Territoire de la Nouvelle-Calédonie et dépendances
la République du Niger
le Territoire de l'Ile Norfolk
la République fédérale du Nigeria
la République du Nicaragua
le Royaume des Pays-Bas
le Royaume de Norvége
le Royaume du Népal
la République de Nauru
la République de Nioué
la Nouvelle-Zélande
le Sultanat d'Oman
la République de Panama
la République du Pérou
le Territoire de la Polynésie franéaise
l'état indépendant de Papouasie-Nouvelle-Guinée
la République des Philippines
la République islamique du Pakistan
la République de Pologne
la collectivité territoriale de Saint-Pierre-et-Miquelon
les Iles Pitcairn
l'état libre associé de Porto Rico
la République portugaise
la République de Belau
la République de Palau
la République du Paraguay
l'état du Qatar
le département de la Réunion
Roumanie
la Fédération de Russie
la République rwandaise
le Royaume d'Arabie saoudite
les Iles Salomon
la République des Seychelles
la République du Soudan
le Royaume de Suéde
la République de Singapour
Sainte-Héléne et dépendances
la République de Slovénie
les Iles Svalbard et Jan Mayen
la République slovaque
République de Sierra Leone
la République de Saint-Marin
la République du Sénégal
la République somalienne
la République du Suriname
République démocratique de Sao Tomé-et-Principe
République démocratique de Séo Tomé e Préncipe
la République du Salvador
la République d'El Salvador
la République arabe syrienne
le Royaume du Swaziland
les Iles Turks-et-Caicos
la République du Tchad
les Terres australes franéaises
la République togolaise
le Royaume de Thaélande
la République du Tadjikistan
Tokélaou
République Démocratique du Timor Oriental
le Turkménistan
la République tunisienne
le Royaume des Tonga
le Royaume de Tonga
la République de Turquie
la République de Trinité-et-Tobago
la République de Trinidad-et-Tobago
Tuvalu
République de Tuvalu
Taéwan
la République unie de Tanzanie
Ukraine
la République de l'Ouganda
la République d'Ouganda
les Iles mineures éloignées des états-Unis
les états-Unis d'Amérique
la République orientale de l'Uruguay
la République d'Ouzbékistan
l'état de la Cité du Vatican
le Saint-Siége
Saint-Vincent-et-les-Grenadines
la République bolivarienne du Venezuela
les Iles Vierges britanniques
les Iles Vierges des états-Unis
la République socialiste du Viét Nam
la République de Vanuatu
le Territoire de Wallis-et-Futuna
l'état indépendant du Samoa
la République du Yémen
la collectivité territoriale de Mayotte
la Serbie-et-Monténégro
la République d'Afrique du Sud
la République de Zambie
la République du Zimbabwe
AFGHANISTAN
AFRIQUE
ALBANIA
ALBANIE
ALDERNEY
ALGERIA
ALGéRIE
ALLEMAGNE
AMERICA
AMéRIQUE
AMéRIQUES
AMERICAN SAMOA
ANDORRA
ANDORRE
ANGLETERRE
ANGLO-NORMANDES
ANGOLA
ANGUILLA
ANTIGUA AND BARBUDA
ANTIGUA ET BARBUDA
ANTILLES
ANTILLES NéERLANDAISES
ARABIE SAOUDITE
ARGENTINA
ARGENTINE
ARMéNIE
ARUBA
ATOLL DE JOHNSTON
ATOLL DE PALMYRA
AUSTRALIA
AUSTRALIE
AUSTRIA
AUTRICHE
AZERBADJAN
BAHAMAS
BAHRAIN
BAHREïN
BANGLADESH
BARBADE
BARBADOS
BASSAS
BASSAS DA INDIA
BELARUS
BELAU
BELGIQUE
BELGIUM
BELIZE
BENIN
BERMUDA
BERMUDES
BHOUTAN
BHUTAN
BHUTAN
BIELORUSSIE
BIRMANIE
BOLIVIA
BOLIVIE
BORA
BOSNIA
BOSNIE
BOTSWANA
BRAZIL
BRITAIN
BRITISH INDIAN OCEAN TERRITORY
BRUNEI
BRéSIL
BULGARIA
BULGARIE
BURKINA
BURKINA FASO
BURMA
BURUNDI
BéLARUS
BéNIN
CAMBODGE
CAMBODIA
CAMEROON
CAMEROUN
CANADA
CAPVERT
CAPE VERDE
CENTRAFRICAINE
CENTRAL AFRICAN REPUBLIC
CHAD
CHILE
CHILI
CHINA
CHINE
CHYPRE
COLOMBIA
COLOMBIE
COMORES
COMOROS
CONGO
CORéE
COSTA RICA
CROATIA
CROATIE
CUBA
CYPRUS
CZECHOSLOVAKIA
CôTE
DANEMARK
DENMARK
DJIBOUTI
DOMINICA
DOMINICAINE
DOMINICAN REPUBLIC
DOMINIQUE
EAST GERMANY
ECUADOR
EGYPT
EL SALVADOR
EMIRATES
EQUATORIAL GUINEA
ESPAGNE
ESTONIA
ESTONIE
ETHIOPIA
FEDERATED STATES OF MICRONESIA
FIDJI
FIJI
FINLAND
FINLANDE
FRANCE
FRENCH GUIANA
FRENCH POLYNESIA
FRENCH SOUTHERN AND ANTARCTIC LANDS
GABON
GAMBIA
GAMBIE
GAZA STRIP
GERMAN DEMOCRATIC REPUBLIC
GERMANY
GHANA
GIBRALTAR
GIBRALTAR
GREAT BRITAIN
GREECE
GREENLAND
GRENADA
GRENADE
GROENLAND
GRèCE
GUADELOUPE
GUAM
GUATEMALA
GUERNESEY
GUERNSEY
GUINEA
GUINéE
GUINéE éQUATORIALE
GUINéE-BISSAU
GUYANA
GUYANE
GUYANE FRANçAISE
GéORGIE
HAITI
HAïTI
HERM
HOLLAND
HONDURAS
HONG KONG
HONGRIE
HUNGARY
ICELAND
INDE
INDIA
INDONESIA
INDONéSIE
IRAK
IRAN
IRAQ
IRAQ - SAUDIA ARABIA NEUTRAL ZONE
IRELAND
IRLANDE
ISLANDE
ISLANDS
ISLE OF MAN
ISRAEL
ISRAëL
ITALIE
ITALY
IVORY COAST
JAMAICA
JAMAïQUE
JAN MAYEN
JAPAN
JAPON
JERSEY
JERSEY (UK) VOIR JERSEY
JOHNSTON ATOLL
JORDAN
JORDANIE
KATAR
KAZAKHIE
KAZAKHSTAN
KENYA
KINGMAN REEF
KINGMAN REEF
KIRGHIZIE
KIRGHIZISTAN
KIRIBATI
KOREA
KOWEïT
KUWAIT
LAOS
LATIN AMERICA
LATVIA
LEBANON
LESOTHO
LETTONIE
LIBAN
LIBERIA
LIBYA
LIBYE
LIBéRIA
LIECHTENSTEIN
LITHUANIA
LITHUANIE
LITUANIE
LUXEMBOURG
MACAO (PO)
MACAU
MACéDOINE
MADAGASCAR
MALAISIE
MALAWI
MALAYSIA
MALDIVES
MALI
MALTA
MALTE
MAROC
MARTINIQUE
MAURICE
MAURITANIA
MAURITANIE
MAURITIUS
MAURéTANIE
MAYOTTE
MEXICO
MEXIQUE
MICRONéSIE
MIQUELON (FR)
MOLDAVIE
MONACO
MONGOLIA
MONGOLIE
MONTENEGRO
MONTSERRAT
MOROCCO
MOZAMBIQUE
MYANMAR
NZ
NAMIBIA
NAMIBIE
NAURU
NEPAL
NETHERLANDS
NETHERLANDS ANTILLES
NEVIS
NEW CALEDONIA
NEW ZEALAND
NICARAGUA
NIGER
NIGERIA
NIUE
NORMANDES
NORTH KOREA
NORVèGE
NORWAY
NOUVELLE-CALéDONIE
NOUVELLE-GUINéE
NOUVELLE-ZéLANDE
NéPAL
OMAN
OUGANDA
OUZBéKISTAN
PAKISTAN
PALAU
PALESTINE
PALMYRA ATOLL
PANAMA
PAPOUA
PAPOUASIE
PAPUA NEW GUINEA
PARAGUAY
PERU
PHILIPPINES
POLAND
POLOGNE
POLYNéSIE
POLYNéSIE FRANçAISE
POLYNéSIE FRANçAISE
PORTO RICO
PORTUGAL
PUERTO RICO
PéROU
QATAR
QATAR
REUNION
ROMANIA
ROUANDA
ROUMANIE
ROYAUME
ROYAUME-UNI
RUANDA
RUSSIA
RUSSIE
RWANDA
RéPUBLIQUE
RéPUBLIQUE TCHèQUE
SAHARA OCCIDENTAL
SAINT KITTSET
SAINT VINCENT
SAINT-PIERREET
SAINTE-HLèNE
SAINTE-LUCIE
SAMOA
SAMOA AMéRICAINES
SAMOA OCCIDENTALES
SAN MARINO
SAO TOME AND PRINCIPE
SAO TOMé ET  PRINCIPE
SAUDI ARABIA
SENEGAL
SERBIE ET MONTéNéGRO
SEYCHELLES
SIERRA LEONE
SINGAPORE
SINGAPOUR
SLOVAQUIE
SLOVéNIE
SOMALIA
SOMALIE
SOUAZILAND
SOUDAN
SOUTH AFRICA
SOUTH KOREA
SOVIET UNION
SPAIN
SRI LANKA
SRILANKA
ST.BARTHéLEMY
SUDAN
SUISSE
SURINAM (GUYANE
SURINAME
SUèDE
SVALBARD
SVALBARD (NO)
SWAZILAND
SWEDEN
SWITZERLAND
SYRIA
SYRIE
SéNéGAL
TADJIKISTAN
TAIWAN
TANZANIA
TANZANIE
TAïWAN
TCHAD
TCHèCOSLOVAQUIE
THAILAND
THAïLANDE
THE NETHERLANDS
TIBET
TOGO
TOKELAU
TONGA
TRINIDAD AND TOBAGO
TRINITé ET TOBAGO
TRUST TERRITORY OF THE PACIFIC
TUNISIA
TUNISIE
TUNéSIE
TURKEY
TURKMéNISTAN
TURQUIE
TUVALU
U.K.
U.S.
U.S.A.
U.S.S.R.
UAE
UK
US
USA
USSR
UGANDA
UKRAINE
UNITED ARAB EMIRATES
UNITED KINGDOM
UNITED STATES
UNITED STATES OF AMERICA
URUGUAY
VANUATU
VATICAN
VATICAN CITY
VENEZUELA
VIETNAM
VIèTNAM
WALLIS & FUTUNA
WALLIS AND FUTUNA
WEST BANK
WEST GERMANY
WESTERN SAHARA
WESTERN SAMOA
YOUGOSLAVIE
YUGOSLAVIA
YéMEN
ZAIRE
ZAMBIA
ZAMBIE
ZAïRE
ZIMBABWE
THE NETHERLANDS
ÉGYPTE
ÉQUATEUR
ÉTATS-UNIS
ÉTHIOPIE
ÎLE CLIPPERTO
ÎLE EUROPA
ÎLE HOWLAND
ÎLE JARVIS
ÎLE JUAN DE NOVA
ÎLE NAVASSA
ÎLE NORFOLK
ÎLE TROMELIN
ÎLE DE MAN
ÎLE DE NOëL
ÎLE DE PâQUE
ÎLE DE WAKE
ÎLE DE LA RéUNION
ÎLES
ÎLES ASHMORE ET CARTIER
ÎLES BAKER ET HOWLAND
ÎLES BOUVET
ÎLES CAïMANS
ÎLES COCOS
ÎLES COOK
ÎLES FéROé
ÎLES GLORIEUSES
ÎLES HEARD ET  MCDONALD
ÎLES MALOUINES
ÎLES MARIANNE DU NORD
ÎLES MARSHALL
ÎLES MIDWAY
ÎLES PITCAIRN
ÎLES SALOMON
ÎLES SPRATLY
ÎLES TURKS ET CAICOS
ÎLES VIERGES AMéRICAINES
ÎLES VIERGES BRITANNIQUES
ÎLES DE LA MER DE  CORAIL
ÎLES FRANçAISES
Ecosse
Écosse
Grande Bretagne
