Asian Currency Unit
B Fr
BFr
CFA franc
CFP franc
Costa Rican colon
DM
Deutsch Mark
Deutsch Marks
Deutsche mark
Deutsche marks
ECU
East Caribbean dollar
Ecu
EURO
EUROS
Euro
Euros
European Currency Units
F Fr
FFr
Fr
German mark
German marks
GBP
Macau Palaca
New Taiwan dollar
New Taiwan dollars
NT dollar
NT dollars
Ost Mark
S Fr
SFr
Saudi riyal
US dollar
US dollars
austral
baht
balboa
birr
bolivar
cedi
cent
cents
colon
cordoba
couronne
couronnes
cruzeiro
dalasi
deutsch mark
deutsch marks
deutschemark
deutschemarks
dinar
dinari
dirham
dollar
dollars
drach
drachma
drachmas
ecu
escudo
escudos
euc
euro
euros
floren
florens
forint
franc
francs
guarani
guilder
guilders
kina
koruna
krona
krone
kroner
kronor
kuna
kwacha
kwanza
kyat
lempira
leone
leu
lev
lilangeni
lira
liras
lire
livre
maloti
mark
markka
markkaa
marks
metical
naira
nuevo sol
ostmark
ouguiya
palaca
p
pence
pences
peseta
pesetas
peso
pesos
pound
pound sterling
pounds
pounds sterling
pula
punt
punts
quetzal
rand
rands
renminbi
rial
ringgit
riyal
ruble
rubles
rupee
rupees
rupiah
schilling
schillings
shekel
shekels
shilling
shillings
sol
sterling
sucre
taka
tugrik
vatu
won
yen
zaire
zloty
Austral
Baht
Balboa
Birr
Bolivar
Cedi
Cent
Cents
Colon
Cordoba
Couronne
Couronnes
Cruzeiro
Dalasi
Deutsch Mark
Deutsch Marks
Deutschemark
Deutschemarks
Dinar
Dinari
Dirham
Dollar
Dollars
Drach
Drachma
Drachmas
Ecu
Escudo
Escudos
Euc
Floren
Florens
Forint
Franc
Francs
Guarani
Guilder
Guilders
Kina
Koruna
Krona
Krone
Kroner
Kronor
Kuna
Kwacha
Kwanza
Kyat
Lempira
Leone
Leu
Lev
Lilangeni
Lira
Liras
Lire
Livre
Maloti
Mark
Markka
Markkaa
Marks
Metical
Naira
Nuevo Sol
Ostmark
Ouguiya
Palaca
Pence
Pences
Peseta
Pesetas
Peso
Pesos
Pound
Pound Sterling
Pounds
Pounds Sterling
Pula
Punt
Punts
Quetzal
Rand
Rands
Renminbi
Rial
Ringgit
Riyal
Ruble
Rubles
Rupee
Rupees
Rupiah
Schilling
Schillings
Shekel
Shekels
Shilling
Shillings
Sol
Sterling
Sucre
Taka
Tugrik
Vatu
Won
Yen
Zaire
Zloty
EUR
AED
AFA
XCD
XCD
ALL
AMD
ANG
AOA
ARS
USD
AUD
AWG
AZM
BAM
BBD
BDT
XOF
BGN
BHD
BIF
XOF
BMD
BND
BOB
BRL
BSD
BTN
BWP
BYR
BZD
CAD
AUD
CDF
XAF
XAF
CHF
XOF
NZD
CLP
XAF
CNY
COP
CRC
CUP
CVE
AUD
CYP
CZK
DJF
DKK
XCD
DOP
DZD
USD
EEK
EGP
MAD
ERN
ETB
FJD
FKP
USD
DKK
XAF
GBP
XCD
GEL
GHC
GIP
DKK
GMD
GNF
XAF
GTQ
USD
XOF
GYD
HKD
HNL
HRK
HTG
HUF
IDR
ILS
INR
IQD
IRR
ISK
JMD
JOD
JPY
KES
KGS
KHR
AUD
KMF
XCD
KPW
KRW
KWD
KYD
KZT
LAK
LBP
XCD
CHF
LKR
LRD
LSL
LTL
LVL
LYD
MAD
MDL
MGF
USD
MKD
XOF
MMK
MNT
MOP
USD
MRO
XCD
MTL
MUR
MVR
MWK
MXN
MYR
MZM
NAD
ZAR
XPF
XOF
AUD
NGN
NIO
NOK
NPR
AUD
NZD
NZD
OMR
PAB
PEN
XPF
PGK
PHP
PKR
PLN
NZD
USD
USD
PYG
QAR
ROL
RUB
RWF
SAR
SBD
SCR
SDD
SEK
SGD
SHP
SIT
NOK
SKK
SLL
XOF
SOS
SRG
STD
USD
SVC
SYP
SZL
USD
XAF
XOF
THB
TJS
NZD
USD
TMM
TND
TOP
TRL
TTD
AUD
TWD
TZS
UAH
UGX
USD
UYU
UZS
XCD
VEB
USD
USD
VND
VUV
XPF
WST
YER
YUM
ZAR
ZMK
ZWD
AED
AFA
XCD
XCD
ALL
AMD
ANG
AOA
ARS
USD
AUD
AWG
AZM
BAM
BBD
BDT
XOF
BGN
BHD
BIF
XOF
BMD
BND
BOB
BRL
BSD
BTN
BWP
BYR
BZD
CAD
AUD
CDF
XAF
XAF
CHF
XOF
NZD
CLP
XAF
CNY
COP
CRC
CUP
CVE
AUD
CYP
CZK
DJF
DKK
XCD
DOP
DZD
USD
EEK
EGP
MAD
ERN
ETB
FJD
FKP
USD
DKK
XAF
GBP
XCD
GEL
GHC
GIP
DKK
GMD
GNF
XAF
GTQ
USD
XOF
GYD
HKD
HNL
HRK
HTG
HUF
IDR
ILS
INR
IQD
IRR
ISK
JMD
JOD
JPY
KES
KGS
KHR
AUD
KMF
XCD
KPW
KRW
KWD
KYD
KZT
LAK
LBP
XCD
CHF
LKR
LRD
LSL
LTL
LVL
LYD
MAD
MDL
MGF
USD
MKD
XOF
MMK
MNT
MOP
USD
MRO
XCD
MTL
MUR
MVR
MWK
MXN
MYR
MZM
NAD
ZAR
XPF
XOF
AUD
NGN
NIO
NOK
NPR
AUD
NZD
NZD
OMR
PAB
PEN
XPF
PGK
PHP
PKR
PLN
NZD
USD
baisa
laari
halér
agora
centesimo
dirham
kopek
chun
fils
tambala
kurus
tetri
piastre
kopiyka
halala
tyiyn
toea
lwei
lipa
qindar
centas
avo
sene
poisha
öre
deni
chetrum
penny
pesewa
sent
sente
chon
ban
santims
nouveau penny
seniti
tenge
fening
paisa
grosz
pya
diram
millime
halier
pul
fen
para
luma
kobo
centime
sen
satang
stotinka
stotin
centimo
tiyin
ngwee
eyrir
kepik
butut
thebe
khoum
möngö
øre
cent
tiyn
centavo
