US
NZ
NT
AUS
U.S.
U.S.
N.Z.
N.Z.
nz
aus
FF
EUR
AED
AFA
XCD
XCD
ALL
AMD
ANG
AOA
ARS
USD
AUD
AWG
AZM
BAM
BBD
BDT
XOF
BGN
BHD
BIF
XOF
BMD
BND
BOB
BRL
BSD
BTN
BWP
BYR
BZD
CAD
AUD
CDF
XAF
XAF
CHF
XOF
NZD
CLP
XAF
CNY
COP
CRC
CUP
CVE
AUD
CYP
CZK
DJF
DKK
XCD
DOP
DZD
USD
EEK
EGP
MAD
ERN
ETB
FJD
FKP
USD
DKK
XAF
GBP
XCD
GEL
GHC
GIP
DKK
GMD
GNF
XAF
GTQ
USD
XOF
GYD
HKD
HNL
HRK
HTG
HUF
IDR
ILS
INR
IQD
IRR
ISK
JMD
JOD
JPY
KES
KGS
KHR
AUD
KMF
XCD
KPW
KRW
KWD
KYD
KZT
LAK
LBP
XCD
CHF
LKR
LRD
LSL
LTL
LVL
LYD
MAD
MDL
MGF
USD
MKD
XOF
MMK
MNT
MOP
USD
MRO
XCD
MTL
MUR
MVR
MWK
MXN
MYR
MZM
NAD
ZAR
XPF
XOF
AUD
NGN
NIO
NOK
NPR
AUD
NZD
NZD
OMR
PAB
PEN
XPF
PGK
PHP
PKR
PLN
NZD
USD
USD
PYG
QAR
ROL
RUB
RWF
SAR
SBD
SCR
SDD
SEK
SGD
SHP
SIT
NOK
SKK
SLL
XOF
SOS
SRG
STD
USD
SVC
SYP
SZL
USD
XAF
XOF
THB
TJS
NZD
USD
TMM
TND
TOP
TRL
TTD
AUD
TWD
TZS
UAH
UGX
USD
UYU
UZS
XCD
VEB
USD
USD
VND
VUV
XPF
WST
YER
YUM
ZAR
ZMK
ZWD
AED
AFA
XCD
XCD
ALL
AMD
ANG
AOA
ARS
USD
AUD
AWG
AZM
BAM
BBD
BDT
XOF
BGN
BHD
BIF
XOF
BMD
BND
BOB
BRL
BSD
BTN
BWP
BYR
BZD
CAD
AUD
CDF
XAF
XAF
CHF
XOF
NZD
CLP
XAF
CNY
COP
CRC
CUP
CVE
AUD
CYP
CZK
DJF
DKK
XCD
DOP
DZD
USD
EEK
EGP
MAD
ERN
ETB
FJD
FKP
USD
DKK
XAF
GBP
XCD
GEL
GHC
GIP
DKK
GMD
GNF
XAF
GTQ
USD
XOF
GYD
HKD
HNL
HRK
HTG
HUF
IDR
ILS
INR
IQD
IRR
ISK
JMD
JOD
JPY
KES
KGS
KHR
AUD
KMF
XCD
KPW
KRW
KWD
KYD
KZT
LAK
LBP
XCD
CHF
LKR
LRD
LSL
LTL
LVL
LYD
MAD
MDL
MGF
USD
MKD
XOF
MMK
MNT
MOP
USD
MRO
XCD
MTL
MUR
MVR
MWK
MXN
MYR
MZM
NAD
ZAR
XPF
XOF
AUD
NGN
NIO
NOK
NPR
AUD
NZD
NZD
OMR
PAB
PEN
XPF
PGK
PHP
PKR
PLN
NZD
USD