saisons

Saisons

anneé

anneés

an 

ans

semaine

sem

semaines

fins de semaines

fin de semaines

fin de semaine

solstice

saison

Saison 

mois

milleniums

millenium

millenia

demi-milleniums

moitié-milleniums

mi-milleniums

demi-millenium

moitié-millenium

mi-millenium

moité-millenaire

mi-millenaire

demi-millenaire

moitié-décennies

mi-décennies

demi-décennies

moitié-siècle

mi-siècle

demi-siècle

moitié-décennie

mi-décennie

demi-décennie

moitié-siècles

mi-siècles

demi-siècles

festival

festin

veille

équinoxe

décennies

jour

siècle

siècles

anniversaire

Solstice

Fête

Jour nommé

Festival

Festin

Veille

Équinoxe

Jour

Anniversaire

demi - milleniums

moitié - milleniums

mi - milleniums

demi - millenium

moitié - millenium

mi - millenium

moité - millenaire

mi - millenaire

demi - millenaire

moitié - décennies

mi - décennies

demi - décennies

moitié - siècle

mi - siècle

demi - siècle

moitié - décennie

mi - décennie

demi - décennie

moitié - siècles

mi - siècles

demi - siècles
