Aaron
Abdallah
Abdoulaye
Abel
Achille
Adam
Adama
Adame
Adel
Adem
Adil
Adrian
Adrien
Ahmed
Aidan
Aksel
Alan
Alban
Albin
Alessandro
Alessio
Alex
Alexandre
Alexis
Alexy
Ali
Alix
Allan
Alois
Amadou
Amaury
Ambroise
Amin
Amine
Amir
Anael
Anas
Anatole
Andrea
Andreas
Andy
Ange
Angel
Angelo
Anis
Anthony
Antoine
Anton
Antonin
Antonio
Antony
Arda
Armand
Arnaud
Arsène
Arthur
Aubin
Auguste
Augustin
Aurélien
Axel
Ayman
Aymane
Aymen
Aymeric
Ayoub
Badis
Baptiste
Basile
Bastien
Benjamin
Benoit
Bilal
Bilel
Brahim
Brandon
Brayan
Bryan
Calvin
Cameron
Camil
Camille
Cedric
Celian
Chahine
Charles
Charlie
Charly
Chris
Christopher
Clovis
Clément
Colin
Corentin
Curtis
Cyprien
Cyril
Célestin
César
Côme
Damien
Daniel
Dany
David
Denis
Diego
Dimitri
Djibril
Donovan
Dorian
Dylan
Eden
Edgar
Elias
Elijah
Elio
Eliot
Eliott
Elliot
Eloan
Eloi
Elouan
Elyas
Elyes
Emir
Emmanuel
Enes
Enzo
Eren
Eric
Erwan
Erwann
Esteban
Etan
Ethan
Ethann
Evan
Evann
Ewan
Ewen
Ewenn
Ezio
Fabien
Fabio
Fares
Flavien
Flavio
Florent
Florian
François
Félix
Gabin
Gabriel
Gaspard
Gauthier
Gautier
Gaétan
Gaël
Gianni
Giovanni
Gregory
Grégoire
Guilhem
Guillaume
Gustave
Hadrien
Hamza
Hector
Henri
Hippolyte
Hugo
Iban
Ibrahim
Ibrahima
Idris
Idriss
Ilan
Ilhan
Ilian
Ilias
Ilies
Ilyan
Ilyas
Ilyes
Ilyess
Imran
Imrane
Isaac
Ismael
Ismail
Issa
Issam
Ivan
Iyad
Iyed
Jaden
James
Jason
Jawad
Jayson
Jean
Jean-Baptiste
Jeremy
Jessim
Jessy
Jibril
Jimmy
Joachim
Joan
Johan
Johann
Jonas
Jonathan
Jordan
Joris
Joseph
Joshua
Josué
Jules
Julian
Julien
Justin
Jérémie
Kais
Kamil
Karim
Karl
Kelian
Kelyan
Kenan
Kenji
Kenny
Kenzo
Kevin
Keziah
Khalil
Kilian
Killian
Kilyan
Kylian
Kyllian
Leandro
Lenny
Leny
Lenzo
Liam
Lilian
Lino
Lisandro
Livio
Loan
Loann
Logan
Lohan
Lois
Lorenzo
Loris
Lou
Louca
Loucas
Louis
Louison
Louka
Loukas
Loïc
Lubin
Luc
Luca
Lucas
Lucien
Ludovic
Luis
Luka
Lukas
Lyam
Léandre
Léo
Léon
Léonard
Léopold
Maceo
Mae
Mahamadou
Mahdi
Mahe
Malik
Malo
Malone
Mamadou
Marc
Marceau
Marco
Marcus
Marin
Marius
Marley
Marlon
Marouane
Martin
Marvin
Marwan
Marwane
Mateo
Matheo
Mathias
Mathieu
Mathis
Mathys
Matis
Matisse
Matt
Matteo
Mattheo
Matthew
Matthias
Matthieu
Matys
Max
Maxence
Maxime
Maximilien
Mayron
Maël
Mehdi
Melvin
Melvyn
Merlin
Michael
Michel
Mickael
Miguel
Mike
Milan
Milo
Mohamed
Mohamed-Ali
Mohamed-Amine
Mohammed
Morgan
Moussa
Muhammed
Mylan
Nabil
Nadir
Nael
Nahel
Nahil
Nail
Naim
Nassim
Natan
Nathael
Nathan
Nathanael
Nelson
Neo
Nicolas
Nils
Nino
Noa
Noah
Noam
Noan
Noha
Noham
Nohan
Nohlan
Nolan
Nolann
Nolhan
Noé
Octave
Olivier
Omar
Oscar
Ousmane
Owen
Pablo
Paco
Pacome
Paolo
Paul
Philippe
Pierre
Quentin
Rafael
Raphaël
Rayan
Rayane
Reda
Riyad
Robin
Romain
Roman
Romeo
Ronan
Ruben
Rudy
Ryad
Ryan
Rémi
Rémy
Sabri
Sacha
Said
Salim
Sam
Sami
Samuel
Samy
Sandro
Sasha
Sean
Selim
Selyan
Sevan
Simeon
Simon
Soan
Sofiane
Sohan
Solal
Soren
Souleymane
Stan
Stanislas
Steven
Stéphane
Swan
Swann
Sébastien
Tao
Teddy
Teo
Thibaud
Thibault
Thibaut
Thimeo
Thomas
Théo
Théodore
Théophile
Tiago
Tidiane
Tilio
Tim
Timeo
Timote
Timothe
Timothée
Tino
Titouan
Tom
Tony
Tristan
Tymeo
Tyron
Ugo
Ulysse
Vadim
Valentin
Vianney
Victor
Vincent
Virgile
Wael
Walid
Warren
Wassim
Wesley
William
Wissem
Wyatt
Xavier
Yacine
Yael
Yanis
Yann
Yannis
Yasser
Yassin
Yassine
Ylan
Ylann
Yoan
Yoann
Yohan
Yohann
Youcef
Younes
Youssef
Yusuf
Zacharie
Zakaria
Édouard
Élie
Émeric
Émile
Émilien
Étienne
