Aaccra
Ababa
Abidjan
Abu
Abuja
Acapulco
Accra
Addis
Adelaide
Aires
Aix-En-Provence
Aix-Les-Bains
Ajijic
Albertville
Alencon
Ales
Alexandrie
Alger
Algesiras
Alicante
Almaty
Amman
Amsterdam
Andorra
Angeles
Angers
Angouleme
Ankara
Annecy
Antigua-Et-Anvers
Arcachon
Asunción
Athenes
Atlanta
Aubervillers
Auckland
Auteuil
Autrans
Auvillar
Avignon
Aviv
Avoriaz
Baghdad
Bahrein
Baltimore
Bamako
Bandar
Bangalore
Bangkok
Bangui
Barcelone
Bayonnne
Beauvais
Begawan
Beijing
Beirut
Belfast
Belfort
Belgrade
Belize
Bergerac
Berlin
Berne
Besancon
Beyrouth
Biarritz
Birmingham
Bitche
Blagnac
Blantyre-Limbe
BloisBogota
Bologne
Bombay
Bonn
Bordeaux
Boston
Brasilia
Bratislava
Brazzaville
Brest
Bridgetown
Bruxelles
Bruz
Buarest
Bucarest
Budapest
Buenos
Buffalo
Bujumbura
Burkina-Caen
Caire
Caire
Calcutta
Camembert
Canberra
Cancun
Canet
Cannes
Cap-
Caracas
Cardif
Carnac
Cartagene
Carthage
Casablanca
Cergy
Chalons-Sur-Saone
Chambery
Chamonix
Champigny
Chandigarh
Chantilly
Charleville-Mezieres
Chartres
Chateau-Thierry
Chavanod
Chavenay
Chennai
Cherbourg
Chi
Chiang
Chicago
Clermont-Ferrand
Clichy
Colmar
Colombo
Conakry
Concepcion
Constantine
Copenhage
Copenhague
Cotonou
Courchevel
Cracovie
Curacao
Dakar
Dallas
Damas
Dar
Dar-Es-Salaam
Darnetal
Deauville
Delhi
Delhi
Denver
Detroit
Dhabi
Dhaka
Dieppe
Dijon
Djakarta
Djibouti
Domingo
Domingue
Douala
Dubai
Dublin
Durban
Dusseldorf
Düsseldorf
Edimbourg
Edinbourg
Elbeuf
Emirats
Evian
Evreux
Evry
Faro
Fecamp
Felletin
Ferte-Bernard
Florence
Fontainebleau
Francfort
Fransisco
Fukuoka
Futuna
Gaborone
Geneve
Georgetown
Glasgow
Goteborg
Göteborg
Grasse
Grenoble
Guadalajara
Guangzhou
Guatemala
Guatemala
Guayaquil
Hambourg
Hanoi
HanoiHarare
Havane
Havane
Havre
Haye
Helsinki
Heraklion
Hiroshima
Ho
Hollywood
HongHongkong
Honolulu
Houston
Ile
Islamabad
Issy-Les-Moulineaux
Istanbul
Jakarta
Janeiro
Jarnac
Jeddah
Jerusalem
Johannesburg
Jö
Jose
Jouy-En-Josas
Juan
Kampala
Karachi
Kathmandou
Khartoum
Kiev
Kigali
Kingston
KinshasaKongKoweit
KoweitKuala
Lagos
LahoreLancon
Lannion
Las
Laval
Libourne
Libreville
LilleLima
Limoges
Lisbonne
Liverpool
Ljubljana
Lome
LondresLorientLos
Louis
Lourdes
Louviers
Luanda
Lumpur
Luneville
Lusaka
Luxembourg
Lyon
Madras
Madrid
Mahe
Maisons-Laffitte
Malaga
Male
Managua
Manchester
Manille
Mans
Maputo
Margarita
Marignane
Marrakech
Marseille
Mascate
Maseru
Mazatlan
Melbourne
Memphis
Metz
Mexico
Meylan
Miami
Milan
Minh
Minneapolis
Miquelon
Monaco
Mont-De-Marsan
Montego
Monterrey
Montevideo
Montignac
Montigny
Montmorillon
Montpellier
Montreal
Montreal
Mont-St-Michel
Moresby
Moscou
Moutiers
Mulhouse
Mumbai
Munich
NadiNagoya
Nairobi
NancyNantesNaples
Nassau
New
Newcastle
NiameyNice
NicosieNimes
Niort
Nogent
Nouakchott
Noumea
Nuuk
Oaxaca
Orleans
Orleans
Osaka
Osijek
Ouagadougou
Palaiseau
Panama
Papeete
Paramaribo
Parempuyre
Paris
Parme
Parthenay
Pau
Paulo
Paz
Pekin
Pékin
Penh
Perpignan
Perth
Phnom
Plata
Pointe-à-Pitre
Poitiers
Pontoise
Pornic
Port
Port
Port Of Spain
Port-Au-Prince
Port-Au-Prince
Port-Grimaud
Porto
Prague
Pretoria
Puerto
Puerto
Pusan
Quebec
Quimper
Quito
Rabat
Rangoon
Ranton
Reims
Rennes
Reunion
Reykjavik
Reze
Riga
Rio
Riyad
Roanne
Rochefort
Rochelle
Rodez
Rome
Rouen
Roussillon
Saigon
Saint-Etienne Du Rouvray
Saint-Etienne
Saint-Jean
Saint-
Saint-Nazaire
Saint-Omer
Saint-Petersbourg
Saint-Quentin
Saint-Sauveur
Saint-Sulpice
Saint-Tropez
Salem
Salon-De-Provence
Salvador
San
Sana'A
Santiago
Santo
Sao
Sapporo
Sarajevo
Sauveterre-De-Bearn
Seattle
Sendai
Seoul
Seri
Shanghai
Singapour
Stavenger
Stockholm
St-Petersburg
St-Pierre
Strasbourg
Surabaya
Sydney
Taipeh
Tallinn
Tampa
Tananarive
Tanger
Tegucigalpa
Teheran
Thann
Thessalonoki
Thonon
Tijuana
Tinee
Tokyo
Tonnerre
Toronto
Toucy
Toulon
Toulouse
Tours
Trinite
Troyes
Tunis
Turin
Ussel
Vaduz
Vallarta
Valletta
Vannes
Varadero
Varengeville
Varsovie
Vatican
Vegas
Venise
Versailles
Vichy
Vienne
Villefranche-Sur-Saone
Villepreux
Villeurbanne
Vilnius
Viroflay
Vitrolles
Voiron
Voreppe
Wallis
Warsaw
Washington
Wellington
Yanan
Yaounde
York
Zagreb
Zurich
Amiens
