Afghanistan
Afrique
Albanie
Alderney 
Îles
Algérie
Allemagne
Andorre
Angleterre
Angola
Anguilla
Antigua et Barbuda
Antilles 
Antilles Néerlandaises
Arabie Saoudite
Argentine
Arménie
Aruba
Atoll de Johnston
Atoll de Palmyra
Australie
Autriche
Azerbadjan
Bahamas
Bahreïn 
Bangladesh
Barbade
Bassas
Bélarus
Belau
Belgique
Belize
Bénin
Bermudes
Bhoutan
Bhutan 
Bielorussie
Birmanie
Myanmar
Bolivie
Bora 
Polynésie française
Bosnie
Botswana
Brésil
Brunei
Bulgarie
Burkina Faso
Burundi
Cambodge
Cameroun
Canada
CapVert
Chili
Chine
Chypre
Colombie
Comores
Islands
Congo
Corée
Corée
Costa Rica
Côte
Croatie
Cuba
Danemark
Djibouti
Dominique
Royaume
Égypte
El Salvador
Équateur
Espagne
Estonie
États-Unis
Éthiopie
Fidji
Finlande
France
Gabon
Gambie
Géorgie
Ghana
Gibraltar 
Grèce
Grenade
Groenland
Guadeloupe
Guam
Guatemala
Guernesey 
Guinée
Guinée-Bissau
Guinée équatoriale
Guyane
Guyane Française
Haïti
Herm
Îles
Honduras
Hong Kong
Hongrie
Île Clipperto
Île de la Réunion
Île de Man 
Île de Noël
Île de Pâque
Île de Wake
Île Europa
Île Howland
Île Jarvis
Île Juan de Nova
Île Navassa
Île Norfolk
Île Tromelin 
Îles
Anglo-Normandes 
Îles Ashmore et Cartier
Îles Baker et Howland
Îles Bouvet 
Îles Caïmans 
Îles Cocos
Îles Cook 
Îles de la mer de  Corail 
Îles Féroé 
Îles françaises 
Îles Glorieuses
Îles Heard et  McDonald 
Îles Malouines
Îles Marianne du nord 
Îles Marshall
Îles Midway 
Îles Pitcairn
Îles Salomon
Îles Spratly
Îles Turks et Caicos
Îles Vierges américaines
Îles Vierges britanniques
Inde
Indonésie
Irak
Iran
Irlande
Islande
Israël
Italie
Jamaïque
Jan Mayen
Japon
Jersey (UK) voir Jersey
Îles
Normandes
Jordanie
Kazakhstan
Kazakhie
Kenya
Kingman Reef 
Kirghizistan
Kirghizie
Kiribati
Koweït 
Kuwait
Laos
Lesotho
Lettonie
Liban
Libéria
Libye
Liechtenstein
Lithuanie
Lituanie
Luxembourg
Macao (PO)
Macédoine
Madagascar
Malaisie
Malawi
Maldives
Mali
Malte
Maroc
Martinique
Maurice
Mauritanie
Maurétanie
Mayotte
Mexique
Micronésie
Moldavie
Monaco
Mongolie
Montenegro
Montserrat
Mozambique
Myanmar
Namibie
Nauru
Népal
Nicaragua
Niger
Nigeria
Niue
Norvège
Nouvelle-Calédonie
Nouvelle-Zélande
Oman
Ouganda
Ouzbékistan
Pakistan
Palau
Palestine
Panama
Papoua
Papouasie
Nouvelle-Guinée
Paraguay
Pérou
Philippines
Pologne
Polynésie
Polynésie française
Porto Rico
Portugal
Qatar 
Katar
République
Centrafricaine
République
Dominicaine
République Tchèque
Roumanie
Royaume-Uni
Ruanda 
Rouanda
Rwanda
Rwanda
Russie
Sahara Occidental
Saint Kittset
Nevis
Saint-Pierreet
Miquelon (FR)
Saint Vincent
Sainte-Hlène
Sainte-Lucie
Samoa
Samoa américaines
Samoa occidentales
San Marino
Sao Tomé et  Principe
Sénégal
Serbie et Monténégro
Seychelles
Sierra Leone
Singapour
Slovaquie
Slovénie
Somalie
Soudan
South
SriLanka
St.Barthélemy
Suède
Suisse
Surinam (Guyane
Svalbard (NO)
Swaziland
Souaziland
Syrie
Tadjikistan
Polynésie Française
Taïwan
Tanzanie
Tchad
Thaïlande
Tchècoslovaquie
Tibet
Togo
Tokelau
Tonga
Trinité et Tobago
Tunésie
Tunisie
Turkménistan
Turquie
Tuvalu
Ukraine
Uruguay
Vanuatu
Vatican
Venezuela
Viètnam
Wallis & Futuna 
Yémen
Yougoslavie
Zaïre
Zambie
Zimbabwe