Accro
Acétone
Achat
Acide
Acide lysergique dièthylamide
Ácides sulfurique
Adam
Air ball
Alcaloïde
Alprazolam
Amphés
Amphétamine
Angel dust
Belladone
Benzédrine
Benzodiazépine
Blanche
Cactus peyotl
Came
Cannabis
Champignons magiques
Chanvre
Chlorhydrate de cocaïne
Chnouf
Clonazépam
Coca
Cocaïne
Cocaïne-base
Coco
Codéine
Concentrations en THC
Crack
Cristal
Crystal
Delta-9-tetrahydrocannabinol
Dexédrine
Diacétylmorphine
Diazépam
Diethylpropion
Dimethyltryptamine
DMT
DOM
Dope
Drogue
Drogues dures
E
Ecstacy
Éphedra
Éphédrine
Erythroxylon Coca
Estazolam
Feuille de coca
Flurazépam
Freebase
Glorie du matin
Grass
H
Halazepam
Halcion
Hallucinogèn
Hash
Haschich
Haschish
Haschisch
Herbe
Héro
Héroïne
Héroine brune
Huile de hasch
Hydrocodone
Hydromorphone
Indic
Joint
Ketalar
Kétamine
Kif
LSD
Lysergic acid amide
Lysergic acid dietylamide
Marijuana
MDA
MDMA
Mescaline
Métamphétamine
Méthadone
Méthédrine
Méthylphénidate
Morphine
Nitrazépam
Opiacés
Opium
Oxazépam
PCP
Phencyclidine
Phentermine
Plant de cannabis
Pot
Poudre
Poudre Blanche
Prazépam
Propoxyphène
Psilocybine
Psychotrope
Quazépam
Semelles de haschish
Speed
Stimulants
STP
Stupéfiant
Stupéfiants médicaux
Substance
Supergrass
Témazépam
THC
Triazolam
X
XTC
Zen