Afghan
Afghane
Afghanes
Afghano
Afghans
Africain
Africaine
Africaines
Africains
Africo
Albanais
Albanaise
Albaniases
Albano
Algerien
Algerienne
Algeriennes
Algeriens
Algero
Allemand
Allemande
Allemandes
Allemands
Americain
Americaine
Americaines
Americains
Americano
Andorran
Andorrane
Andorranes
Andorrans
Andorro
Anglais
Anglaise
Anglaises
Anglo
Angolais
Angolaise
Angolaises
Angolo
Antillais
Antillaise
Antillaises
Antillo
Argentin
Argentine
Argentines
Argentino
Argentins
Asiatique
Asiatiques
Australien
Australienne
Australiennes
Australiens
Australo
Austro
Autrichien
Autrichienne
Autrichiennes
Autrichiens
Belge
Belges
Belgo
Bermudeen
Bermudeenne
Bermudeennes
Bermudeens
Bielorusse
Bielorusses
Birman
Birmane
Birmanes
Birmano
Birmans
Bolivien
Bolivienne
Boliviennes
Boliviens
Bolivo
Botswanais
Botswanaise
Botswanaises
Botswano
Bresilien
Bresilienne
Bresiliennes
Bresiliens
Bresilo
Britannique
Britanniques
Britanno
Bulgare
Bulgares
Bulgaro
Burkina-

Burundais
Burundaise
Burundaises
Burundo
Caledonien
Caledonienne
Caledoniennes
Caledoniens
Cambodgien
Cambodgienne
Cambodgiennes
Cambodgiens
Camerounais
Camerounaise
Camerounaises
Canadien
Canadienne
Canadiennes
Canadiens
Canado
Centrafricain
Centrafricaine
Centrafricaines
Centrafricains
Chilien
Chilienne
Chiliennes
Chiliens
Chinois
Chinoise
Chinoises
Chypriote
Chypriotes
Cisjordanien
Cisjordanienne
Cisjordaniennes
Cisjordaniens
Cisjordano
Clermont-

Colombien
Colombienne
Colombiennes
Colombiens
Comoreen
Comoreenne
Comoreennes
Comoreens
Congolais
Congolaise
Congolaises
Coreen
Coreenne
Coreennes
Coreens
Croate
Croates
Cubain
Cubaine
Cubaines
Cubains
Danois
Danoise
Danoises
Dominicain
Dominicaine
Dominicaines
Ecossais
Ecossaise
Ecossaises
Egyptien
Egyptienne
Egyptiennes
Egyptiens
Egypto
Emirats Arabes 

Espagnol
Espagnole
Espagnoles
Espagnols
Estonien
Estonienne
Estoniennes
Estoniens
Et Element Coordination
Ethiopien
Ethiopienne
Ethiopiennes
Ethiopiens
Europeano
Europeen
Europeenne
Europeennes
Europeens
Finlandais
Finlandaise
Finlandaises
Finlando
Finois
Finoise
Finoises
Francais
Francaise
Francaises
Franco
Gabonnais
Gabonnaise
Gabonnaises
Gambien
Gambienne
Gambiennes
Gambiens
Germano
Ghaneen
Ghaneenne
Ghaneennes
Ghaneens
Grec
Greco
Grecque
Grecques
Grecs
Guadelopeen
Guadelopeenne
Guadelopeennes
Guadelopeens
Guatemalteque
Guatemalteques
Guineen
Guineenne
Guineennes
Guineens
Guyanais
Guyanaise
Guyanaises
Haitien
Haitienne
Haitiennes
Haitiens
Helvetico
Helvetique
Helvetiques
Hispano
Hollandais
Hollandaise
Hollandaises
Hongro
Hongrois
Hongroise
Indien
Indienne
Indiennes
Indiens
Indo
Indonesien
Indonesienne
Indonesiennes
Indonesiens
Indonesio
Irakien
Irakienne
Irakiennes
Irakiens
Irako
Iranien
Iranienne
Iraniennes
Iraniens
Irano
Iraqien
Iraqienne
Iraqiennes
Iraqiens
Iraqo
Irlandais
Irlandaise
Irlandaises
Irlando
Islandais
Islandaise
Islandaises
Islando
Israelien
Israelienne
Israeliennes
Israeliens
Israelo
Italien
Italienne
Italiennes
Italiens
Italo
Ivoirien
Ivoirienne
Ivoiriennes
Ivoiriens
Jamaicain
Jamaicainne
Jamaicainnes
Jamaicains
Jamaico
Japonais
Japonaise
Japonaises
Japono
Jordanien
Jordanienne
Jordaniennes
Jordaniens
Jordano
J=D6

Kenyan
Kenyane
Kenyanes
Kenyans
Koweitien
Koweitienne
Koweitiennes
Koweitiens
Koweito
Letton
Lettonne
Lettonnes
Lettons
Libanais
Libanaise
Libanaises
Libano
Liberien
Liberienne
Liberiennes
Liberiens
Lithuanien
Lithuanienne
Lithuaniennes
Lithuaniens
Luxembourgeois
Luxembourgeoise
Luxembourgeoises
Malaisien
Malaisienne
Malaisiennes
Malaisiens
Maldive
Maldives
Malgache
Malgaches
Malien
Malienne
Maliennes
Maliens
Maltais
Maltaise
Maltaises
Margarita, Location City
Marocain
Marocaine
Marocaines
Marocains
Martiniquais
Martiniquaise
Martiniquaises
Mauritanien
Mauritanienne
Mauritaniennes
Mauritaniens
Mexicain
Mexicaine
Mexicaines
Mexicains
Monegasque
Monegasques
Mongolien
Mongolienne
Mongoliennes
Mongoliens
Namibien
Namibienne
Namibiennes
Namibiens
Nation Locationelement Country
Nations Locationelement Country
Nepalais
Nepalaise
Nepalaises
Nicaraguayen
Nicaraguayenne
Nicaraguayennes
Nicaraguayens
Nigerian
Nigeriane
Nigerianes
Nigerians
Nigerien
Nigerienne
Nigeriennes
Nigeriens
Nippon
Nippone
Nippones
Nippons
Norvegien
Norvegienne
Norvegiennes
Norvegiens
Peruvien
Peruvienne
Peruviennes
Peruviens
Philippin
Philippine
Philippines
Philippins
Portugais
Portugaise
Portugaises
Quebeco
Quebecois
Quebecoise
Quebecoises
Reunionais
Reunionaise
Reunionaises
Roumain
Roumaine
Roumaines
Roumains
Roumano
Russo
Rwandais
Rwandaise
Rwandaises
Saoudien
Saoudienne
Saoudiennes
Saoudiens
Senegalais
Senegalaise
Senegalaises
Senegalo
Serbe
Serbes
Sino
Somalien
Somalienne
Somaliennes
Somaliens
Soudanais
Soudanaise
Soudanaises
Sovietique
Sovietiques
Sovieto
Sri-Lankais
Sri-Lankaise
Sri-Lankaises
Suedo
Suedois
Suedoise
Suedoises
Suisse
Suisses
Syrien
Syrienne
Syriennes
Syriens
Taiwanais
Taiwanaise
Taiwanaises
Tanzanien
Tanzanienne
Tanzaniennes
Tanzaniens
Tchadien
Tchadienne
Tchadiennes
Tchadiens
Tcheco
Tchecoslovaque
Tchecoslovaques
Tcheque
Tcheques
Thailandais
Thailandaise
Thailandaises
Togolais
Togolaise
Togolaises
Tunisien
Tunisienne
Tunisiennes
Tunisiens
Tunisio
Turc
Turco
Turcs
Turque
Turques
Ukrainien
Ukrainienne
Ukrainiennes
Ukrainiens
Venezuelien
Venezuelienne
Venezueliennes
Venezueliens
Vietnamien
Vietnamienne
Vietnamiennes
Vietnamiens
Yougoslave
Yougoslaves
Zairois
Zairoise
Zairoises
Zambien
Zambienne
Zambiennes
Zambiens