Aana
Aargau
Abaco
Abruzzi
Abyan
Aceh
Acores
Acquaviva
Adan
Adana
Adiyaman
Adrar
Afyon
Aichi
Aiwo
Ajman
Akaroa
Akhaia
Akita
Aksaray
Ala.
Alabama
Alajuela
Alas.
Alaska
Alba
Alberta
Aliff
Alsace
Amasya
Amuri
Anabar
Andalucia
Anetan
Anhui
Anibare
Anjouan
Antalya
Aomori
Aquitaine
Arad
Aragon
Arbil
Arges
Argolis
Arhangay
Arhus
Arima
Ariz.
Arizona
Ark.
Arkadhia
Arkansas
Arta
Artibonite
Artigas
Artvin
Aryanah
Ascension
Ashburton
Assam
Asturias
Atjeh
Attiki
Atua
Auvergne
Aveiro
Aydin
Azilal
Azores
Azua
Baa
Babil
Bacau
Badakhshan
Badghis
Bafata
Bagerhat
Baghlan
Bagmati
Baiti
Baja
Bajah
Bakhtaran
Bali
Balikesir
Balkh
Balochistan
Balzers
Bamian
Bandarban
Baoruco
Barahona
Baranya
Barbuda
Barisal
Basilicata
Batna
Bayanhongor
Bayburt
Bayern
Bayrut
Bechar
Beja
Bejaia
Bekes
Bengkulu
Berat
Berea
Bheri
Bhola
Bialystok
Bihar
Bihor
Bilecik
Biminis
Bingol
Biombo
Biskra
Bitlis
Blantyre
Blida
Bogra
Bolama
Bolu
Bordjbou
Borguna
Bornholm
Botosani
Bouira
Boulemane
Boumerdes
Bourgogne
Brabant
Braga
Braganca
Brahmanbaria
Braila
Brakna
Brasov
Brava
Bremen
Bretagne
British Colombia
British Columbia
Brittany
Buada
Bubanza
Bucuresti
Bulgan
Buller
Burdur
Burgas
Burgenland
Bursa
Bururi
Bushehr
Butare
Buzau
Bydgoszcz
Byumba
Cacheu
Calabria
Calarasi
Calif.
California
Campania
Canakkale
Canarias
Canelones
Canillo
Cankiri
Cankuzo
Cantabria
Cape Canaveral
Carlow
Caroni
Cartago
Cascade
Cataluna
Cavan
Chandigarh
Chandpur
Chaouen
Chattagram
Chelm
Cheviot
Chiba
Chiesanuova
Chikwawa
Chiradzulu
Chitipa
Chlef
Choiseul
Chuadanga
Cibitoke
Ciechanow
Clifton
Cluj
Clutha
Coimbra
Col.
Colo.
Colonia
Colorado
Comilla
Conn.
Connecticut
Constanta
Constantine
Cork
Corse
Corum
Cottbus
Covasna
Csongrad
Curepipe
Cyangugu
Czestochowa
D. C.
D.C.
Daalu
Dahuk
Dajabon
Dannevirke
Dara
Darhan
Dauphin
Dedza
Del.
Delaware
Delhi
Denigomodu
Denizli
Dennery
Devonshire
Dhamar
Dhawalagiri
Dhodhekanisos
Dibre
Diekirch
Dimashq
Dimbovita
Dinajpur
Diourbel
District of Columbia
Diyala
Diyarbakir
Djambi
Djelfa
Djogjakarta
Dolj
Domagnano
Donegal
Dornod
Dornogovi
Dowa
Drama
Drenthe
Dresden
Duarte
Dubayy
Dundgovi
Durazno
Dzavhan
Edirne
Egmont
Ehime
Eketahuna
Elazig
Elbasan
Elblag
Eleuthera
Ellesmere
Eltham
Encamp
England
Erdenet
Erfurt
Erzincan
Erzurum
Eschen
Esfahan
Eskisehir
Espaillat
Essaouira
Evora
Evritania
Evros
Evvoia
Ewa
Extremadura
Exuma
Eyre
Faafu
Faasaleleaga
Faetano
Famagusta
Farah
Faridpur
Faro
Fars
Farwaniyyah
Faryab
Fatick
Featherston
Fejer
Feni
Fes
Fier
Figuig
Fiorentino
Fla
Fla.
Flacq
Flevoland
Flores
Florida
Florina
Fogo
Fokis
Fontvieille
Frankfurt
Frederiksborg
Fribourg
Friesland
Fthiotis
Fujian
Fukui
Fukuoka
Fukushima
Fyn
Ga.
Gabu
Gagaemauga
Gagaifomauga
Gaibandha
Galati
Galicia
Galway
Gamprin
Gandaki
Gansu
Gaziantep
Gazipur
Gelderland
Geneve
Georgia
Ghazni
Ghowr
Gifu
Gikongoro
Gilan
Giresun
Gisenyi
Gitarama
Gitega
Giurgiu
Gjirokaster
Glacis
Glarus
Gopalganj
Gorgol
Gorj
Gramsh
Graubunden
Grenadines
Grevena
Grevenmacher
Groningen
Guadalcanal
Guanacaste
Guangdong
Guangxi
Guarda
Guelma
Guelmim
Guidimaka
Guizhou
Gujarat
Gumma
Gumushane
Haapai
Habiganj
Hadramawt
Hainan
Hainaut
Hajjah
Hakkari
Halab
Halle
Hamadan
Hamah
Harghita
Haryana
Hatay
Hawaii
Hawalli
Hawera
Heathcote
Hebei
Heilongjiang
Helmand
Henan
Hentiy
Herat
Heredia
Hessen
Heves
Hhohho
Hikurangi
Hims
Hiroshima
Hobson
Hokianga
Hokkaido
Hormozgan
Horowhenua
Hovd
Hovsgol
Hrvatska
Hubei
Hunan
Hunedoara
Hurunui
Hutt
Hyogo
Ia.
Ialomita
Iasi
Ibaraki
Ibb
Icel
Idaho
Idlib
Ifrane
Ijuw
Ilam
Ilhas
Ilia
Ill.
Illinois
Illizi
Imathia
Inagua
Inangahua
Inchiri
Ind.
Independencia
Indiana
Inglewood
Ioannina
Iowa
Irian
Ishikawa
Isparta
Iwate
Jacksons
Jaipurhat
Jamalpur
Jambi
Janakpur
Jessore
Jhalakati
Jhenaidah
Jiangsu
Jiangxi
Jijel
Jilin
Jogjakarta
Jowzjan
Jundubah
Jura
Kaafu
Kabol
Kagawa
Kagoshima
Kaikoura
Kairanga
Kalisz
Kan.
Kanagawa
Kandahar
Kansas
Kaolack
Kapisa
Karaman
Karbala
Kardhitsa
Karnali
Karnataka
Karnten
Karonga
Kars
Karuzi
Kastamonu
Kastoria
Kasungu
Kasupe
Katowice
Kavala
Kayanza
Kayes
Kayseri
Kefallinia
Kenitra
Kentucky
Kerala
Kerkira
Kerman
Kerry
Khagrachari
Khalkidhiki
Khania
Khaskovo
Khemisset
Khenchela
Khenifra
Khios
Khorasan
Khouribga
Khulna
Khuzestan
Kibungo
Kibuye
Kielce
Kikladhes
Kildare
Kilkenny
Kilkis
Kirikkale
Kirklareli
Kirsehir
Kirundo
Kishorganj
Kiwitea
Kocaeli
Kochi
Kolda
Kolonje
Komarom
Konar
Kondoz
Konin
Konya
Korce
Kordestan
Korinthia
Kosi
Kosrae
Koszalin
Koulikoro
Kozani
Krakow
Krosno
Kruje
Kukes
Kumamoto
Kurigram
Kushtia
Kutahya
Ky.
Kyoto
Kyreni
La.
Laamu
Laayoune
Laborie
Labrador
Laghman
Laghouat
Lahij
Lakonia
Lakshadweep
Laksmipur
Lalmonirhat
Lampung
Laois
Larisa
Larnaca
Lasithi
Lavalleja
Laviyani
Lazio
Legnica
Leipzig
Leiria
Leitrim
Leribe
Lesvos
Leszno
Levkas
Lezhe
Liaoning
Librazhd
Liege
Liguria
Limassol
Limburg
Limon
Limousin
Litoral
Lodz
Lombardia
Lomza
Long Island
Longford
Lorestan
Lorraine
Louga
Louisiana
Louth
Lovech
Lowgar
Lubombo
Lumbini
Lushnje
Luzern
M. D.
M.D.
Mackenzie
Madanin
Madaripur
Madeira
Mafeteng
Magdeburg
Magnisia
Magura
Mahakali
Maharashtra
Maine
Maio
Makamba
Makedonija
Makira
Malaita
Malatya
Maldonado
Maluka
Maluku
Malvern
Manaia
Manawatu
Mangochi
Mangonui
Manikganj
Maniototo
Manipur
Manisa
Manitoba
Manzini
Maramures
Marche
Mardin
Marib
Markazi
Marlborough
Marrakech
Maryland
Mascara
Mass.
Massachusetts
Masterton
Matamata
Mauren
Mayaguana
Mayaro
Mayo
Maysan
Mazandaran
Mchinji
Md.
Me.
Meath
Mechi
Medea
Meemu
Meghalaya
Mehedinti
Meherpur
Meknes
Meneng
Messinia
Mich.
Michigan
Micoud
Mie
Mikhaylovgrad
Mila
Minn.
Minnesota
Mirdite
Miss.
Mississippi
Missouri
Miyagi
Miyazaki
Mizoram
Mo.
Moheli
Moka
Mokhotlong
Molise
Moluccas
Monaghan
Mont.
Montana
Mopti
Mostaganem
Moulavibazar
Mugla
Mulanje
Munshiganj
Muramvya
Murcia
Mures
Mus
Muyinga
Mwanza
Mymensingh
Mzimba
N. Ireland
N. C.
N. Dak.
N. H.
N. Ireland
N. J.
N. M.
N. Mex.
N. Y.
N.C.
N.H.
N.J.
N.M.
N.Y.
NJ
NY
N Ireland
Naama
Nabul
Nador
Nagaland
Nagano
Namur
Nangarhar
Naogaon
Nara
Narail
Narayanganj
Narayani
Nariva
Narsingdi
Nator
Navarra
Naviyani
Ncheu
Neamt
Nebr.
Nebraska
Netrakona
Neubrandenburg
Neuchatel
Nev.
Nevada
Nevsehir
New Brunswic
New Hampshire
New Jersey
New Mexico
Newfoundland
Ngozi
Nibok
Nidwalden
Niederosterreich
Niedersachsen
Nigde
Nilphamari
Nimruz
Ninawa
Ningxia
Noakhali
Nograd
Noonu
Nord
Nordgronland
Nordjylland
North Carolina
North Dakota
Northern Ireland
Nova Scotia
Nsanje
Ntchisi
Nurestan
O. H.
O.H.
Oberosterreich
Obwalden
Offaly
Ohinemuri
Ohio
Oio
Oita
Okayama
Okinawa
Okla.
Oklahoma
Olsztyn
Olt
Omnogovi
Ontario
Opole
Opotiki
Orange County
Ordino
Ordu
Ore.
Oreg.
Oregon
Orissa
Oroua
Oruzgan
Ostgronland
Ostroleka
Otamatea
Otorohanga
Ouargla
Ouarzazate
Ouest
Oujda
Overijssel
Ovorhangay
Oxford
Pa.
Pabna
Paget
Pahiatua
Paktia
Paktika
Palau
Palauli
Pamplemousses
Panchagar
Paparua
Paphos
Parvan
Patea
Patuakhali
Paysandu
Pedernales
Pella
Pembroke
Penn.
Pennsylvania
Peravia
Permet
Pest
Piako
Picardie
Piemonte
Pieria
Pila
Piotrkow
Pirojpur
Plaisance
Planken
Plock
Plovdiv
Pogradec
Pohangina
Pohnpei
Ponape
Pondicherry
Portalegre
Porto
Potsdam
Poznan
Prahova
Praslin
Preveza
Prospect
Przemysl
Puglia
Puke
Punjab
Puntarenas
Qabis
Qafsah
Qibili
Qinghai
Quinara
Quthing
R. I.
R.I.
Raa
Radom
Raglan
Rajasthan
Rajbari
Rajshahi
Rangiora
Rangitikei
Rangpur
Rapti
Razgrad
Redonda
Relizane
Rethimni
Rhode Island
Riau
Ribe
Rigali
Ringkobing
Rivera
Rize
Rocha
Rodhopi
Roscommon
Roskilde
Rostock
Rotorua
Ruggell
Ruhengeri
Rumphi
Runanga
Rutana
Ruyigi
Rzeszow
S. C.
S. Dak.
S.C.
Saarland
Sabaragamuwa
Sadah
Safaqis
Saga
Sagarmatha
Saida
Saitama
Sakarya
Salaj
Salcedo
Salima
Salto
Salzburg
Samana
Samangan
Samos
Samsun
Sana
Sandys
Santarem
Sarande
Sardegna
Sardinia
Saskatchewan
Satkhira
Satupaitea
Savanne
Schaan
Schaffhausen
Schellenberg
Schwerin
Schwyz
Scotland
Seenu
Segou
Selenge
Semnan
Serrai
Serravalle
Seti
Setif
Settat
Setubal
Shaanxi
Shabwah
Shandong
Shanxi
Shariyatpur
Shaviyani
Sherpur
Shiga
Shimane
Shiselweni
Shizuoka
Shkoder
Siberia
Sibiu
Sichuan
Sicilia
Siedlce
Sieradz
Siirt
Sikasso
Sikkim
Silverpeaks
Silyanah
Sindh
Sinop
Sirajganj
Sitrah
Sivas
Skierniewice
Skikda
Skrapar
Sligo
Slovenija
Slupsk
Smiths
Sofiya
Solothurn
Somogy
Sonderjylland
Soriano
Soufriere
South Carolina
South Dakota
Southern California
Southland
Srbija
Steiermark
Storstrom
Stratford
Strathallan
Suceava
Suhbaatar
Suhl
Sunamganj
Susah
Suwalki
Sylhet
Szolnok
Tacuarembo
Tagant
Tahiti
Taizz
Takamaka
Takhar
Tamanrasset
Tambacounda
Tangail
Taounate
Taranaki
Tarnobrzeg
Tarnow
Taroudannt
Tarrafal
Tartus
Tata
Tatawin
Taumarunui
Taupo
Tauranga
Tawzar
Taza
Tebessa
Tekirdag
Teleorman
Temotu
Tenn.
Tennessee
Tepelene
Tetouan
Tex.
Texas
Thaa
Thakurgaon
Thesprotia
Thies
Thurgau
Thyolo
Tiaret
Ticino
Timis
Tindouf
Tipaza
Tipperary
Tirol
Tiznit
Tlemcen
Tobago
Tochigi
Tokat
Tokushima
Tolna
Tombali
Tombouctou
Tongatapu
Torun
Toscana
Tottori
Tov
Toyama
Trabzon
Trarza
Triesen
Triesenberg
Trikala
Tripura
Tropoje
Truk
Tuamasaga
Tuapeka
Tulcea
Tunceli
U. T.
U.T.
Uaboe
Umbria
Urfa
Uri
Usak
Utah
Utrecht
Uva
Uvs
Va.
Vaisigano
Valais
Valenciana
Valverde
Vardak
Varna
Vaslui
Vaud
Vavau
Vejle
Veneto
Vermont
Vestgronland
Vestsjaelland
Veszprem
Viborg
Victoria
Vilcea
Vincent
Virginia
Viseu
Voiotia
Vorarlberg
Vrancea
Vt.
W. Va.
Waavu
Waiapu
Waiheke
Waihemo
Waikato
Waikohu
Waimairi
Waimarino
Waimate
Waimea
Waipa
Waipawa
Waipukurau
Wairewa
Wairoa
Waitaki
Waitomo
Waitotara
Wakayama
Walbrzych
Wales
Wallace
Wanganui
Warszawa
Warwick
Wash.
Wasit
Waterford
Waverley
West Virginia
Westland
Westmeath
Wexford
Whakatane
Whangarei
Whangaroa
Wicklow
Wien
Wis.
Wisconsin
Wloclawek
Woodville
Wroclaw
Wyo.
Wyoming
Xanthi
Xinjiang
Xizang
Yamagata
Yamaguchi
Yamanashi
Yazd
Yogyakara
Yozgat
Yunnan
Zabol
Zaghwan
Zakinthos
Zala
Zamosc
Zanjan
Zeeland
Zhejiang
Ziguinchor
Zomba
Zonguldak
Zug
Zurich