Aisne
Allier
Alpes-Maritimes
Alpes-de-Haute-Provence
Ardennes
Ardèche
Ariège
Aube
Aude
Aveyron
Bas-Rhin
Bouches-du-Rhône
Calvados
Cantal
Charente
Charente-Maritime
Corrèze
Corse-du-Sud
Creuse
Côte-d'Or
Côtes-d'Armor
Deux-Sèvres
Dordogne
Doubs
Drôme
Essonne
Eure
Eure-et-Loir
Finistère
Gard
Gers
Gironde
Haut-Rhin
Haute-Corse
Haute-Garonne
Haute-Loire
Haute-Marne
Haute-Savoie
Haute-Saône
Haute-Vienne
Hautes-Alpes
Hautes-Pyrénées
Hauts-de-Seine
Hérault
Ille-et-Vilaine
Indre
Indre-et-Loire
Isère
Jura
Landes
Loir-et-Cher
Loire
Loire-Atlantique
Loiret
Lot
Lot-et-Garonne
Lozère
Maine-et-Loire
Manche
Marne
Mayenne
Meurthe-et-Moselle
Meuse
Morbihan
Moselle
Nièvre
Nord
Oise
Orne
Paris
Pas-de-Calais
Puy-de-Dôme
Pyrénées-Atlantiques
Pyrénées-Orientales
Rhône
Sarthe
Savoie
Saône-et-Loire
Seine-Maritime
Seine-Saint-Denis
Seine-et-Marne
Somme
Tarn
Tarn-et-Garonne
Territoire de Belfort
Val-d'Oise
Val-de-Marne
Var
Vaucluse
Vendée
Vienne
Vosges
Yonne
Yvelines
Île-de-France
Arctique
Méditerranée
Mediterranean
