Afghanistan
Albanien
Algerien
Amerikanisch-Samoa
Andorra
Angola
Anguilla
Antarktis
Antigua und Barbuda
Argentinien
Armenien
Aruba
Ascension
Australien
Österreich
Aserbaidschan
Bahamas
Bahrain
Bangladesch
Barbados
Weißrußland
Belgien
Belize
Benin
Bermuda
Bhutan
Bolivien
Bosnien und Herzegovina
Botswana
Bouvetinsel
Brasilien
Britisches Territorium im Indischen Ozean
Brunei
Bulgarien
Burkina Faso
Burundi
Kambodscha
Kamerun
Kanada
Kap Verde
Kaimaninseln
Zentralafrikanische Republik
Tschad
Chile
China
Weihnachtsinsel
Kokosinseln (Keeling)
Kolumbien
Komoren
Demokratische Republik Kongo
Republik Kongo
Cookinseln
Costa Rica
Côte d'Ivoire
Kroatien
Kuba
Zypern
Tschechien
Dänemark
Dschibuti
Dominica
Dominikanische Republik
Timor-Leste
Osttimor
Ecuador
Ägypten
El Salvador
Äquatorialguinea
Eritrea
Estland
Äthiopien
Falklandinseln
Malvinen
Färöer
Färöer-Inseln
Fidschi
Finnland
Frankreich
Französisch-Guayana
Metropolitan-Frankreich
France Métropolitaine
Französisch-Polynesien
Französische Süd- und Antarktisgebiete
Gabun
Gambia
Georgien
Deutschland
Ghana
Gibraltar
Großbritannien
Griechenland
Grönland
Grenada
Guadeloupe
Guam
Guatemala
Guernsey
Guinea
Guinea-Bissau
Guyana
Haiti
Heard und die Mcdonaldinseln
Heiliger Stuhl
Vatikanstadt
Honduras
Hongkong
Ungarn
Island
Indien
Indonesien
Iran, Islamische Republik
Irak
Irland
Insel Man
Israel
Italien
Jamaika
Japan
Jersey
Jordanien
Kasachstan
Kenya
Kiribati
Korea
Nord Korea
Süd Korea
Kuwait
Kirgisistan
Laos
Lettland
Libanon
Lesotho
Liberia
Libyen
Liechtenstein
Litauen
Luxemburg
Macau
Mazedonien
Madagaskar
Malawi
Malaysia
Malediven
Mali
Malta
Marshallinseln
Martinique
Mauretanien
Mauritius
Mayotte
Mexiko
Mikronesien
Moldau
Monaco
Montenegro
Mongolei
Montserrat
Marokko
Mosambik
Myanmar
Birma
Burma
Namibia
Nauru
Nepal
Niederlande
Holland
Niederländische Antillen
Neukaledonien
Neuseeland
Nicaragua
Nikaragua
Niger
Nigeria
Niue
Norfolkinsel
Nördliche Marianen
Norwegen
Oman
Pakistan
Palau
Palästinensische Autonomiegebiete
Panama
Papua-Neuguinea
Paraguay
Peru
Philippinen
Pitcairninseln
Polen
Portugal
Puerto Rico
Katar
Réunion
Rumänien
Russische Föderation
Russland
Ruanda
St. Kitts und Nevis
St. Lucia
St. Vincent und die Grenadinen
Samoa
San Marino
São Tomé und Príncipe
Saudi-Arabien
Senegal
Serbien
Seychellen
Sierra Leone
Singapur
Slowakei
Slowenien
Salomonen
Somalia
Südafrika
Südgeorgien
die südlichen Sandwichinseln
Spanien
Sri Lanka
Ceylon
St. Helena
St. Pierre und Miquelon
Sudan
Suriname
Svalbard und Jan Mayen
Swasiland
Schweden
Schweiz
Syrien
Taiwan
Tadschikistan
Tansania
Thailand
Tibet
Timor-Leste
Osttimor
Togo
Tokelau
Tonga
Trinidad und Tobago
Tunesien
Türkei
Turkmenistan
Turks- und Caicosinseln
Tuvalu
Uganda
Ukraine
Vereinigte Arabische Emirate
Vereinigtes Königreich
England
Vereinigte Staaten
USA
Kleinere Amerikanische Überseeinseln
Uruguay
Usbekistan
Vanuatu
Heiliger Stuhl
Vatikanstadt
Vatikan
Venezuela
Vietnam
Britische Jungferninseln
Amerikanische Jungferninseln
Wallis und Futuna
Westsahara
Jemen
Zaire
Demokratischen Republik Kongo
Sambia
Nordrhodesien
Simbabwe
Südrhodesien
Russlands
Spaniens
Bundesrepl
Portugals
Japans
