Achim
Adel
Adolf
Adrian
Albert
Alfred
Alois
Alvin
Alwin
Andreas
Ansgar
Anton
Armin
Arndt
Arnold
August
Aurick
Axel
Bastian
Beat
Benedikt
Bernd
Bertram
Bodo
Bruno
Calvin
Carl
Christian
Christof
Dagobert
Daniel
David
Delbert
Diedrich
Dieter
Dieterich
Dietrich
Donald
Dustin
Edmund
Eilhard
Ekkehard
Elmar
Emil
Emmerich
Erhard
Eric
Ewald
Felix
Ferdinand
Florian
Frank
Franz
Frederick
Fredrik
Friedemann
Friedrich
Fritz
Gebhard
Georg
Gerald
Gerard
Gerd
Gerhardt
Germar
Gernot
Gert
Gilbert
Giselher
Gottfried
Gottlieb
Gottschalk
Götz
Guido
Gunther
Günther
Hans
Harald
Harold
Heiner
Heini
Heino
Heinrich
Heinz
Helge
Hellmuth
Helmut
Helmuth
Herbert
Herman
Hermann
Herwig
Holger
Horst
Hubert
Ingo
Jacob
Jermaine
Jerome
Joachim
Joachim-Friedrich
Johann
Johannes
Jonas
Jonathan
Jörg
Joseph
Jost
Jupp
Jürgen
Karl
Karlheinz
Karsten
Kevin
Klaus
Klaus-Peter
Konrad
Kurt
Ladislaus
Lars
Levin
Lorentz
Lothar
Ludwig
Lukas
Lütold
Lutz
Malte
Manuel
Marcus
Mario
Marius
Martin
Matthias
Maximilian
Medard
Meinrad
Michel
Milo
Mirco
Mirko
Moritz
Nicolas
Nicolaus
Nivaldo
Olaf
Oscar
Othmar
Otto
Ottomar
Patrick
Paul
Peter
Philip
Philipp
Rainer
Ralph
Randall
Reinhard
Reinhold
Richard
Robert
Robin
Roger
Rolf
Roman
Ronald
Rudolph
Samuel
Sander
Sebastian
Severin
Siegfried
Sigismund
Sigmund
Stephen
Sven
Sylvester
Thomas
Timo
Tobias
Tom
Udo
Ulrich
Utto
Uwe
Valter
Vollrath
Walter
Wenzel
Werner
Wernher
Wilhelm
William
Winfried
Wolf
Wolfgang
Thorsten
Walther
Pierre
Marco
Vincent
Mike
