Bretzel
Aalvanger
Aarts
Aasrud
Aastad
Abecker
Abel
Abele
Abendroth
Abraham
Abraun
Abril
Acher
Achid
Achour
Achterberg
Achterfeld
Ackermann
Adalen
Adam
Adamczewski
Adami
Adelmeyer
Aderhold
Adigbli
Adler
Adnane
Adpflege
Aechter
Aerts
Afdring
Afsali
Agricola
Ahl
Ahlborn
Ahlers
Ahlfeld
Ahlin
Ahlke
Ahmad
Ahmann
Ahrens
Aichelburg
Aichele
Aichinger
Akdag
Aker
Akhtar
Akkermann
Akkoyunlu
Akom-aa
Akom-kurs
Akreutzer
Aktas
Albermann
Albers
Albert
Albrecht
Albrink
Aldi
Aldozo
Aldrup
Alexander
Alexy
Alkin
Allara
Allard
Allgaeuer
Allinger
Almus
Alp
Alpern
Alperstaedt
Alsleben
Alt
Alteheld
Altemeier
Althaus
Althoff
Altmann
Altmeyer
Altrock
Alwardt
Amann
Amberger
Ambos
Ambrozy
Amedick
Amlinger
Amm
Ammann
Ammerl
Ammermann
Ammon
Amrein
Amringer
Amtmann
Anacker
Anastasopoulos
Anders
Anders-wnek
Anderson
Andraschko
Andritsos
Ang
Angeli
Anger
Angerer
Angermair
Angermann
Angermueller
Anke
Anklamm
Ansari
Anselm
Anselmann
Antolin
Anton
Antonissen
Antons
Antos
Antritter
Antunovic
Antzorn
Aperdannier
Apfel
Arens
Armenkow
Arndt
Arnold
Arnoldi
Arnoldt
Arnow
Arnth
Arora
Artmann
Asch
Aschauer
Aschenmeier
Ascher
Asdecker
Ashauer
Aslihan
Asquith
Asse
Assel
Assenmacher
Asshoff
Assmann
Astor
Atbin
Atorf
Atzenbeck
Atzler
Auchter
Auer
Auerbach
Aufdenblatten
Auftragsabwicklung
Augscheller
Augustin
Auner
Auras
Austen
Authier
Autoreply
Auweiler
Avas-projekt-team
Awasty
Axthammer
Aymard
Ayres
Baader
Baars
Baaske
Bablick
Bach
Bacher
Bachert
Bachies
Bachmann
Bachmeier
Bachner
Bachofer
Bachthaler
Back
Backhaus
Bade
Bader
Baeck
Baecker
Baehr
Baeker
Baer
Baertschi
Baese
Baesel
Baessler
Baetz
Baeumer
Baeumle
Baeumler
Baguette
Baier
Baillieu
Bair
Baird
Baisley
Baiting
Baitinger
Baiu
Bajer
Bakalov
Bake
Bakken
Bakker
Bakry
Balazs
Baldewijns
Baldwin
Baliko
Balkan
Balla
Ballard
Ballhausen
Ballheimer
Baltes
Baltuttis
Baltz
Balzer
Bambach
Bammel
Bammer
Bandke
Bandmann
Bandouch
Bandzius
Bangert
Bank
Bannenberg
Banniza
Baque
Barb
Barbar
Bareis
Barfoot
Bargmann
Barigault
Barmann
Barning
Barnsteiner
Baronner
Barow
Barrett
Bart
Bartel
Bartelheimer
Bartels
Bartelt
Barten
Barth
Barthe
Barthel
Barthelemy
Barther
Bartholome
Bartolles
Bartsch
Bartz
Barwig
Barysch
Barz
Bas
Bassmann
Basso
Bastian
Bathe
Bathel
Bathelt
Batram
Battke
Bauch
Bauder
Baudisch
Bauditz
Baudrexel
Bauer
Bauernfeind
Bauersachs
Baukhage
Baum
Baumann
Baumeister
Baumer
Baumgart
Baumgarten
Baumgartner
Baumjohann
Baun
Baune
Baur
Baus
Bauwens
Bavendiek
Bayer
Bea
Bechard
Beck
Beckamp
Becker
Beckers
Beckert
Beckmann
Bednarek
Bednorz
Beekmann
Beer
Beermann
Beham
Behammer
Behl
Behle
Behlen
Behler
Behling
Behn
Behne
Behnke
Behnsen
Behr
Behrendt
Behrens
Behrmann
Beier
Beierle
Beierling
Beike
Beil
Beinhauer
Beins
Beise
Beisheim
Beisiegel
Beitz
Beke
Beleites
Belhazy
Belitz
Bella
Beller
Bellersheim
Bellinghausen
Beltermann
Bemberg
Benak
Benard
Bender
Bendig
Bendlage
Bendrich
Benedek
Benedickt
Benesch
Bengel
Beninga
Benk
Benke
Benkelberg
Benninger
Bensberg
Bensel
Benson
Bentele
Bentfeld
Bentler
Benz
Benzenberg
Beranek
Berberich
Berbner
Berckmans
Bercks
Berer
Berg
Bergbach
Berge
Berger
Berges
Berghaus
Bergmaier
Bergmann
Bergmeir
Bergmiller
Bergner
Bergschneider
Bergter
Berhin
Berhorst
Beringer
Berka
Berle
Berlinghof
Bernardi
Bernd
Berndt
Bernecker
Bernemann
Berner
Bernhard
Bernhardt
Berr
Berres
Bertel
Bertele
Bertelmann
Bertels
Berthet
Bertinelli
Bertossi
Bertuzzi
Besch
Beschorner
Beschoten
Beschta
Besken
Beskobilny
Bessel
Bessenbach
Besserer
Bessert
Bessling
Best
Bestaendig
Besten
Bethaeuser
Bettin
Bettray
Betz
Beuchel
Beuermann
Beukenberg
Beunnens
Beutel
Beutl
Bever
Beverungen
Bewermeyer
Beyens
Beyer
Beyerlein
Bez
Bezold
Bhavanasi
Bialek
Bibes
Bichlapp
Bichler
Bichlmeier
Bick
Bickermann
Bickmann
Bidlingmaier
Biedermann
Biehn
Bielitz
Bielmeier
Bielzer
Bienia
Bienstein
Biermann
Biersack
Biffar
Bigalke
Bigelow
Bihn
Bila
Biller
Billerbeck
Bills
Bindel
Binder
Bindzus
Binner
Binninger
Birk
Birkholz
Birkmaier
Birkmair
Birzer
Bischke
Bischof
Bischoff
Bischofsberger
Bisle
Bismarck
Bitsch
Bittersohl
Bittl
Bittner
Bitzer
Biwer
Bjoerknes
Bjoersson
Blaeser
Blank
Blanke
Blaschke
Blase
Blasel
Blass
Blaszczyk
Blattenberger
Blattgerste
Blay
Blech
Bleier
Bleisteiner
Bleschke
Blessenberger
Blevins
Blewitt
Bley
Bliedung
Blischke
Blitz
Blochwitz
Block
Blocksidge
Blokhuis
Blomeier
Blomenkamp
Bloois
Blotenberg
Blubacher
Bluemle
Bluhm
Blum
Blumann
Blumberg
Blume
Blunk
Bobe
Bochmann
Bochow
Bochum
Bock
Bocquet
Bodart
Bodden
Bode
Bodenbender
Bodewig
Boecher
Boeck
Boeddeker
Boede
Boedefeld
Boedeker
Boege
Boehle
Boehm
Boehme
Boehmer
Boehne
Boehning
Boehnke
Boeing
Boellert
Boenicke
Boening
Boer
Boerjesson
Boernemeier
Boese
Boesel
Boesl
Boetcher
Boetel
Boettcher
Boettchers
Boettger
Boettinger
Boettner
Bogaerts
Bogdanski
Bogenhauser
Boger
Bogs
Bohg
Bohl
Bohlaender
Bohlen
Bohn
Bohnacker
Bohnenkamp
Bohren
Bolaender
Boldt
Bollenbacher
Bollig
Bollinger
Bollmann
Bollwein
Bollwinkel
Bolte
Bolten
Bolz
Bolzmann
Bombach
Bonas
Boner
Bonerz
Bonfig
Bongen
Bonin
Bonken
Bonnaudet
Bonnet
Bonnin
Bonsack
Bonsmann
Bontemps
Bonzol
Boogaart
Boogaerts
Boos
Boose
Boox
Borchard
Borchert
Borck
Bordeke
Borderke
Bordewisch
Borgmeier
Borgstedt
Borheyer
Bork
Bormann
Bornemann
Borowski
Borremans
Borsch
Borst
Bosch
Boschi
Boschman
Boser
Boss
Bosse
Bossek
Bossmann
Bothe
Botsch
Bott
Bottacin
Bottlender
Boucquillon
Bouiller
Boulesteix
Bounin
Bourdin
Bourdon
Bourguignon
Bours
Boxberger
Boyard
Boysen
Brabant
Brachtel
Brachtl
Brachvogel
Brackemeyer-plogsties
Brackmann
Bradenstein
Bradler
Braeckel
Braem
Braeu
Braeuer
Braitmayer
Brand
Brandenburg
Brandes
Brandl
Brandt
Brandtmayr
Brass
Brasser
Brasseur
Bratze
Brauburger
Brauer
Braum
Braun
Braunbeck
Braune
Braunegger
Brauner
Braunschweig
Braxmeier
Brecht
Brechtel
Brecker
Bred
Bredel
Bredemeyer
Bredewald
Bredl
Breer
Brehl
Brehmer
Breidenbend
Breier
Breil
Breitenstein
Bremer
Bremer dirk
Brendl
Brenke
Brenker
Brennan
Brennemann
Brenner
Brentano
Brenzinger
Breslauer
Bressler
Breton
Brettschneider
Bretz
Breu
Breucker
Breuer
Breuker
Briel
Brieskorn
Brige
Bril
Brindani
Brings
Brink
Brinkemoeller
Brinkmann
Brock
Brockmeier
Broda
Brodkorb
Brodt
Broeg
Broeker
Broemmel
Broemmelsiek
Broetzmann
Brohl
Broich
Bronnert
Brosche
Brossmann
Brown
Bruch
Bruckmann
Bruckner
Bruder
Brueck
Brueckner
Brueger
Brueggemann
Bruegman
Bruehl
Bruemmer
Bruenger
Bruenig
Bruening
Bruger
Brugger
Bruhnke
Bruhns
Brukakis
Brummer
Brune
Brunken
Brunnecker
Brunner
Brunnert
Brunnhuber
Brunnwieser
Bruno
Bruns
Brunsch
Bruschke
Bruttel
Bruyns
Bschwarz
Buchberger
Bucheder
Buchenberg
Bucher
Buchholz
Buchholzer
Buchhorn
Buchmann
Buchner
Buck
Buckenleib
Buckler
Buckmakowski
Budde
Buder
Budig
Buecherl
Buechler
Buechner
Buehl
Buehler
Bueker
Buekera
Buekerk
Buelinckx
Buerger
Buerkle-kuhn
Buervenich
Bueschgen
Buesink
Buether
Buettgen
Buettner
Buholzer
Bula
Bullenkamp
Bullmann
Bumair
Bumidev
Bumipm
Bumisup
Bumm
Bunse
Bunte
Buntinx
Burchardt
Burchart
Burchhardt
Burckhardt
Burgardt
Burgart
Burger
Burggraf
Burghart
Burgstaller
Burhenne
Burke
Burkert
Burkhardt
Burmann
Burny
Burwitz
Bury
Busch
Busche
Buschmann
Busse
Bussmann
Buttchereit
Buttinger
Buttkus
Buttler
Button
Butz
Buyle
Buysse
Buytaert
Bysterveldt
Bystrich
Cada
Cadisch
Cairo
Caiza
Calamita
Calboutin
Calderon
Callebaut
Calles
Campen
Cant
Caominh
Capel
Caprasse
Carl
Carle
Carlin
Carlsson
Carnotensis
Carrero
Carrol
Carstensen
Carton
Casciello
Casius
Caspar
Cassar
Casselmann
Castelein
Castioni
Cauberg
Cebulj
Cermak
Cervenka
Cestonaro
Chabowski
Chambres
Chan
Chapelet
Chapelle
Charlier
Charrabe
Chaubet
Chauncey
Chauvin
Chen
Cheng
Chertier
Chilvers
Chiorean
Chioreans
Chlubek
Chmiel
Choffat
Chrastina
Christ
Christan
Christiaens
Christl
Christmann
Christoephl
Chung
Cichy
Cieply
Cihlars
Cjong
Claas
Claes
Claeys
Clasen
Class
Classen
Claud
Claus
Clausing
Claussen
Clemens
Clement
Clementi
Cleres
Clerget
Clinkscales
Clorer
Clubb
Cmueller
Cobra
Cockroft
Cocks
Codagnone
Coenen
Coenzler
Coetzee
Coils
Colban
Collins
Colloseus
Comes
Conradi
Conrads
Cook
Cools
Coop
Cooper
Copeland
Coppee
Corches
Cordes
Cordir
Coric
Corlatan
Cornet
Cortvrint
Cotten
Counson
Couturier
Credicott
Cremer
Cremers
Crompton
Croon
Crucifix
Csanyi
Cseh
Csizmadia
Cueillette
Cullmann
Culp
Culver
Cuny
Czaja
Czauderna
Czech
Czekanowski
Czerny
Czerwonajcio
Cznottka
Czok
Czwienczek
Da cunah
Daake
Dachs
Dachsberger
Dachsel
Daege
Daempfer
Dahler
Dahlmann
Dahmann
Dalbrecht
Dalen
Dalle
Dambricourt
Dammann
Damnitz
Danapel
Danassy
Danat
Dang
Dann
Dannenfeldt
Danner
Dannert
Dannheisig
Danninger
Danz
Danzer
Dasch
Dathis
Datzko
Datzmann
Daum
Daus
Daus-goers
Dauth
Davec
David
Davids
Davidson
Davies
Daviesc
Daxer
Dayers
De forest
De leeuw
De palacios
Deakin
Debacker
Debaudringhien
Debera
Debeul
Deboben
Debrabandere
Debroe
Debruycker
Debuck
Dechent
Decker
Deckers
Deckert
Decloedt
Decock
Decoene
Decouter
Decoux
Decremer
Dedek
Dedeurwaerder
Dedeygere
Dedonder
Deforest
Defourny
Degen
Degle
Degraeve
Degrelle
Dehio
Dehn
Dehnhardt
Deichmann
Deininger
Deja
Delangue
Delaunay
Delcourt
Deleersnyder
Deleeuw
Delellis
Delforge
Delles
Delouya
Delsor
Delvaux
Demann
Dembinski
Demeijer
Demelo
Demeulemeester
Demharter
Demir
Demitz
Deml
Demleitner
Demmler
Demol
Dempf
Demus
Denig
Denis
Denk
Denker
Denneberg
Dennerlein
Denoo
Dent
Denzel
Depauw
Depelsemaeker
Deppe
Depping
Deprez
Depril
Depta
Depus
Deraeck
Derbogen
Derck
Dereymaker
Derie
Derouck
Desaeytyd
Deschampheleire
Deschepper
Deschka
Desmedt
Dessard
Detzer
Deubig
Deusinger
Deusser
Deuter
Deutscher
Deutz
Devel
Devereux
Devos
Dewever
Dewilde
Dexel
Dheer
Dhondt
Dhooghe
Diaz
Diblitz
Dick
Dickmann
Didi
Diebenbusch
Diedam
Diefenbach
Diefenthaler
Diehl
Diekert
Diekhaus
Diekmann
Dielmann
Diemann
Diemer
Diercks
Dierikx
Dierk
Dierkes
Dierking
Diessenbacher
Diessner
Diesterhoeft
Dieter
Dietl
Dietmann
Dietmayer
Dietrich
Dietz
Dietzsch
Dieux
Dilio
Dilk
Dill
Dillberger
Dillge
Dillmann
Dingelstadt
Dinino
Dinkel
Dinter
Dippel
Dippold
Dirks
Dirkwinkel
Dirmeyer
Dirr
Dirschedl
Dirscherl
Dirven
Dischinger
Disermann
Dissen
Distl
Distler
Ditges
Ditsch
Dittebrand
Ditterich
Dittfeld
Dittmann
Dittmeyer
Dittrich
Divora
Djelassi
Dobroschke
Dochow
Docum
Doelfel
Doelger
Doell
Doerbandt
Doerfler
Doering
Doerndorfer
Doerner
Doerr
Doerrer
Doersam
Doha
Dohle
Dohmen
Dohrs
Doll
Dommes
Donath
Donckel
Doncses
Donhauser
Donovan
Doorenbos
Dopjans
Dorenberg
Dorenkamp
Dorn
Dorok
Dorow
Dortschack
Dossner
Dotzauer
Dove
Downar
Drachenberg
Draeger
Drah
Dransfeld
Draude
Drauth
Drechsler
Drees
Dreger
Dreher
Dreier
Dreisser
Drenkard
Drescher
Dresen
Dressel
Dresselhaus
Dressendoerfer
Drewermann
Drews
Dreyer
Dreymann
Dreze
Driller
Drollmann
Droogendijk
Droop
Droste
Drozlik
Druckenbrod
Drummond
Drzewiecki
Dschmelter
Dube
Dubois
Duboutay
Duc
Duda
Duebell
Duechting
Duehr
Duellings
Duelme
Duenzl
Duerbeck
Dueren
Duermaier
Duerrbeck
Duerrmann
Duerschmidt
Duessel
Duesterhaus
Duesterhus
Duijts
Dulas
Dullmaier
Dumalin
Dumitrescu
Dummer
Dumps
Dungern
Dunse
Dunstheimer
Dupont
Durdel
Dure
Duregger
Durmaz
Duschl
Dutschko
Dux
Duyverman
Dvorak
Dworschak
Dyhringer
Dyx
Dziatkowiak
Dzieran
Dziobaka
Ebeling
Ebenhoch
Ebenhofer
Eberhard
Eberl
Eberle
Eberling
Ebersberger
Eberspaecher
Ebert
Eberth
Ebmeyer
Ebner
Ebnet
Ebraun
Eburne
Echan
Eckardt
Eckart
Eckel
Eckelt
Ecker
Eckernkemper
Eckers
Eckert
Eckhardt
Eckl
Eckmayer
Edel
Edelmann
Eder
Ederer
Eeraerts
Eerdt
Effenberger
Eggendorfer
Eggensberger
Egger
Eggerichs
Eggert
Egli
Ehegartner
Ehler
Ehlerding
Ehlers
Ehnbom
Ehni
Ehrengruber
Ehrensberger
Ehring
Ehringer
Ehrlich
Ehrlich-hermann
Ehses
Eiardt
Eibl
Eichblatt
Eichelsheimer
Eicher
Eichert
Eichhorn
Eichler
Eichner
Eickert
Eickmeier
Eidel
Eidt
Eilers
Eilhoff
Eimannsberger
Einert
Einfeldt
Einsle
Eisbach
Eisbacher
Eisele
Eisenacht
Eisenack
Eisenbach
Eisenhauer
Eisenhut
Eisenlohr
Eisenmann
Eisenreich
Eisner
Eitel
Eixner
Ekdahl
El-hadj-tahar
Elauer
Elefant
Elfers
Eliasson
Ellenbrand
Ellerkamp
Ellmer
Ellwanger
Elma
Eloujani
Elpel
Elsner
Elsperger
Elze
Emamalizadeh
Emmerich
Emmerink
Emonds
Empereur
Ende
Ender
Enderle
Enders
Endeward
Endler
Endlicher
Endrass
Endres
Enenkel
Engel
Engel-schmelzle
Engelen
Engelhard
Engelhardt
Engelke
Engelmann
Engels
Engemann
Engenhart
Engert
Engl
Engler
Englert
Engmann
Enners
Entner
Enzensberger
Eppinger
Erb
Erben
Erbersdopler
Erdenberger
Erdle
Erdmann
Erdoesi
Erdtmann
Erfurth
Erhardt
Erik
Erl
Erlewein
Erlinger
Ermert
Ermoneit
Erndt
Ernst
Ernsting
Erschens
Ertel
Ertelt
Ertl
Eschbach
Esche
Eschenfelder
Eschler
Eschreiber
Esfeld
Eska
Ess
Esser
Essich
Ester
Etlinger
Ettler
Etz
Etzl
Eufinger
Eusterholz
Everhardus
Evers
Eversmeyer
Ewegener
Ewers
Ewinger
Exler
Exner
Ey
Eyerer
Faass
Faber
Fabian
Fabinger
Fabre
Faessler
Faez
Faha
Fahey
Fahnenbruck
Fahning
Failer
Falk
Falkenhagen
Falkner
Faller
Faltenbacher
Faltl
Faltmann
Fandel
Fankhaenel
Fanslau
Fantou
Fanz
Farnschlaeger
Farquhar
Fasching
Fassbender
Fassnacht
Fauck
Faulhaber
Faust
Fauth
Favreau
Federl
Feeley
Feese
Fehlau
Fehlker
Fehlner
Feierlein
Feise
Feist
Fejcaruk
Felau
Feld
Feldbauer
Feldhahn
Feldmann
Feldmayer
Feldt
Felgenhauer
Felgner
Felkel
Fellbaum
Feller
Fels
Felsberg
Fendt
Fennen
Ferdinand
Fernandez
Ferrier
Fetzer
Feuchtinger
Feuerbacher
Feurich
Feussner
Fey
Fichtner
Fick
Fiebig
Fiedler
Fiege
Fielitz
Fienz
Fierley
Fieseler
Figge
Filbrich
Fildebrandt
Filmar
Filser
Fina
Finaut
Finch
Findorff
Finger
Fink
Finke
Finkele
Finkler
Finsterwalder
Fintel
Firch
Fischbach
Fischbacher
Fischer
Fischlein
Fissel
Fitz
Fitzgerald
Flachmann
Fladerer
Flashar
Flassig
Flaucher
Fleckenstein
Fleidl
Fleischer
Fleischhauer
Fleischmann
Fleitmann
Flemming
Fligg
Floeck
Floegel
Floesser
Floetzner
Flohr
Flore
Florian
Fluechter
Fochler
Fodor
Foeckeler
Foeglein
Foerst
Foerster
Foessinger
Fohrer
Foitor
Folger
Fonteyn
Foral
Forell
Forkel
Forker
Formann
Fornefeld
Forrest
Forster
Forstner
Fortpied
Fosse
Fox
Fraede
Fraenck
Frammelsberger
France
Franck
Franiek
Frank
Franke
Frantz
Franz
Franzbaecker
Franze
Fraschke
Frauenkron
Fraval
Freckmann
Frede
Frei
Freiberg
Freiberger
Freibert
Freidinger
Freier
Freischm
Freischmidt
Freise
Freisler
Freiss
Freitag
Freiwald
Frejek
Frenkenberger
Frenz
Frenzel
Freudenberg
Freudenschuss
Freund
Frewert
Frey
Freytag
Frick
Fricke
Frie
Friebl
Friederich
Friedl
Friedmann
Friedrich
Friedrichs
Friedriszik
Frieg
Friemelt
Fries
Frigge
Frimmel
Frintrop
Frischmuth
Fritsch
Fritsche
Frittgen
Fritz
Fritze
Fritzen
Fritzsch
Fritzsche
Froebe
Froeberg
Froehlich
Fromme
Frommel
Froschauer
Frost
Fruechtl
Frye
Frysch
Fuchs
Fuerbringer
Fuerst
Fuhrmann
Fuller
Fulsche
Funk
Funke
Furlmeier
Furmann
Furmanski
Furtner
Fuss
Fwitte
Gaber
Gabi
Gabriel
Gadletz
Gaentzsch
Gaertner
Gaffga
Gah
Gaida
Gaidosch
Gaidt
Gaigl
Gailer
Gaiser
Gajewski
Gall
Galler
Gallo
Galluhn
Galm
Gamboeck
Gammel
Gampe
Gamperl
Gandert
Gangei
Gangl
Gann
Ganser
Ganske
Gansser
Ganter
Ganzert
Garber
Garding
Garding-frank
Garg
Garin
Garlinska
Garnier
Garnitz
Garstka
Gau
Gaulard
Gaus
Gawantka
Gawehn
Gawlina
Gawron
Gazdacka
Gebauer
Gebele
Gebhard
Gebhardt
Geerhardt
Geerling
Geers
Gees
Gehrig
Gehring
Gehrke
Gehrken
Gehrmann
Geibig
Geigenberger
Geiger
Geigle
Geilert
Geisberger
Geiselhart
Geisert
Geisler
Geislinger
Geissert
Geissler
Geisslerm
Geistlinger
Geitner
Geldof
Gelin
Gell
Gellenbeck
Gellfart
Gemmel
Gemmert
Genc
Geneiss
Geng
Genseleiter
Gensemueller
Gentsch
Gentzmer
Georg
George
Georges
Georgi
Georgiades
Gerber
Gerbracht
Gerbrecht
Gerdes
Gerger
Gerhard
Gerhards
Gerhardt
Gerl
Gerlach
Gerlacher
Gerland
Germann
Gerner
Gerrits
Gerstel
Gerstenaecker
Gerstenberg
Gerstenhauer
Gerstmann
Gerstmeir
Gerstner
Gerte
Gerwin
Geske
Gessmann
Gessner
Geszler
Geuens
Geukens
Geuss
Geyer
Gholkar
Giang
Giar
Gibbons
Gibis
Giehr
Giel
Giemsa
Giencke
Gienger
Gier
Gierholz
Gierse
Gies
Giese
Gieseke
Giesselmann
Gietl
Gignez
Gilbane
Gilch
Gillis
Gimand
Ginther
Giorgioni
Giot
Gipperich
Gippert
Giraud
Girgnhuber
Girrbach
Gisse
Gith
Gkoklias
Glaas
Glas
Glaschick
Glaser
Glasow von
Glass
Glassmann
Glauss
Gleim
Globisch
Glock
Gloeckle
Gloeckler
Gloeckner
Gloede
Gloetzl
Gloss
Gloth
Gluch-veldenz
Glueber
Gmach
Gnahm
Gnettner
Goble
Gochet
Gockeln
Goddard
Goebel
Goecking
Goedecke
Goeggerle
Goehausen
Goehler
Goehlsdorf
Goehmann
Goehr
Goehring
Goeke
Goekint
Goeldner
Goelsdorf
Goelz
Goepel
Goepfert
Goeppner
Goergen
Goergens
Goering
Goerke
Goerling
Goerner
Goerts
Goessaert
Goessens
Goessl
Goessler
Goethel
Goetsch
Goettel
Goetterd
Goettert
Goettlicher
Goetz
Goetzendoerfer
Goetzfried
Goetzinger
Goetzkes
Gogolin
Golbach
Gold
Goldbach
Goldbacher
Goll
Golla
Golles
Gollhardt
Goltsche
Goltz
Golueke
Gomann
Gonda
Gonglach
Gonschorek
Goossens
Gorbasch
Gorkow
Gorny
Gorr
Goschler
Goscinski
Gossiaux
Gothier
Gottschalk
Gottschalkj
Gottwald
Gouliamanis
Govekar
Goyens
Graafsma
Grabinski
Grabl
Grabowski
Grabs
Graeber
Graeder
Graeter
Graetz
Graf
Gramitzki
Grammer
Gramms
Grams
Grandy
Grap
Grappasonno
Graser
Grasse
Grasser
Grassl
Grau
Grauer
Graulich
Graumann
Gray
Grbic
Grebe
Greber
Green
Greff
Gregoire
Gregorczyk
Greichgauer
Greif
Greifoner
Greim
Greipel
Greisle
Gress
Grewe
Grey
Griebsch
Griedl
Grieger
Grieneisen
Griesel
Griesshaber
Grigat
Grimm
Grimmer
Grischkat
Grittmann
Groebner
Groenberg
Groenig
Groening
Groetsch
Groetzner
Grognet
Groll
Grolman
Gromer
Gronert
Groppe
Gross
Gross-heller
Grosse
Grosse-vennekate
Grosser
Grosshauser
Grossmann
Grote
Groth
Grothaus
Grothe
Grouven
Gruber
Grubert
Gruby
Gruenaug
Gruener
Gruenewald
Gruenwald
Gruenzig
Grueter
Gruetter
Gruettner
Gruhle
Grund
Grundschoettel
Gruno
Grunwald
Gruttmann
Grzechowiak
Grzymutzki
Gscheidmeier
Gschultz
Gschwend
Gschwendtner
Guber
Gudat
Gudd
Gudelius
Gueldner
Guenter
Guenther
Guerster
Guertler
Guetersloh
Gueur
Guevenc
Guggumos
Guilleaume
Guinand
Gundelsheimer
Gunkel
Gunst
Guretzky
Gusek
Gussner
Gustke
Gutenberger
Gutermuth
Gutkaese
Gutknecht
Gutmann
Gutschow
Gutsmiedel
Guttenberger
Gutwirth
Gutzki
Guyonnet
Guyt
Gyarfas
Haag
Haak
Haan
Haarpaintner
Haas
Haase
Habbel
Habedank
Habel
Haberlander
Habermann
Habernig
Haberzettel
Hache
Hachenberger
Hachmeyer
Hack
Hackbart
Hackbarth
Hackl
Hadersbeck
Haebel
Haeberle-munz
Haeberle-riker
Haebich
Haefner
Haeger
Haegheman
Haehnel
Haemmelmann
Haenfler
Haensel
Haensse
Haentsch
Haerder
Haering
Haertl
Haese
Haesslein
Haeusler
Hafeneger
Haferburg
Hafner
Hagemann
Hagemannw
Hagemeier
Hagemeister
Hagen
Hagenauer
Hagenbrock
Hagenhoff
Hager
Haggenmueller
Hagn
Hahn
Hahne
Hahnke
Haibach
Haider
Haidinger
Hail
Hajdereck
Hake
Halacz
Halbeck
Halbritter
Halfen
Haller
Hallez
Hallstein
Halt
Halvorsen
Hamalainen
Hambalek
Hambeck
Hamberger
Hambrock
Hamburg
Hamm
Hammacher
Hammer
Hammerich
Hammerl
Hammermueller
Hammerstaedt
Hammerstein
Hamp
Hampe
Hampp
Hamster
Handfest
Handgraetinger
Handing
Handschuk
Hane
Hanisch
Hanke
Hankel
Hannappel
Hannawald
Hannesen
Hannig
Hannover
Hanrieder
Hans
Hanschmidt
Hansen
Hansen-baschwitz
Hanses
Hanslik
Hansmann
Hanssen
Happ
Harambasic
Harasta
Harbalik
Harde-meyer
Harder
Harders
Hardjosantoso
Hardt
Harish
Harke
Harkoetter
Harksen
Harlacher
Harlinghausen
Harmeier
Harms
Harok
Harp
Harri
Harroth-salewski
Hartel
Hartenthaler
Harth
Hartl
Hartlieb
Hartmaier
Hartmann
Hartung
Hartwig
Hartz
Haschaefers
Haschka
Hase-mueller
Haselhorst
Haseloff
Hasheider
Hashmi
Haslinger
Haspa
Hassa
Hasse
Hasselbach-schucar
Hasselmann
Hassenjuergen
Hatzel
Hatzfeld
Hauber
Haubert
Haubner
Haubold
Haubrock
Hauck
Hauer
Hauerwaas
Hauk
Haumann
Haun
Haunsperger-klauser
Haunstetter
Haupt
Haurand
Hausam
Hauschka
Hauser
Hausmann
Haussecker
Haustein
Hauter
Hautmann
Hauzenberger
Havel
Haven
Haviar
Havlicek
Hawes
Hayat
Hebebrand
Heber
Heberling
Hecht
Heck
Heckelsmueller
Heckl
Heckler
Heckmann
Hedtler
Heep
Hees van
Hefft
Hegel
Hegemann
Hegenbart
Heger
Hegers
Hegner
Hehemann
Hehl
Hehn
Heibrok
Heidbreder
Heide
Heidemann
Heidenreich
Heidinger
Heidorn
Heidrich
Heidt
Heier
Heiermeier
Heigl
Heil
Heilbrunner
Heiler
Heilingbrunner
Heilmeier
Heim
Heimann
Heimbach
Heimburg
Heimhardt
Heimpel
Hein
Heindel
Heindl
Heine
Heinen
Heinich
Heinig
Heining
Heinle
Heinold
Heinrich
Heinrichs
Heinsmann
Heinsonn
Heinss
Heinz
Heinze
Heinzelmann
Heinzelsberger
Heinzelsperger
Heinzler
Heiob-neumann
Heise
Heissler
Heitmann
Heitmayr
Heitz
Heizer
Hektor
Helbecque
Helbing
Helcl
Held
Heldmann
Helfer
Helfrich
Helinck
Heling
Helke
Hell
Hellbach
Hellebrand
Heller
Helligrath
Helling
Hellmann
Hellmer
Hellmich
Hellriegel
Hellstroem
Hellwig
Helmchen
Helmecke
Helmerich
Helpdesc
Helpdesk
Hemala
Hemkemeyer
Hemker
Hempel
Hempfer
Hendges
Hendler
Hendrickx
Hendriks
Heneka
Hengler
Hengstenberg
Henke
Henkel
Henkelmann
Henkler
Hennecken
Henneke
Hennekes
Henner
Hennies
Hennig
Henniges
Henning
Henny
Henrard
Henrotay
Henry
Hensel
Henstorf
Henzler
Hera
Herberich
Herbig
Herbst
Herbstreit
Hercksen
Herda
Herde
Herdejuergen
Herder
Herget
Hering
Herman
Hermann
Hermisch
Hernandez-y-coll
Herrgoss
Herrguth
Herrlitz
Herrmann
Herschel
Hertel
Hertenberger
Herth
Hertha
Herting
Hertlein
Hertneck
Hertz
Herwig
Herz
Herzog
Hesel
Hess
Hesse
Hesselmann
Hetmann
Hettler
Hettrich
Hetzel
Heubach
Heubeck
Heuer
Heufelder
Heuing
Heukamp
Heukst
Heuler
Heumann
Heuninckx
Heuser
Heusinger
Hexamer
Hey
Heydecke
Heyder
Heydolph
Heyer
Heymann
Heyne
Hfunk
Hieber
Hielscher
Hiereth
Hierl
Hierlmeier
Hiermayer
Hiersemann
Higson
Hilbrich
Hildebrandt
Hilgendorf
Hilger
Hiljanen
Hill
Hille
Hillebrand
Hillebrandt
Hilleke
Hillemann
Hillenbrand
Hiller
Hillgaertner
Hillinger
Hillmann
Hillmer
Hillrichs
Hilpisch
Hiltwein
Hilz
Himmel
Himmelmeier
Himmer
Hinkelmann
Hinman
Hinrichs
Hinsch
Hinsche
Hintz
Hintzen
Hinz
Hipke
Hippe
Hiris
Hirn
Hirner
Hirsch
Hirschberger
Hirschfeld
Hirschmann
Hirtreiter
Hirtz
Hirz
Hitzler
Hiu
Hiyuab
Hnienhuis
Hobauer
Hober
Hobusch
Hoch
Hochmuth
Hochreuther
Hocke
Hockerts
Hodes
Hoech
Hoechst
Hoeck
Hoecker
Hoefer
Hoefner
Hoeger
Hoegermann
Hoehenberger
Hoehl
Hoehne
Hoehnle
Hoek
Hoelscher
Hoelzl
Hoelzle
Hoelzner kunkel
Hoenes
Hoenig-koch
Hoenninger
Hoens
Hoepfner
Hoerl
Hoerler
Hoermandinger
Hoermann
Hoerndlinger
Hoeschen
Hoesen
Hoesl
Hoevener
Hoewelkroeger
Hoewelmann
Hofbauer
Hofelich
Hoffmann
Hoffmannr
Hoffmeister
Hoffschlag
Hofheinz
Hofman
Hofmann
Hofmeister
Hofner
Hofstiepel
Hogarty
Hogrefe
Hoh
Hohendorf
Hohentanner
Hohmann
Hohmeyer
Hohnheiser
Hokamp
Holaubek
Holbe
Holibka
Holl
Hollaender
Hollands
Holldorf
Hollederer
Hollendiek
Hollfelder
Holli
Holliday
Hollier
Hollmann
Holm
Holnsteiner
Holtermann
Holthaus
Holz
Holzbecher
Holzgartner
Holzinger
Holzmann
Holzner
Holzschuh
Holzwirth
Homann
Hombergs
Homering
Homma
Hommel
Hommer
Homoelle
Homuth
Hondl
Hondza
Hoogstraten
Hoose
Hopffer
Hopmeier
Hopp
Hoppe
Hopprich
Horacio
Horak
Horlacher
Horn
Hornbach
Hornek
Hornig
Hornkamp
Hornung
Horst
Horstmann
Horstmei
Hort
Hosbach
Hosemann
Hoser
Hosie
Hosterbach
Hotimitz
Houbrechts
Houlton
Houska
Houten
Houthuys
Howard
Howey
Hoyer
Hua
Hub
Hubaut
Hube
Huber
Huberl
Hubert
Hubig
Huck
Huebel
Huebener
Huebgen
Huebler
Huebner
Huebnerf
Huebsch
Huege
Huegl
Huelsberg
Huelsiggensen
Huelsmann
Huelsmeyer
Huenefeld
Huenemoerder
Huengerl
Huenniger
Hueser
Huettemann
Huettenrauch
Huettisch
Huevel
Hufnagel
Hug
Hugo
Hulm
Hultsch
Humblet
Hummel
Hummels
Humpke
Hundertmark
Hundrieser
Hundshammer
Hunold
Huntemann
Hunze
Hunzinger
Hupp
Huppert
Hurler
Hurter
Husemann
Husten
Huth
Huttegger
Hutzenthaler
Hvetter
Ibler
Idek
Iden
Ifel
Ifflaender
Igelhaut
Ihlow
Ihmels
Ikrafczyk
Ilg
Illner
Ilse
Ilsen
Imbery
Imesch
Imhof
Ince
Indra
Ingrassia
Ingvarsson
Integrata
Iorio
Irion
Irlesberger
Irmer
Irom
Isaksen
Isbruch
Ischen
Isele
Iseler
Isenberg
Isenburg
Isermann
Isern wegner
Ishan
Israel
Isselhorst
Ista
Izilz
Izykowski
Jabke
Jablonski
Jacke
Jackewitz
Jacob
Jacobey
Jacobi
Jacobs
Jacobsen
Jacumeit
Jadoul
Jaede
Jaeger
Jaehnel
Jaekle
Jaenel
Jaenicke
Jaenig
Jaensch
Jaentsch
Jaeschke
Jagdfeld
Jager
Jahn
Jahnke
Jakibczuk
Jakob
Jakober
Jakobi
Jakof
Jakusch
Jan
Janacik
Jancy
Janczik
Janda
Jani
Janich
Janik
Janka
Janke
Jansen
Janssen
Janssens
Jantsch
Jantschik
Janu
Janz
Jaschhof
Jaser
Jaskula
Jaspaert
Jauer
Jaufmann
Jefferies
Jeffrey
Jehle
Jekosch
Jelic
Jendrosch
Jendrtzok
Jenko
Jenni
Jens
Jensen
Jentsch
Jerdmann
Jerundow
Jeske
Jessulat
Jettler
Jezussek
Jilek
Jindrich
Jirka
Joachimsmeyer
Joas
Jobst
Jochim
Jodoin
Joehren
Joepen
Joerg
Joergens
Johann
Johannigmann
Johannis
Johansson
John
Johne
Jokesson
Jonas
Jones
Jooss
Joost
Jordan
Jos
Joseph
Josiger
Jost
Joster
Jschlenger
Juan
Juenger
Juengling
Juergens
Juergensen
Juergensmeier
Juergensmeierj
Juettner
Jugovac
Juhnke
Jula
Julie
Jung
Junge
Jungen
Jungenitz
Junger
Jungmaier
Jungmann
Jungwirth
Jurascheck
Juretzky
Jurica
Jurke
Jurksch
Just
Jutkuhn
Jutzi
Jux
Jwmueller
Kachel
Kacsoh
Kaczkowski
Kaden
Kaeding
Kaempchen
Kaempf
Kaenzig
Kaeser
Kaesmair
Kaesting
Kaestner
Kafitz
Kage
Kagermaier
Kagnes
Kahl
Kahlert
Kaibel
Kain
Kainz
Kaiser
Kaisser
Kaivers
Kakalis
Kalaber
Kalb
Kalicin
Kallenbach
Kaltenbach
Kaltenegger
Kaltenstadler
Kalthoefer
Kalthoff
Kalwa
Kalwar
Kamander
Kamerau
Kamerling
Kammeier
Kammer
Kammerer
Kammerl
Kammermeier
Kammhuber
Kamnitzer
Kamp
Kampe
Kampf
Kampmeier
Kamps
Kamsker
Kamuf
Kandziora
Kania
Kanis
Kanitz
Kannegiesser
Kannengiesser
Kanthack
Kanthak
Kapahnke
Kapfenberger
Kapfer
Kappacher
Kappen
Kappes
Kappius
Kaps
Karadensky
Karahasan
Karan
Karbach
Karbaum
Karcher
Karen
Karg
Karger
Karl
Karle
Karnath
Karpa
Karwath
Karwig
Kasal
Kaschner
Kaschta
Kaschubeck
Kaspareit
Kaspari
Kasper
Kasseckert
Kassel
Kast
Kasteleine
Kastenmueller
Kasum
Kattau
Kattenbusch
Kattner
Katzer
Kau
Kaudewitz
Kaufmann
Kaul
Kaulbars
Kaulvers
Kaustraeter
Kautetzky
Kayser
Kazda
Kazmeier
Kazubski
Kbader
Kbecker
Kebsch
Keener
Kees
Kehrein
Kehrer
Keil
Keilhauer
Keim
Keimeier
Keinert
Kejr
Keldenich
Keller
Kellermann
Kellner
Kelm
Kelter
Kemmerling
Kempa
Kempe
Kemper
Kempf
Kempkes
Kemter
Ken
Kendl
Kendzierski
Kentrat
Kepl
Kerber
Kergustant
Kerlfeld
Kern
Kerndl
Kernstock
Kerschbaum
Kerscher
Kerstan
Kersten
Kessler
Kesting
Kett
Kettler
Keuk
Keul
Keuper
Keuter
Kexel
Khan
Khayami
Khoewelkroeger
Kick
Kieckens
Kiefer
Kieferle
Kiefner
Kiehnlein
Kieliszek
Kielmann
Kienapfel
Kiene
Kieneke
Kiener
Kienle
Kienzle
Kieselmann
Kiesewetter
Kiesl
Kiessling
Kiew
Kiffmeier
Kihm
Kilian
Kimmel
Kimmig
Kindlein
Kindsmueller
King
Kinne
Kinzelmann
Kirchbichler
Kirchhoefer
Kirchmann
Kirchmayer
Kirchner
Kirmair
Kirner
Kirsch
Kirschberger
Kirschner
Kirschstein
Kirst
Kirsten
Kirz
Kisel
Kiskemper
Kissian
Kisslinger
Kist
Kisters
Kittel
Kittke
Kitzbichler
Kitzeder
Kitzing
Kjellbom
Kjong
Klaas
Klamert
Klankermeier
Klapdor
Klapka
Klare
Klass
Klassert
Klatt
Klauck
Klauk
Klaumann
Klaus
Klauser
Klaverkamp
Klawitter
Klawunn
Kleebinder
Klees
Kleffner
Klegraf
Kleiber
Klein
Kleina
Kleinadel
Kleine
Kleine-altekamp
Kleineberg
Kleineheismann
Kleinehellefort
Kleiner
Kleinheisterkamp
Kleinsch
Kleinschmidt
Kleinsorg
Kleinsorge
Kleinsteuber
Kleinwechter
Kleiser
Kleisny
Kleist
Klemann
Klement
Klementz
Klemm
Klemme
Klemz
Klenke
Klenner
Klepp
Kletzenbauer
Kleucker
Kley
Kliem
Kliesch
Klietz
Klima
Klimek
Kling
Klingbeil
Klingel
Klingelhoeffer
Klinger
Klinkl
Klix
Klocke
Kloeckner
Kloepfer
Kloers
Kloesch
Klohn
Klomser
Kloos
Klooster
Klopcic
Klopotek
Klos
Klose
Klostermann
Klotz
Kluding
Klueber
Kluender
Klueppelberg
Kluettgenau
Klug
Klug,annette
Kluge
Klunker
Klute
Kluthe
Kmueller
Knabe
Knacke
Knaepen
Knaepper
Knallinger
Knapp-lohmann
Knappe
Knauer
Knauerhase
Knauf
Knaup
Knauss
Kneba
Knebel
Kneiphoff
Kneitz
Knerr
Knieling
Knienhuis
Knieper
Knierim
Knies
Knigge
Knipping
Knisig
Knive
Kniza
Knobel
Knoblauch
Knobloch
Knoebel
Knoedlseder
Knoeringer
Knoernschild
Knoke
Knoll
Knoop
Knopp
Knowles
Knueppel
Kobierczinski
Koch
Kochk
Kochniss
Kochs
Kock
Kockler
Kockmann
Kocwin
Koechel
Koeckritz
Koeffer
Koehler
Koehnen
Koehnlein
Koehr
Koehrer
Koelbl
Koeller
Koelligan
Koelling
Koellner
Koelpien
Koelsch
Koenemann
Koenig
Koeniger
Koenzgen
Koepe
Koeppel
Koepplinger
Koepplreiter
Koerber
Koerger
Koerner
Koernig
Koerver
Koesling
Koester
Koetschau
Koha
Kohfeldt
Kohl
Kohler
Kohlhepp
Kohlmann
Kohlruss
Kohlschuetter
Kohn
Kohne
Kohnen
Kohorst
Kohrt
Kok
Kokesch
Kolan
Kolb
Kolbe
Kolber
Kolbus
Kollack
Kollar
Kollek
Koller
Kolloczek
Kollruss
Kolmhuber
Kolodziej
Kolsch
Konersmann
Konert
Koning
Konold
Kooke
Koong
Koos
Koper
Kopitsch
Kopp
Koppe
Koppisch
Koppitz
Koppold
Kopsch
Koralewicz
Koralewski
Korbelius
Korff
Korfmacher
Korger
Kormann
Kornapp
Kornmayer
Kornprobst
Korr
Korte
Kortekamp
Kosanke-schmidt
Koschel
Kosian
Koss
Kossek
Kossmann
Kossner
Kosubek
Kotalczyk
Kothmayer
Kotre
Kotschi
Kotte
Kottermaier
Kotulla
Kotzbauer
Kotzor
Kourkgy
Kourouklis
Kovacs
Kovse
Kowarschick
Kowitz
Kowollik
Kowski
Kox
Kozinski
Kozuch
Krack
Kracker
Kradel
Kradjel
Kraemer
Kraenzle
Kraetschmar
Kraeuter
Kraeutlein
Kraeutner
Krafczyk
Krafft
Kraft
Kraftcyzk
Krah
Kraienhorst
Krakau
Kral
Kramer
Kramkowski
Krane
Kranebitter
Kranert
Kranz
Kraski
Kratochwil
Kratz
Kratzer
Kraus
Krause
Krauser
Krauskopf
Krauss
Krauth
Krawczuk
Krawczyk
Krcek
Krebs
Kredewahn
Kreft
Kreger
Krehan
Kreher
Kreibich
Kreidina
Kreileder
Kreiner
Kreisel
Kreiser
Kreisl
Krekels
Krekow
Kremmer
Kremmin
Kremsier
Krenauer
Krenner
Krenz
Kretschmer
Kreuels
Kreuer
Kreuser
Kreutmayr
Kreutz
Kreuzburg
Krickel
Krieg
Kriegl
Kriener
Krijom
Kripahle
Krischat
Krisenmanagement hamburg
Krist
Kristensen
Kristoffersen
Krknjak
Kroeber
Kroeger
Kroeker
Kroemer
Krohn
Kroll
Kromat
Krone
Kroneberg
Kronenberg
Kroner
Kronewald
Kronmueller
Kropf
Kropp
Krosny
Krudop
Krueger
Krug
Krumb
Krumm
Krupp
Kruppa
Krups
Kruse
Kruth
Krypczyk
Krysa
Krzyw
Krzywanek
Ksionsek
Ku
Kube
Kubitsch
Kubosch
Kuca
Kuch
Kuchenbecker
Kuchenbuch
Kuebler
Kueffe
Kuehl
Kuehlbrandt
Kuehlewind
Kuehn
Kuehne
Kuehnel
Kuehnreich
Kuemmel
Kuemmeringer
Kuempel
Kuenkel
Kuenkler
Kuenne
Kuenstler
Kuenzel
Kuenzer
Kuerpick
Kuerschner
Kuester
Kuetterer
Kuever
Kugler
Kuhl
Kuhlmann
Kuhlmeier
Kuhn
Kuhnert
Kuht
Kuiter
Kujath
Kukla
Kulins
Kulitz
Kullak
Kulms
Kulp
Kumar
Kumpf
Kumsta
Kunde
Kunefke
Kunert
Kunte
Kuntke
Kuntscher
Kunz
Kunze
Kunzmann
Kupka
Kuppinger
Kurrle
Kurscheid
Kurth
Kurtz
Kurz
Kurzeja
Kuschel
Kuschicke
Kuss
Kuther
Kutp
Kutschke
Kutterer
Kuttner
Kuzuoglu
Kwasniok
Kwiatkowski
La rose
Laakmann
Laas
Labonte
Laboure
Labrie
Lachenmaier
Lackermeier
Lackinger
Lackner
Lacroix
Ladage
Lademann
Ladwig
Laenger
Laeremans
Lahme
Lajblich
Lallinger
Lamb
Lambeck
Lambers
Lamberty
Lambrecht
Lamest
Lammers
Lamml
Lampater
Lamprecht
Landeck
Landgraeber
Landherr
Landsbeck
Landschoof
Lanfermann
Lang
Lang-berens
Lange
Langenbach
Langenberg
Langendorf
Langenhorst
Langer
Langhammer
Langkafel
Langkau
Langkowski
Langm
Langner
Langohr
Langrock
Lankes
Lanser
Lantenhammer
Lanzerath
Lanzoni
Lappe
Lappler
Larbig
Larsen
Larson
Larssom
Larsson
Laser
Laskovski
Lasky
Last
Lastin
Latacz
Lategahn
Latka
Latoschinski
Lattre
Latz
Latzberg
Lau
Lau-schuemann
Lauber
Lauberj
Lauble
Laudenbach
Laudien
Lauer
Laufhuette
Laumann
Laupitz
Lausch
Lautenbacher
Lautenschlager
Lauterbach
Laux
Lavallee
Lawkl
Leba
Lebek
Leber
Lebock
Lechner
Lechte
Lechtenberg
Lecomte
Leder
Lederer
Ledersberger
Lee
Leen
Leenart
Leffrang
Lefmann
Lefranc
Legaz
Leger
Legrand
Lehmann
Lehmkuhl
Lehnen
Lehner
Lehnert
Lehr
Lehre
Leichtnam
Leidenfrost
Leidl
Leifels
Leigh
Lein
Leinberger
Leiner
Leineweber
Leinfelder
Leinroth
Leipold
Leis
Leischner
Leiske
Leist
Leitel
Leithaeuser
Leitmannstetter
Leiwes
Leiwesmeier
Lejeune
Lejman
Lekscha
Lelannic
Lellinger
Lellmann
Lembke
Lemcke
Lemense
Lemke
Lemken
Lemm
Lemmen
Lemonis
Lender
Lengler
Lengnick
Lenhardt
Lenk
Lenker
Lennarz
Lenoir
Lensch
Lensing
Lenski
Lentz
Lenz
Lenze
Leon
Leonard
Leonhard
Leonhardmair
Leonhardt
Lepinay
Leps
Lerch
Lerche
Lerner
Leroy
Lesch
Leskau
Leskovar
Leslie
Lesuisse
Lettau
Leu
Leuchtenmueller
Leusch
Leuter
Leweling
Lewin
Lex
Ley
Leyendecker
Lhoste
Libotte
Licht
Lichtblau
Lichte
Lichtenberg
Lichtenberger
Lichter
Lichtinger
Lie
Lieb
Liebchen
Liebetrau
Liebhaber
Lieckfeldt
Liedke
Liedtke
Liege
Liekmeier
Lienard
Lienau
Liepelt
Liepert
Liesegang
Liesen
Liessmann
Lietz
Lill
Lillelund
Lilleng
Lim
Limbach
Limpert
Lin
Linack
Linde
Lindeblatt
Lindemann
Lindenbaum
Lindermair
Lindermeir
Lindhauer
Lindhuber
Lindig
Lindl
Lindner
Lindqvist
Lindt
Lindtner
Lingelbach
Lingen
Link
Linke
Linnartz
Linne
Linnenbaum
Lino
Linotte
Linow
Lins
Linsbauer
Lint
Linzenkirchner
Lipke
Lipp
Lippe
Lippegaus
Lippelt
Lippert
Lischka
Liska
Lissner
Lisson
List
Litgemburgen
Littel
Litzinger
Litzki
Livens
Lneumann
Lobisch
Lobocki
Loch
Locherer
Lochten
Locke
Lockwood
Loddo
Loebbecke
Loebbecke von
Loebig
Loeblein
Loechner
Loecke
Loecken
Loeffelmann
Loeffler
Loehr
Loerscher
Loerwald
Loesch
Loesel
Loesl
Loew
Loewel
Loewen
Loewer
Loges
Loh
Lohfink
Lohkamp
Lohmaier
Lohmann
Lohmeier
Lohner
Lohnstein
Lohr
Lohse
Lohstroh
Loibl
Lokotsch
Lonski
Lontke
Lony
Loos
Loosen
Lorbach
Lorber
Lorenz
Loris
Lorisch
Lorkowski
Loskill
Loster
Loth
Lothmann
Lottritz
Lotz
Loyen
Lucas
Luchting
Luck
Luckas
Lucke
Ludes
Ludger
Ludl
Ludwig
Luebbehusen
Luebbers
Luebbing
Luebeck
Lueck
Luecke
Lueckel
Lueckerath
Lueckhoff
Luedenbach
Lueders
Luedke
Luedtke
Luehnen
Luehrmann
Lueke
Lueking
Luening
Luesgo
Luetfrink
Luethen
Luethje
Luetje
Luetkefend
Luetkehaus
Luetsch
Luft
Luh
Luik
Lukas
Luley
Lumbeck
Luplow
Lupper
Lurie
Lurz
Luther
Luttermann
Lutz
Lutze
Lux
Luxenburger
Lysk
Maag
Maags
Maak
Maas
Maass
Macek
Macher
Machiels
Machl
Machui
Mack
Macke
Mackh
Mackowiak
Mackwitz
Madden
Mader
Maderholz
Madlener
Maechler
Maegele
Maehling
Maelzer
Maescher
Maess
Maetens
Maex
Magel
Magerl
Mages
Magg
Magin
Magois
Mahic
Mahlstedt
Mahmood
Maier
Maik
Mainka
Mair
Maisel
Maiwald
Majchrzak
Majert
Major
Makkos
Makulik
Malchair
Malcher
Maldener
Malek
Malien
Maliglowka
Malimis
Malinka
Malinowski
Malisch
Mallmann
Malpaga
Malsy
Mamblona
Manandhar
Mandry
Manfred
Mangelinckx
Manhart
Manjou
Manke
Mann
Manneck
Mannel
Mannhardt
Manske
Mansson
Manteuffel
Manthey
Mantyk
Manzanilla
Manzel
Maquet
Marake
Marantu
Marb
Marburger
Marcelle
Marcolini
Marekwia
Marhold
Marin
Marinkovic
Mariola
Markert
Markgraf
Markner
Markreiter
Marksteiner
Markt
Markwald
Markwardt
Markworth
Marlier
Marquart
Marr
Marschalek
Marschall
Martens
Martin
Martini
Martinsen
Marx
Marxkors
Maryniak
Marzinowski
Maschewski
Maschtowski
Maserowski
Masiak
Masquelier
Masset
Mathea
Matheja
Mathieu
Matschke
Matschos
Matt
Mattenklott
Mattern
Matthaeus
Matthes
Matthies
Matthieu
Matuszak
Matzek
Matzinger
Matzka
Matzner
Mauer
Maull
Maurer
Maurus
Maus
Maushardt
Mauska
Mauws
Maw
Max
Maximilian
May
Mayer
Mayer-amm
Mayerhofer
Mayr
Mayridl
Mayser
Mckinney
Mcnally
Meck
Medicus
Meding
Meeder
Meerkamp
Meermeier
Megies
Mehling
Mehn
Mehner
Mehrlich
Meier
Meierj
Meierjuergen
Meierkord
Meignant
Meil
Meiler
Meilwes
Meimberg
Meinders
Meinel
Meiners
Meinhold
Meinold
Meis
Meisel
Meisner
Meissle
Meissner
Meitinger
Meitzler
Meivers
Meixner
Meklenburg
Melcher
Melchior
Meldau
Mell
Mellenthin
Mellman
Meln
Melneck
Melters
Melzer
Memmesheimer
Mende
Mengedoth
Menig
Menke
Menne
Mennewisch
Mensching
Mentz
Menzel
Menzemer
Menzler
Meo
Mercier
Merdan
Mergel
Mergener
Mergenthaler
Merk
Merkert
Merkl
Merkwitz
Merl
Merli
Merrill
Mersch
Merscher
Merschmeyer
Mertens
Mertes
Mertin
Mertz
Merz
Meschede
Mescheder
Meseck
Mess
Messaoud ben
Messmer
Mestdagh
Mester
Mestmacher
Mett
Mettner
Metz
Metzger
Mevissen
Mewes
Mex
Mey
Meyer
Meyer zu knonow
Meyeril
Meyvis
Mezger
Miazga
Michael
Michaelisj
Michalski
Michel
Michels
Michl
Michler
Micke
Mickschitz
Micus
Miebach
Miehle
Mielke
Miericke
Mies
Miesikowski
Mieskes
Miethaner
Mietzsch
Miggisch
Mihatsch
Mikel
Mikeska
Mikolajczak
Mikolon
Mikus
Milas
Mildenberger
Mileta
Militzer
Miller
Milsch
Miltz
Minet
Mink
Minkwitz
Minn
Miralles
Miranda
Mirasch
Mirmiran
Mirwald
Mischke
Misiewicz
Misra
Missoni
Mitera
Mitschke
Mitschker
Mittag
Mittelstaedt
Mitterer
Mittermaier
Mock
Mockenhaupt
Modler
Moe
Moebus
Moehler
Moehr
Moehring
Moeller
Moellers
Moench
Moenke
Moese
Mohazab
Mohr
Mohry
Moissl
Moje
Mojses
Mokosch
Moldenhauer
Molitor
Moller
Mollers
Molnar
Molsbeck
Molt
Mongas
Monheimius
Monnoyer
Monteverde
Montimurro
Moos
Mooser
Mooshammer
Morandell
Morass
Morath
Morbach
Moreira
Moret
Morgan
Morgen
Morgenbrod
Morgenstern
Morgott
Morin
Moritz
Morris
Morschhaeuser
Mortier
Morton
Morue
Moryson
Mosch
Moser
Mospe
Mossler
Mott
Motz
Mouton
Mrosek
Mrozek
Muck
Mucke
Muckenschnabl
Muegge
Mueglich
Muehe
Muehlbauer
Muehlbrandt
Muehlbrecht
Muehle
Muehlen
Muehlenjost
Muehlenkord
Muehlichen
Muehsam
Muelheims
Mueller
Muellerh
Muellner
Muench
Muenchenberger
Muenchhausen
Muenchrath
Muenster
Muenzberger
Muenzer
Mugrauer
Mulder
Mulherrin
Muliyanto
Mullender
Multhammer
Multner
Mundt
Munker
Munsch
Munschke
Munz
Murray
Muschler
Muschol
Musshoff
Mustin
Mutschke
Mwegener
Mwerner
Mylarch
Myraas
Myran
Nachtrub
Nacken
Nadler
Naedler
Nagel
Nagl
Nagler
Nahrath
Nahrgang
Nandke
Nanz
Napierski
Nappert
Nasko
Nass
Nassiri
Natolski
Naujokat
Naujoks
Naumann
Naundorf
Nawabi
Nazaruk
Neckritz
Nee
Neelshen
Neff
Nega
Nehls
Neidlinger
Neitsch
Neitzel
Nel
Nelle
Nelson
Nemec
Nentwig
Nepomutzky
Nerlich
Nern
Nervgast
Nesset
Nestmann
Nestorov
Netsch
Neubauer
Neuber
Neubert
Neubig
Neuburger
Neudecker
Neuer
Neufeld
Neufeldt
Neufingerl
Neugebauer
Neugeboren
Neuhaus
Neuhierl
Neuhuber
Neumaier
Neumann
Neumeier
Neumer
Neunfinger
Neunteufel
Neurath
Neymeyer
Nguyen
Nguyen-tien
Niceta
Nicholson
Nickel
Nicodemus
Nicolai
Nicolaus
Nicoletti
Nieberler
Niedermeier
Niederwald
Niemand
Niemeyer
Nieroba
Nies
Niesner
Niessen
Nietfeld
Niewiem
Niggemann
Niggemeier
Nigl
Nikele
Nikelowski
Niklas
Nikloes
Nikolaus
Nilles
Nilsp
Nilsson
Nippe
Nirschl
Nisius
Nitsch
Nitsche
Nitschke
Nitz
Noack
Nockmann
Noe
Noesel
Noesse
Noethel
Noll
Nolte
Nolting
Nolzen
Nonhoff
Nordheim
Norman
Nothdurft
Nowak
Nowicki
Nowosad
Noyens
Nuck
Nuebel
Nuetzel
Nunes
Nusch
Nussbaum
Nussbaumer
Nusselt
Nyderle
Nystroem
O'swald
Oberbauer
Oberheim
Oberle
Oberlies
Obermaier
Obermueller
Oberndorfer
Obernhuber
Oberpfalzer
Oberst
Oberstuke
Obier
Obs
Ochs
Ochsenreither
Ocler
Odenthal
Odonnell
Oebel
Oehl
Oehring
Oelkers
Oelmann
Oertel
Oest
Oesterheld
Oetken
Oettl
Oetzel
Oezal
Ofenmacher
Ohara
Ohler
Ohlhaut
Ohlsson
Ohmann
Ohnesorg
Ohrnberger
Ohst
Okesson
Olbert
Olboeter
Oldag
Oldorff
Oldrich
Olesch
Ollig
Ollinger
Olmscheid
Olschewski
Olson
Olympio
Onasch
Ondra
Onischke
Ooquery
Oord
Oostdijk
Oosterhuis
Oostore
Opitz
Opper
Opperskalski
Ordon
Orenic
Orlowski
Ort
Orth
Ortler
Ortloff
Ortmann
Ortner
Ortwein
Osebold
Osmers
Ossendoth
Osswald
Osterhold
Osterholz
Osterm
Ostermann
Ostermoor
Ostertag
Ostgathe
Osthoff
Ostrowski
Oswald
Othegraven
Otremba
Ott
Otte
Otten
Ottensmeier
Ottilige
Otto
Ottoy
Ouail
Oudenaarden
Ouroulis
Overath
Paas
Paasch
Paatsch
Pabst
Pach
Pacher-theinburg
Pachner
Pacholke
Paduch
Paetzold
Pagel
Pahl
Pahmeier
Paiska
Pakulat
Pakull
Pal singh
Paluch
Paluka
Pamme
Panda
Paninka
Panten
Panter
Papadopoulos
Papaioannou
Papatzikas
Pape
Papenkordt
Papesch
Pappa
Paredes
Pareigies
Parion
Parisis
Parker
Parlapani
Parol
Parragi
Parsiegla
Partickel
Paschke
Passvogel
Paterson
Pathe
Patti
Patzak
Patzelt
Patzke
Patzold
Pauels
Pauke
Paul
Paula
Pauleser
Pauli
Paulsen
Pauluebl
Paulus
Paulweber
Pauly
Paura
Pausch
Pauwels
Pavel
Pawek
Pawelczak
Pawlik
Pawlita
Pawlitzki
Paykowski
Pech
Peene
Peeters
Pego
Peikert
Peisl
Peitlschmidt
Peitz
Pelechaty
Pellet
Pelz
Penger
Penk
Penke
Penner
Penninckx
Pennings
Penz
Perini
Perkhammer
Perner
Perschke
Persigehl
Persson
Perstaller
Perthou
Pertl
Peruschitsch
Pesch
Peschel
Peschke
Pete
Peter
Peters
Petersen
Peterwerth
Petri
Petrick
Petrides
Petrillo
Petring
Petruschke
Petry
Pett
Petz
Petzold
Peuten
Pfadler
Pfaeffel
Pfaender
Pfaff
Pfaffe
Pfannholzer
Pfannkuche
Pfeffer
Pfefferle
Pfeifer
Pfeiffer
Pfeuffer
Pfister
Pfisterer
Pflaum
Pfleger
Pflug
Pfob
Pfotenhauer
Pfrenning
Phan
Phay
Phil
Philipp
Philippi
Philips
Pichler
Pichol
Pick
Pickarski
Pickl
Piecha
Piechotta
Piegsa
Pielenz
Piepenbrock
Piepenburg
Pieper
Piepho
Piepkorn
Pieritz
Piesch
Piescu
Pietersma
Pietsch
Pietscher-lueders
Pilger
Pilz
Pinkert
Pintus
Pinzer
Piotraschke
Piotrowski
Piper
Pippel
Piqueur
Pirker
Pirnack
Pirovano
Pirrung
Pirzer
Pischny
Pisczek
Pitschke
Pittelkow
Pitzer
Piwecki
Placht
Plank
Plass
Plassmann
Plaster
Plath
Platte
Plattfaut
Plattmann
Plattner
Platzer
Plawky
Plein
Pless
Plesske
Pletincx
Plewe
Pleyer
Plischke
Ploch
Plockross
Ploeckl
Ploegman
Plusczyk
Pneumann
Pochert
Podratzky
Poehler
Poehlmann
Poellen
Poellinger
Poelsterl
Poenicke
Poeppel
Poeschinger
Poeschl
Poetsch
Poguntke
Pohl
Pokrandt
Polajzer
Polet
Polis
Pollack
Pollak
Poller
Pollerspoeck
Pollet
Pollklaesener
Poloczek
Pols
Polster
Polte
Polz
Polzer
Poncelet
Pontius
Ponto
Popescu
Popken
Popp
Poppele
Porath
Porkiewicz
Porrmann
Porschke
Port
Porwol
Poschenrieder
Pospiech
Posselt
Post
Postler
Potdevin
Pott
Pottgiesser
Potthoff
Poulack
Poulios
Poulkas
Pourfarid
Powalla
Powroznik
Pozsicsanyi
Prael
Praetorius
Pralle
Prandl
Prange
Prasil
Prasser
Pratt
Precht
Prediger
Preis
Preiss
Preissinger
Prekop
Prell
Presche
Pretscher
Preudhomme
Preuss
Pribyl
Priergaard
Priester
Prigge
Prill
Prillwitz
Prinz
Pritzel
Pritzsche
Probst
Prochno
Proell
Proells
Prohaska
Prokel
Prokop
Proksch
Pronath
Prondzinski von
Proppe
Proren
Protz
Provoost
Provost
Prowald
Pruecklmaier
Pruefer
Pruemm
Pruessing
Pruskowski
Pruss
Przywarra
Pszolla
Puder
Puettner
Puetz
Puk
Pukl
Pullmann
Puls
Pulslsts
Pulst
Pulver
Purner
Purrmann
Pusch
Puschmann
Putfarken
Puttkamer
Puymann
Puzicha
Pyramid
Quadt
Quandt
Quauke
Quecke
Quick
Quilitzsch
Quinger
Quix
Raab
Raake
Raakemeyer
Raapke
Rabaioli
Rabe
Rabin
Rabsch
Rach
Rad
Raddatz
Rade
Radek
Radelet
Radine
Radlmaier
Radmacher
Raedger
Raedlein
Raffaele
Rahmann
Rahnfuehrer
Raicher
Rainer
Raiser
Raith
Raither
Rammig
Ramon
Ramrath
Ramsauer
Ramsch
Randel
Rangol
Rank
Rankers
Rankl
Ransmann
Rapp
Rarnot
Rasch
Rashmi
Rasmussen
Rasshofer
Rathbone
Rattay
Rattenbacher
Rau
Rauch
Raue
Rauh
Raum
Raupach
Rausch
Rauschenberger
Rauter
Rauwerdink
Rawe
Ray
Rebakowski
Reboll
Rech
Reck
Recke
Recker
Reckert
Recktenwald
Reddig
Redecker
Redinger
Reduhn
Reen
Reeps
Reese
Regehly
Regel
Reh
Rehan
Rehbach
Rehbaum
Rehermann
Rehm
Rehmann
Rehmet
Rehsoeft
Reich
Reichardt
Reichel
Reichenbach
Reichenberger
Reicherdt
Reichert
Reichl
Reichlmayr
Reichmann
Reidelbach
Reif
Reihs
Reim
Reimann
Reimanns
Reimers
Reinders
Reineke
Reinert
Reinhard
Reinhardt
Reinhold
Reinl
Reinsch
Reis
Reischl
Reiser
Reiss
Reissner
Reiter
Reith
Reithmayer
Reithmayr
Reitmeier
Reitz
Reitzel
Reker
Reketat
Relard
Remer
Remmel
Rempel
Renee
Renier
Renneke
Renner
Rennmayr
Rentschler
Repkes
Reppel
Rerb
Rerig
Reschke
Rese
Ressel
Resthe
Rethfeld
Rethmeier
Rettenmaier
Rettenmeier
Retzke
Retzmann
Reuhl
Reuss
Reuter
Reuter-sen
Reuther
Reutter
Reutzel
Rewitzer
Rex
Rexer
Reyle
Reynor
Rhode
Ribo
Ribourdouille
Richard
Richerzhagen
Richrath
Richter
Richtern
Rick
Ridder
Ridderbusch
Riebel
Riechers
Rieck
Riedel
Riediger
Riedl
Riedmiller
Riegel
Riegels
Rieger
Riegler-rittner
Riehle
Riek
Rieken
Riel
Riemann
Riepe
Riepl
Ries
Riewendt
Rifati
Rimkus dr.
Rimner
Rincewind
Rinck
Rindt
Ring
Ringeisen
Ringel
Ringler
Rink
Rinke
Rinn
Rinnberger
Rinske
Ripperger
Risse
Rist
Risthaus
Ritschel
Ritter
Rittinger
Ritz
Ritzer
Ritzerfeld
Rivet
Rob
Robel
Roberg
Robert
Roberts
Roch
Rochow
Rockenbauch
Rockinger
Rode
Rodenkirchen
Roder
Rodriges
Rodriguez
Roebke
Roeblitz
Roecher
Roed
Roeder
Roedig
Roedl
Roegner
Roehlich
Roehner
Roehr
Roelandts
Roemer
Roenisch
Roeper
Roepert
Roesch
Roesgen
Roessler
Roessner
Roettenbacher
Roetzel
Roevekamp
Rogala
Rogers
Rogge
Rogger
Rogiers
Roglitzki
Rohde
Rohland
Rohleder
Rohlfs
Rohling
Rohloff
Rohmann
Rohn
Rohne
Rohner
Rohrbach
Rohrboeck
Rohrer
Rohrhirsch
Rohrmair
Rohrsdorfer
Rohrweber
Roith
Roland
Roleff
Roloff
Romaen
Romagno
Romann
Romano
Romberg
Romppel
Ronchetti
Roob
Roofthooft
Roolfing
Rooney
Roos
Roosen
Roschewski
Rose
Rosenauer
Rosenbach
Rosenberger
Rosenkranz
Rosewig
Rosmane
Rosmeisl
Rosner
Rossi
Rosskopf
Rossricker
Rost
Rosta
Rostowitz
Roth
Rothe
Rothenberger
Rother
Rothermel
Rothhaupt
Rothneiger
Rothoerl
Roths
Rottensteiner
Rottleb
Rottmann
Rowe
Roze
Rrichter
Ruault
Rubens
Rubesch
Rucha
Ruck
Rudack
Rudek
Rudloff
Rudolf
Rudolf-von-rohr
Rudolph
Ruebke
Ruebsam
Rueckert
Rueden
Ruediger
Rueger
Ruehrnoessl
Ruell
Rueping
Rueppel
Ruerup-aldenhof
Ruesch
Rueschhoff
Ruester
Ruether
Ruetten
Ruetzel
Ruf
Ruff
Ruffing
Rufflar
Ruge
Rugge
Ruh
Ruhm
Ruhtz
Ruigies
Ruile
Rujanski
Rulff
Rumpel
Rumpelhardt
Rumszauer
Runge
Rupietta
Rupp
Ruppenthal
Ruppert
Rupprecht
Rusch
Rush
Rust
Rustemeier
Rustemeyer
Rutyna
Rwagner
Rweiss
Ryan
Saager
Saatkamp
Sabais
Sablotny
Saborowski
Saboundjian
Sacharin
Sacher
Sachmann
Sachs
Sachse
Sachsenhauser
Sachtleben
Sachunsky
Sadler
Saenger
Saerchinger
Sager
Sagolla
Sahl
Saile
Sailer
Sakthi
Salagnac
Salamano
Salcher
Salembier
Salmen
Salokannel
Salz
Salzer
Salzmann
Sammon
Samson
Samuel
Samyn
Sandbothe
Sander
Sandheinrich
Sandmann
Sandmeier
Sandner
Sandor
Sannier
Sannig
Sanow
Sansal
Santel
Sarauer
Sarbandi
Sarlet
Sarlin
Sartorius
Sasinska
Sass
Sass-madsen
Sassalla
Sasse
Sassen
Sattler
Satzinger
Sauer
Sauerwald
Sauerwein
Sausenthaler
Sauter
Sauthoff
Savory
Sawatzki
Sboron
Schaaf
Schaal
Schaap
Schaarschmidt
Schabacker
Schabl
Schablhofer
Schacher
Schachteli
Schade
Schadt
Schaeble
Schaedlich
Schaefer
Schaefers
Schaeffer
Schaeffler
Schaeffner
Schaefle
Schael
Schaetz
Schaffer
Schaffner
Schaflitzl
Schafmeister
Schafranski
Schalk
Schalke
Schallameier
Schaller
Schanzenbach
Scharbert
Scharding
Scharf
Scharfenberg
Scharff
Scharffenberg
Scharmann
Scharnagl
Schatz
Schaub
Schauer
Schauerte
Schaupp
Schaur
Schauss
Schechinger
Schedel
Scheer
Scheerer
Scheffle
Scheffler
Schefuss
Scheibe
Scheibenzuber
Scheidl
Scheidler
Scheidlin
Scheikert
Scheiner
Scheithauer
Schelb
Schelhorn
Schell
Schellen
Schellenberg
Scheller
Schellschmidt
Schelosky
Schelshorn
Schelzig
Schenk
Schenke
Schenkel
Schenker
Schenkp
Schenscher
Schepanski
Scheppach
Scherb
Scherer
Scherff
Scherm
Scherner
Scherpenstein
Schertel
Scherz
Scherzl
Scheuing
Scheurer
Schibli
Schicht
Schiechtele
Schieferdecker
Schiegl
Schiejok
Schiel
Schiele
Schienke
Schier
Schiess
Schiessl
Schiessler
Schilbach
Schilcher
Schild
Schilder
Schildmann
Schiller
Schilling
Schimak
Schimpff
Schindlbeck
Schindler
Schinke
Schinner
Schipke
Schippers
Schippke
Schirilla
Schirmer
Schiroky
Schitthof
Schker
Schlabach
Schlabschi
Schlag
Schlager
Schlagkamp
Schlapp
Schlarmann
Schlecht
Schlechtriem
Schleehauf
Schlegel
Schleich
Schleicher
Schleifer
Schleipfer
Schlender
Schlenger
Schlenhard
Schlenk
Schlenker
Schlenz
Schlenzig
Schlesinger
Schleussner
Schlichting
Schlieffen
Schlingensief
Schlingmann
Schlip
Schlipkoether
Schlitt
Schloder
Schloemer
Schloesser
Schloessert
Schlosser
Schluessler
Schlueter
Schlusemann
Schlutius
Schmahl
Schmalbach
Schmale
Schmalix
Schmalzl
Schmeisser
Schmeling
Schmelter
Schmelz
Schmerber
Schmerkotte
Schmettow
Schmid
Schmidbauer
Schmidberger
Schmidl
Schmidmeir
Schmido
Schmidt
Schmidtc
Schmidtgen
Schmidtke
Schmidtkunz
Schmidtlein
Schmied
Schmiedel
Schmieg
Schmierer
Schminke
Schmithals
Schmitt
Schmitz
Schmode
Schmoll
Schmolz
Schmucker
Schmuda
Schnakenberg
Schnall
Schnaubelt
Schneeberger
Schneegans
Schneid
Schneider
Schnekenburger
Schnell
Schnelle
Schnellinger
Schnettler
Schnez
Schnier
Schnietz
Schnitzmeier
Schnizer
Schnuell
Schnug
Schobert
Schoch
Schochmann
Schoebel
Schoeckel
Schoefer
Schoeffel
Schoeffler
Schoen
Schoene
Schoeneberg
Schoeneberger
Schoenefeld
Schoenfe
Schoenfeld
Schoenfelder
Schoenhof
Schoeninger
Schoenung
Schoepf
Schoepflin
Schoeppl
Schoeps
Schoerr
Schoesser
Schoetz
Scholand
Scholing
Scholl
Scholz
Schomaker
Schomer
Schommer
Schopp
Schoppe
Schoppel
Schopper
Schorer
Schorpp
Schossier
Schott
Schotten
Schouterden
Schrader
Schraeder
Schrag
Schraid
Schramm
Schrank
Schrantz
Schraut
Schrebb
Schregle
Schreiber
Schreier
Schreiner
Schrem
Schremmer
Schrenk
Schrepf
Schrey
Schreyer
Schrills
Schrodt
Schroedel
Schroeder
Schroeer
Schroers
Schroeter
Schroetle
Schrohe
Schropp
Schrupp
Schubert
Schueler
Schuemann
Schuenemann
Schuerba
Schuerken
Schuessler
Schuett
Schuette
Schuetz
Schuetze
Schuetzhold
Schuhbauer
Schuhmacher
Schuhmann
Schuld
Schuldt
Schulenberg
Schuler
Schuller
Schulmeister
Schulmeyer
Schulte
Schultebeyring
Schultheiss
Schultz
Schultze
Schulz
Schulze
Schulzj
Schumacher
Schumann
Schunk
Schuntermann
Schurz
Schuss
Schuster
Schutz
Schw
Schwab
Schwabach
Schwabe
Schwade
Schwaermer
Schwager
Schwaiger
Schwaldt
Schwan
Schwander
Schwandner
Schwandt
Schwaninger
Schwanke
Schwanz
Schwanzer
Schwark
Schwartz
Schwarz
Schwarzbauer
Schwarze
Schwarzer
Schwarzkopf
Schwarzl
Schwarzmann
Schwebel
Schwedhelm
Schweiger
Schweigert
Schweikl
Schweitzer
Schweizer
Schwemmer
Schwenke
Schwer
Schwerdt
Schwerdtel
Schwerin
Schwert
Schwertfeger
Schwetz
Schwickardi
Schwickert
Schwier
Schwierk
Schwiete
Schwilling
Schwirz
Schwithal-grimm
Schwittay
Schwitzer
Schwitzgoebel
Schygulla
Schymanski
Sczepanski
Seager-smith
Sedlacek
Sedlmayr
Seebach
Seebauer
Seefeldt
Seegatz
Seegers
Seel
Seelemeyer
Seelig
Seemann
Seevers
Seffer
Segers
Segesser
Segin
Segitz
Segl
Seher
Sehorz
Seib
Seibel
Seibert
Seibt
Seick
Seidel
Seidelde
Seidelmann
Seidenschwang
Seidl
Seifert
Seilmeier
Seime
Seinhorst
Seipel
Seitel
Seitz
Selcho
Seliger
Sellerberg
Sellmair
Selmeier
Selz
Semler
Semmler
Semrau
Senger
Sengl
Senn
Sennes
Senser
Sepp
Sergeant
Seringhaus
Serr
Serv
Servo
Sessler
Setzer
Seume
Sevecke
Sewald
Sewez
Seybold
Seye
Seyer
Seyfang
Sib
Sideris
Sidl
Siebahn
Siebald
Sieben
Siebenhuetter
Sieber
Siebert
Siebertz
Sieg
Siegert
Siegl
Siegle
Siegmund
Sieh
Siekmann
Siekmeier
Sieling
Siemann
Siemens
Siemer
Sievert
Sieweke
Sigges
Sikorski
Silberbach
Silbermann
Siller
Simacher
Simang
Simbeck
Simbuerger
Simmerling
Simmons
Simnacher
Simon
Simoneit
Simonek
Simons
Simonson
Sina
Singer
Single
Sinn
Sinowetz
Sinzger
Sirapandji
Sischmitz
Sistemich
Sitte
Six
Sixt
Skarupke
Skolaut
Skorna
Skrippek
Skudera
Skwark
Slaatten
Slageren
Slany-dostal
Slotta
Slotty
Slotwinsky
Smerzinksi
Smit
Smith
Smoeller
Smuda
Snaet
Sniady
Sobhan
Sockel
Soeder
Soehn
Soehner
Soehngen
Sofka
Soheli
Sohrmann
Soll
Soltow
Solymar
Somers
Sommer
Sommerfeld
Sondermann
Song
Songut
Sonnemann
Sonner
Sonneville
Sonntag
Soon
Soos
Soraruf
Soucek
Sounble
Sowa
Spaar
Spacek
Spada
Spaderna
Spaeter
Spaeth
Spahl
Spahr
Spandel
Spang
Spangler
Spanjaart
Spanke
Spanner
Spatz
Speckmann
Speer
Spengler
Spenke
Sperber
Sperger
Sperk
Sperl
Sperling
Sperner
Spichala
Spiegel
Spiegelhalder
Spiegl
Spieker
Spiessl
Spill
Spillebeen
Spiller
Spillmann
Spindler
Spinnenhirn
Spinner
Spinnoy
Spischak
Spitz
Spitzer
Spitzlei
Spoor
Sprauer
Sprengel
Sprenger
Spreter
Springer
Sprink
Sprockhoff
Sprunck
Sprung
Staab
Staas
Staben
Stachel
Stadelmaier
Stadelmann
Stadelmeyer
Stadler
Stadlthanner
Stadtherr
Staeblein
Staehler
Staelens
Staerk
Stahl
Stahlhut
Stahnke
Stallmann
Stammer
Stanislawski
Stankewitz
Stankowiak
Starck
Stark
Starkmann
Starp
Starz
Staub
Staubach
Staudemeyer
Staudt
Stawarz
Stawitzki
Stecher
Steege
Steegmanns
Steemans
Steene
Stefaniuk
Steffel
Steffens
Steffensky
Steffi
Stege
Steger
Stegmann
Stegschuster
Steichele
Steiden von
Steidl
Steidle
Steier
Stein
Steinach
Steinacher
Steinbauer
Steinberg
Steinegger
Steiner
Steinert
Steinhagen
Steinhart
Steinhauer
Steinhaus
Steinhoff
Steiniger
Steininger
Steinke
Steinkohl
Steinkopf
Steinkuhle
Steinle
Steinleger
Steinlein
Steinleitner
Steinmetz
Steinruecken
Steinschmidt
Steinseifer
Steinwehr
Stellmann
Stelte
Stelzer
Stemmer
Stenbom
Stender
Stengel
Stenger
Stensch
Stenzel
Stepan
Stephan
Sterk
Sternbeck
Sternberg
Sterner
Stetter
Steudel
Steuer
Steurer
Steven
Stevens
Stich
Stichternath
Stiebahl
Stieber
Stiebitz
Stief
Stiefel
Stiegelmair
Stienen
Stiening
Stiens
Stiffel
Stifter
Stiller
Stimpel
Stobbe
Stock
Stocker
Stocksmeier
Stoeckelhuber
Stoecker
Stoeckl
Stoeckle
Stoeger
Stoermer
Stoerung
Stoessel
Stoettner
Stoffel
Stofmeel
Stokinger
Stoll
Stolz
Stopf
Stopinski
Stopkaz
Stoppert
Stopua
Storm
Storz
Stoschek
Stowasser
Stozir
Strack
Stracke
Straessle
Stransky
Strasser
Strassinger
Strassmann
Strassmeir
Strate
Stratmann
Stratner
Straub
Strauch
Strauss
Streb
Strebe
Streble
Strecker
Strehl
Streib
Streit
Streitenberger
Streiter
Strelau
Stremel
Stricks
Striepen
Striffler
Strigl
Strixner
Strobel
Strobl
Strobusch
Stroehmann
Stroehmeier
Stroemsdoerfer
Stroesser
Stroethoff
Strohmaier
Strohmeier
Stroiczek
Stromberg
Stroppe
Strotmann
Strube
Struck
Struebe
Strueber
Struewer
Struhalla
Strukmeier
Strunck
Strys
Strzibny
Stubenrauch
Stubtoft
Student
Stueber
Stuedemann
Stuemke
Stuenkel
Stuerzebecher
Stuetzle
Stuewe
Stuffrein
Stuhlmiller
Stumpe
Stumpf
Sturm
Subahri
Subasi
Suchanek
Sucher
Sucic
Suck
Sudhoff
Sueltrop
Suendermann
Suepplein
Suesens
Suess
Suessbauer
Suessmair
Suettenbach
Suetterlin
Suezen
Suiter
Suki
Sulimma
Suling
Sulzenbacher
Summerauer
Sunderland
Sundt
Sunnus
Supthut
Suske
Susott
Sutherland
Svein
Sverak
Svoboda
Swahl
Swalens
Swart
Swat
Swist
Switte
Swonke
Szabo
Szakacs
Szaloky
Szameit
Szende
Szentner
Szesni
Szkudlapski
Szonn
Szwoch
Szypulski
Tacke
Taechl
Taeumer
Taffe
Tagwerker
Tailly
Talbot
Tamaschke
Tan
Tanfin
Tang
Tank
Tann
Tans
Tanth
Tappe
Taron
Taroy
Taschner
Tass
Taube
Taubenberger
Taubern
Taupitz
Tausend
Taute
Taveirne
Tawab
Tay
Tbrandt
Tbuss
Teberikler
Teerenstra
Teetzen
Tegel
Tegelkamp
Tegethoff
Teiber
Teich
Teichmann
Teiting
Tempus
Tenberg
Tendler
Tengler
Teo
Ter hennepe
Terek
Ternes
Tesauro
Teschner
Teslinski
Tettenborn
Tetz
Teupe
Teutenberg
Teutsch
Tezcan
Thaeter
Thal
Thaler
Thalmann
Thalmayr
Thao
Thau
Theberath
Theiner
Theissen
Thelaner
Thelen
Thenhaus
Theobalt
Thermann
Therstappen
Theunis
Theys
Thiedemann
Thiel
Thiele
Thieleke
Thielen
Thielmann
Thienel
Thierbach
Thierenbach
Thies
Thieser
Thiess
Thijs
Thimmel
Thoel
Thoelke
Thoene
Thom
Thoma
Thomaes
Thomaidis
Thomalla
Thomas
Thompson
Thomsen
Thon
Thonig
Thorandt
Thorma
Thorpe
Thorwarth
Thuesen
Thum
Thunich
Thurner
Thurow
Thurz
Tiedemann
Tiedt
Tien
Tietje
Tietz
Tigges
Tikku
Tiller
Tillmann
Tilly
Timm
Timmerberg
Timmermans
Tinapp
Tippmann
Tischler
Tittel
Tittelbach
Titz
Tobias
Tobies
Tobis
Toelle
Toennes
Toensmann
Toepel
Toepfer
Toepper
Tofall
Toivonen
Tolba
Tolle
Tom
Tombros
Tomfeah
Tomic
Tomica
Tomm
Tondolo
Tonelli
Topp
Torrisi
Torun
Tost
Toth
Totuan
Totzauer
Touche
Touet
Tourret
Trabert
Trabitzsch
Trachternach
Tracy
Traeger
Traenkner
Trageser
Tran
Tranow
Trantan
Trapp
Traube
Trautner
Trautwein
Traxinger
Treeck
Treffler
Treiber
Treimer
Trentesaux
Treptau
Tretau
Tretrop
Trettin
Treubert
Treutler
Tribess
Tricca
Tricht
Tricoci
Trieb
Trieflinger
Triffo
Trinks
Tripp
Trippe
Trippmacher
Trischberger
Trischmann
Tritschler
Trividic
Trivino
Trochim
Troeger
Troester
Trossaert
Trost
Trotzki
Trunkel
Truyens
Tsakuginow
Tschanett
Tschentschel
Tschernik
Tschiedel
Tsiklani
Tthomas
Tuellmann
Tuenker
Tuernau
Tuescher
Tuffentsammer
Turi
Turner
Turnwald
Turrini
Turza
Tusch
Tuszik
Tutschke
Tuttas
Tutumlu
Twelker
Twiehaus
Ubbink
Uckelmann
Ucko
Uckrow
Uden
Ueberschaer
Uelschen
Ufer
Ufermann
Uffrecht
Uhe
Uhl
Uhlmann
Ujith
Ujlaki
Ukosmol
Ulbrich
Uli
Ullmann
Ullrich
Ullrichj
Ulmer
Ulrich
Ummler
Unger
Ungerecht
Ungerer
Unkelbach
Unrecht
Unruh
Unruhe
Unterstein
Upmann
Urban
Urbanski
Urenneke
Url
Urrigshardt
Ursula
Vahedi
Vahldieck
Vahle
Valencak
Valentin
Vallario
Valley
Valton
Van gelderen
Vanasch
Vanassche
Vanaudenhaege
Vanbastelaere
Vanbever
Vanbonte
Vanbossuyt
Vanboxel
Vanbrabant
Vanceunebroeck
Vancutsem
Vandekerckhove
Vandelsen
Vandenberge
Vandenberghe
Vandenbogaert
Vandenbosch
Vandenbroeck
Vandendries
Vandeneynde
Vandenven
Vandenwinckel
Vandenzegel
Vandeplas
Vandepontseele
Vander
Vanderbeck
Vanderbeke
Vandercammen
Vandereecken
Vanderhulst
Vanderlinden
Vandersarren
Vanderstockt
Vandewalle
Vandriessche
Vanespen
Vanfelten
Vanhaeren
Vanhamme
Vanhoey
Vanhoven
Vanimpe
Vanlondersele
Vanmunster
Vannedervelde
Vannerom
Vannieuwenhove
Vanparys
Vanpoucke
Vanpraet
Vanroy
Vanscheidt
Vanslambrouck
Vantongelen
Vanvolsem
Vanwayenbergh
Vanwelden
Vanwemmel
Van_schalkwyk
Varlot
Varnbueler
Vauken
Vdbogaert
Vecchione-unger
Vecera
Vedder
Veiel
Veigel
Veit
Veitschegger
Veldkamp
Veltens
Veneklaas
Venn
Venus
Verborg
Verdonck
Verfuerth
Verhaegen
Verhaeghe
Verhasselt
Verheven
Verheyen
Verhoef
Verhoeven
Verhulst
Verkist
Vermeire
Vermeulen
Vern
Verplaetse
Verstege
Vesper
Vetter
Vetterle
Vicari
Victor
Viechter
Viefhaus
Viehhauser
Viehoff
Viellechner
Viereck
Vierke
Vierl
Vierthaler
Vignon
Vigoureux
Vijverman
Villauer
Vincent
Vinke
Virey
Visdal
Visser
Vklbsekr
Vlatten
Vlerick
Vock
Vodrup
Voegtle
Voelk
Voelkel
Voelker
Voelzing
Vogel
Vogl
Vogt
Vohrer
Voigt
Voigtlaender
Vojtek
Vokuhl
Volger
Volk
Volke
Volkhausen
Volland
Vollborth
Vollmeier
Vollmer
Vollmersmeyer
Vollweiler
Volmari
Volpe
Volz
Vonbesser
Vonderheide
Vonreeken
Vorbach
Vorbeck
Vorhauser
Vormelcher
Vorsamer
Vorsmann
Vortmann
Vorvmann
Vos
Voss
Voss-schelling
Vossen
Voth
Votsmeier
Voutsas
Voydock
Vrancken
Vyncke
Wachinger
Wachsmuth
Wachtel
Wachter
Wachter von
Wack
Wacker
Wadle
Waechter
Waecker
Waeldl
Waerthl
Waetjen
Wagenbauer
Wagener
Wagenlechner
Wager
Wagler
Wagner
Wagner-geh
Wahl
Wahle
Wahler
Wahnschaffe
Waibel
Waitz
Waizy
Walbaum
Walbert
Walch
Walcher
Wald
Walden
Walder
Waldeyer
Waldmann
Waldmannstetter
Waldschuetz
Waldvogel
Waldvogt
Walesch
Walesch-haberland
Walesch-hoberland
Walk
Walla
Wallbaum
Wallem
Wallemann
Wallenfels
Waller
Wallisch-prinz
Wallner
Walter
Walther
Walton
Walzel
Wand
Wander
Wandinger
Wang
Wange
Wanger
Wankmueller
Wannenmacher
Wanzke
Wappler
Warkus
Warlies
Warstat
Wartenpfuhl
Wartig
Washak
Wasmund
Wasner
Wassenaar
Wassermann
Wassmann
Wassmer
Wassmuth
Wattenberg
Watzel
Watzinger
Waugh
Wawoczny
Wayne
Weber
Weber-hobeth
Wechselmann
Wecker
Weckopp
Wedepohl
Weduwen
Weege
Weeger
Wegele
Wegener
Wegner
Weh
Wehling
Wehner
Wehr
Wehren
Wehrle
Weichart
Weichelt
Weichental
Weichert
Weicker
Weidacher
Weidemann
Weiderer
Weidinger
Weidle
Weidlich
Weidner
Weierst
Weigel
Weigelt
Weigerstorfer
Weigertstorfer
Weigl
Weigold
Weiher
Weihmayr
Weiler
Weimann
Weimar
Weimer
Wein
Weinbir
Weiner
Weinhardt
Weinitz
Weinreich
Weinriefer
Weippert
Weirich
Weis
Weisbach
Weisbrodt
Weisemann
Weiser
Weishaupt
Weiss
Weissbach
Weissbrich
Weissenhorn
Weissmann
Weissofner
Weitz
Welbers
Welbrink
Welch
Welkener
Welling
Wellmann
Wells
Welp
Wels
Welsch
Welsing
Welsinga
Welters
Weltrich
Wendel
Wendemuth
Wenderoth
Wendler
Wendling
Wendt
Weng-beckmann
Wengenmayer
Wengenroth
Wenger
Wenig
Weniger
Wennrich
Wenschinek
Wentker
Wentsch
Wenz
Wenzelides
Weper
Werhand
Werk
Wermelskirchen
Werndl
Werneke
Werner
Werni
Werning
Wernke
Wernsdoerfer
Werzner
Wesche
Weschta
Weselow
Wesemann
Weser
Weskamm
Wessel
Wessely
Wester
Westergaard
Westerhoff
Westermann
Westermeier
Westfechtel
Westpfahl
Westphal
Wettengel
Wetter
Wetterauer
Wetzel
Wetzig
Weuthen
Wewe
Weyand
Weyer
Weyn
Weyrauch
White
Wiblishauser
Wichert
Wichmann
Wickles
Wiczonke
Widdau
Widdecke
Widlewski
Widmann
Widmer
Wiebelitz
Wiechers
Wieczorek
Wiedemann
Wiedemeier
Wieder
Wiederhold
Wiedholz
Wiedl
Wiedmann
Wiefarn
Wiegand
Wiegmann
Wiehle
Wiehler
Wiekert
Wieland
Wielandt
Wiemann
Wiemers
Wiemeyer
Wienecke
Wienerroither
Wieners
Wienhusen
Wiens
Wierig
Wiersig
Wierzbinka
Wiese
Wiesel
Wieseler
Wieser
Wiesing
Wiesinger
Wiesmann
Wiesner
Wiesneth
Wiest
Wietoska
Wigge
Wijlock
Wilberg
Wilbich
Wilbrand
Wild
Wildfeuer
Wildgruber
Wilharm
Wilhelm
Wilhelmi
Wilhelmy
Wilke
Wilkens
Wilkesmann
Wilking
Will
Will-doering
Willaredt
Willars
Wille
Willemeit
Willers
Williamson
Willmann
Willmanns
Wilmanowski
Wilmart
Wilmes
Wilms
Wilmsmann
Wilmsmeier
Wilting
Wimberger
Wimmer
Windauer
Windeisen
Windholz
Windhorst
Wingert
Winkeler
Winkelkotte
Winkelstraeter
Winkler
Winter
Wintergerst
Wintle
Winzer
Winzig
Wioper
Wirbals
Wirkus
Wirschinger
Wirsz
Wirth
Wirthensohn
Wirtz
Wischer
Wischmann
Wischnewski
Wissel
Wisserodt
Wissmann
Wit
Witt
Witte
Wittemann
Wittenberg
Wittenstein
Witting
Wittke
Wittmann
Wittner
Witzleben von
Wloszkiewicz
Wnuk
Wobig
Wode
Wodtke
Woegerbauer
Woehrl
Woelfel
Woelfer
Woelfle
Woellner
Woelz
Woerdehoff
Woerdings
Wognar
Wohlau
Wohlfahrt
Wojtkow
Wolf
Wolfbeisz
Wolferts
Wolff
Wolfgramm
Wolke
Wolkeman
Wolkowski
Wollenberg
Wollner
Wolter
Woltering
Wolters
Wombacher
Wommelsdorf
Wongyp
Wonneberger
Worofsky
Wortmann
Wottawa
Wpkarst
Wrage
Wschroeder
Wse
Wueller
Wuenkhaus
Wuensch
Wuepper
Wuerdinger
Wuerl
Wuest
Wueste-ullrich
Wuestemann
Wuesten
Wujesch
Wukovits
Wulf
Wulff
Wullenweber
Wunsch
Wurm
Wurst
Wurzer
Wuschech
Wustmann
Wuttke
Wuwer
Wuytack
Wypyrsczyk
Wyrembak
Wystup
Xepapadakos
Yamann
Yazici
Yee
Yersel
Young
Ypersiel
Zabel
Zacharias
Zacher
Zackel
Zaech
Zaehler
Zagel
Zaiczek
Zaki
Zander
Zang
Zangerl
Zankel
Zanker
Zapatka
Zaplinski
Zarse
Zastrow
Zawadzki
Zebala
Zech
Zechmeister
Zedelmeier
Zedlitz
Zeggelaar
Zeh
Zehentbauer
Zehner
Zeidler
Zeiher
Zeissig
Zeitler
Zeitraeg
Zell
Zellekens
Zeller
Zellermann
Zellner
Zelman
Zels
Zemann
Zempel
Zengel
Zengerle
Zenkl
Zerbian
Zerweck
Zettl
Zetzmann
Zeuner
Ziegler
Ziegler-jahn
Ziel
Zielke
Zillich
Zillner
Zilz
Zimbo
Zimmek
Zimmer
Zimmerer
Zimmermann
Zimmiak
Zink
Zinkann
Zinn
Zins
Zinsmeister
Zintl
Zirk
Zirpner
Zitzelsberger
Zitzlsperger
Zivkovic
Zizler
Zluhan
Zobe
Zobel
Zoeller
Zoellner
Zoern
Zoglmeier
Zscheile
Zschiesche
Zschoche
Zsido
Zuber
Zuechner
Zuehlsdorf
Zuendorf
Zufall
Zwalina
Zwan
Zwicker
Zylla